Archive member included to satisfy reference by file (symbol)

e:/01.workspace/02.mcu/05.nokey_ch573/vehicleKey/StdPeriphDriver\libISP573.a(ISP573.o)
                              ./StdPeriphDriver/CH57x_flash.o (FLASH_EEPROM_CMD)
E:\01.workspace\02.mcu\05.nokey_ch573\LIB\libCH57xBLE.a(message.o)
                              ./Profile/hiddev.o (tmos_msg_deallocate)
E:\01.workspace\02.mcu\05.nokey_ch573\LIB\libCH57xBLE.a(tmos.o)
                              ./Profile/battservice.o (tmos_memcpy)
E:\01.workspace\02.mcu\05.nokey_ch573\LIB\libCH57xBLE.a(tmos_hw.o)
                              E:\01.workspace\02.mcu\05.nokey_ch573\LIB\libCH57xBLE.a(tmos.o) (RTC_Get32KClock)
E:\01.workspace\02.mcu\05.nokey_ch573\LIB\libCH57xBLE.a(tmos_snv.o)
                              E:\01.workspace\02.mcu\05.nokey_ch573\LIB\libCH57xBLE.a(tmos.o) (tmos_snv_init)
E:\01.workspace\02.mcu\05.nokey_ch573\LIB\libCH57xBLE.a(gap.o)
                              ./Profile/hiddev.o (GAP_SetParamValue)
E:\01.workspace\02.mcu\05.nokey_ch573\LIB\libCH57xBLE.a(gap_central.o)
                              E:\01.workspace\02.mcu\05.nokey_ch573\LIB\libCH57xBLE.a(gap.o) (GAP_CentralParamInit)
E:\01.workspace\02.mcu\05.nokey_ch573\LIB\libCH57xBLE.a(gap_peripheral.o)
                              E:\01.workspace\02.mcu\05.nokey_ch573\LIB\libCH57xBLE.a(gap.o) (GAP_PeripheralParamInit)
E:\01.workspace\02.mcu\05.nokey_ch573\LIB\libCH57xBLE.a(gapgattserver.o)
                              ./APP/hidconsumer.o (GGS_SetParameter)
E:\01.workspace\02.mcu\05.nokey_ch573\LIB\libCH57xBLE.a(gatt.o)
                              ./Profile/battservice.o (GATT_bm_alloc)
E:\01.workspace\02.mcu\05.nokey_ch573\LIB\libCH57xBLE.a(gatt_uuid.o)
                              ./Profile/battservice.o (reportRefUUID)
E:\01.workspace\02.mcu\05.nokey_ch573\LIB\libCH57xBLE.a(gattclientapp.o)
                              E:\01.workspace\02.mcu\05.nokey_ch573\LIB\libCH57xBLE.a(gatt.o) (gattGetClientStatus)
E:\01.workspace\02.mcu\05.nokey_ch573\LIB\libCH57xBLE.a(gattservapp.o)
                              ./Profile/battservice.o (GATTServApp_ReadCharCfg)
E:\01.workspace\02.mcu\05.nokey_ch573\LIB\libCH57xBLE.a(l2cap.o)
                              E:\01.workspace\02.mcu\05.nokey_ch573\LIB\libCH57xBLE.a(gatt.o) (L2CAP_GetMTU)
E:\01.workspace\02.mcu\05.nokey_ch573\LIB\libCH57xBLE.a(l2cap_input.o)
                              E:\01.workspace\02.mcu\05.nokey_ch573\LIB\libCH57xBLE.a(l2cap.o) (l2capProcessRxData)
E:\01.workspace\02.mcu\05.nokey_ch573\LIB\libCH57xBLE.a(l2cap_output.o)
                              E:\01.workspace\02.mcu\05.nokey_ch573\LIB\libCH57xBLE.a(l2cap_input.o) (l2capNotifyData)
E:\01.workspace\02.mcu\05.nokey_ch573\LIB\libCH57xBLE.a(l2cap_sdu.o)
                              E:\01.workspace\02.mcu\05.nokey_ch573\LIB\libCH57xBLE.a(l2cap_input.o) (l2capBuildDisconnectRsp)
E:\01.workspace\02.mcu\05.nokey_ch573\LIB\libCH57xBLE.a(linkdb.o)
                              E:\01.workspace\02.mcu\05.nokey_ch573\LIB\libCH57xBLE.a(l2cap.o) (linkDB_Init)
E:\01.workspace\02.mcu\05.nokey_ch573\LIB\libCH57xBLE.a(sm.o)
                              E:\01.workspace\02.mcu\05.nokey_ch573\LIB\libCH57xBLE.a(gap.o) (smStartEncryption)
E:\01.workspace\02.mcu\05.nokey_ch573\LIB\libCH57xBLE.a(host_input.o)
                              E:\01.workspace\02.mcu\05.nokey_ch573\LIB\libCH57xBLE.a(gap.o) (gBleHostPara)
E:\01.workspace\02.mcu\05.nokey_ch573\LIB\libCH57xBLE.a(host_output.o)
                              E:\01.workspace\02.mcu\05.nokey_ch573\LIB\libCH57xBLE.a(gap.o) (HCI_DisconnectCmd)
E:\01.workspace\02.mcu\05.nokey_ch573\LIB\libCH57xBLE.a(ll_connect.o)
                              E:\01.workspace\02.mcu\05.nokey_ch573\LIB\libCH57xBLE.a(tmos.o) (LL_GetNextConnectEventTime)
E:\01.workspace\02.mcu\05.nokey_ch573\LIB\libCH57xBLE.a(ll_core.o)
                              E:\01.workspace\02.mcu\05.nokey_ch573\LIB\libCH57xBLE.a(ll_connect.o) (LL_CoreGetCore)
E:\01.workspace\02.mcu\05.nokey_ch573\LIB\libCH57xBLE.a(ll_hop.o)
                              E:\01.workspace\02.mcu\05.nokey_ch573\LIB\libCH57xBLE.a(ll_connect.o) (LL_HopGetChannel)
E:\01.workspace\02.mcu\05.nokey_ch573\LIB\libCH57xBLE.a(ll_master.o)
                              E:\01.workspace\02.mcu\05.nokey_ch573\LIB\libCH57xBLE.a(gap_central.o) (LL_SetDataSendPriority)
E:\01.workspace\02.mcu\05.nokey_ch573\LIB\libCH57xBLE.a(ll_pdu.o)
                              E:\01.workspace\02.mcu\05.nokey_ch573\LIB\libCH57xBLE.a(ll_master.o) (LL_ConnectionUpdateReq)
E:\01.workspace\02.mcu\05.nokey_ch573\LIB\libCH57xBLE.a(ll_report.o)
                              E:\01.workspace\02.mcu\05.nokey_ch573\LIB\libCH57xBLE.a(ll_connect.o) (LL_ReportGenerateEvent)
E:\01.workspace\02.mcu\05.nokey_ch573\LIB\libCH57xBLE.a(ll_scan.o)
                              E:\01.workspace\02.mcu\05.nokey_ch573\LIB\libCH57xBLE.a(ll_master.o) (LL_ScanEnable)
[...]
Memory Configuration

Name             Origin             Length             Attributes
FLASH            0x0000000000000000 0x0000000000070000 xr
RAM              0x0000000020003800 0x0000000000004800 xrw
*default*        0x0000000000000000 0xffffffffffffffff

Linker script and memory map

LOAD ./thrLib/FlexibleButton-latest/flexible_button.o
LOAD ./StdPeriphDriver/CH57x_adc.o
LOAD ./StdPeriphDriver/CH57x_clk.o
LOAD ./StdPeriphDriver/CH57x_flash.o
LOAD ./StdPeriphDriver/CH57x_gpio.o
LOAD ./StdPeriphDriver/CH57x_pwm.o
LOAD ./StdPeriphDriver/CH57x_pwr.o
LOAD ./StdPeriphDriver/CH57x_sys.o
LOAD ./StdPeriphDriver/CH57x_timer1.o
LOAD ./StdPeriphDriver/CH57x_uart0.o
LOAD ./StdPeriphDriver/CH57x_uart1.o
LOAD ./Startup/startup_CH573.o
LOAD ./RVMSIS/core_riscv.o
LOAD ./Profile/battservice.o
LOAD ./Profile/devinfoservice.o
LOAD ./Profile/hidconsumerservice.o
LOAD ./Profile/hiddev.o
LOAD ./Profile/scanparamservice.o
LOAD ./HAL/CKEY.o
LOAD ./HAL/KEY.o
LOAD ./HAL/LED.o
LOAD ./HAL/MCU.o
LOAD ./HAL/RTC.o
LOAD ./HAL/SLEEP.o
LOAD ./APP/hidconsumer.o
LOAD ./APP/hidconsumer_main.o
LOAD ./APP/keyUser.o
LOAD ./APP/ledControl.o
LOAD ./APP/vehicleControl.o
LOAD e:/01.workspace/02.mcu/05.nokey_ch573/vehicleKey/StdPeriphDriver\libISP573.a
LOAD E:\01.workspace\02.mcu\05.nokey_ch573\LIB\libCH57xBLE.a
LOAD c:/mounriverstudio/mounriver_studio2/resources/app/resources/win32/components/wch/toolchain/risc-v embedded gcc/bin/../lib/gcc/riscv-none-embed/8.2.0/rv32imac/ilp32\libgcc.a
LOAD c:/mounriverstudio/mounriver_studio2/resources/app/resources/win32/components/wch/toolchain/risc-v embedded gcc/bin/../lib/gcc/riscv-none-embed/8.2.0/../../../../riscv-none-embed/lib/rv32imac/ilp32\libg_nano.a
LOAD c:/mounriverstudio/mounriver_studio2/resources/app/resources/win32/components/wch/toolchain/risc-v embedded gcc/bin/../lib/gcc/riscv-none-embed/8.2.0/../../../../riscv-none-embed/lib/rv32imac/ilp32\libc_nano.a
LOAD c:/mounriverstudio/mounriver_studio2/resources/app/resources/win32/components/wch/toolchain/risc-v embedded gcc/bin/../lib/gcc/riscv-none-embed/8.2.0/rv32imac/ilp32\libgcc.a
START GROUP
LOAD c:/mounriverstudio/mounriver_studio2/resources/app/resources/win32/components/wch/toolchain/risc-v embedded gcc/bin/../lib/gcc/riscv-none-embed/8.2.0/rv32imac/ilp32\libgcc.a
LOAD c:/mounriverstudio/mounriver_studio2/resources/app/resources/win32/components/wch/toolchain/risc-v embedded gcc/bin/../lib/gcc/riscv-none-embed/8.2.0/../../../../riscv-none-embed/lib/rv32imac/ilp32\libc_nano.a
LOAD c:/mounriverstudio/mounriver_studio2/resources/app/resources/win32/components/wch/toolchain/risc-v embedded gcc/bin/../lib/gcc/riscv-none-embed/8.2.0/../../../../riscv-none-embed/lib/rv32imac/ilp32\libnosys.a
END GROUP
START GROUP
LOAD c:/mounriverstudio/mounriver_studio2/resources/app/resources/win32/components/wch/toolchain/risc-v embedded gcc/bin/../lib/gcc/riscv-none-embed/8.2.0/rv32imac/ilp32\libgcc.a
LOAD c:/mounriverstudio/mounriver_studio2/resources/app/resources/win32/components/wch/toolchain/risc-v embedded gcc/bin/../lib/gcc/riscv-none-embed/8.2.0/../../../../riscv-none-embed/lib/rv32imac/ilp32\libc_nano.a
LOAD c:/mounriverstudio/mounriver_studio2/resources/app/resources/win32/components/wch/toolchain/risc-v embedded gcc/bin/../lib/gcc/riscv-none-embed/8.2.0/../../../../riscv-none-embed/lib/rv32imac/ilp32\libnosys.a
END GROUP
                0x0000000000000200                __stack_size = 0x200
                [!provide]                        PROVIDE (_stack_size = __stack_size)

.init           0x0000000000000000        0x4
                0x0000000000000000                _sinit = .
                0x0000000000000000                . = ALIGN (0x4)
 *(SORT_NONE(.init))
 .init          0x0000000000000000        0x4 ./Startup/startup_CH573.o
                0x0000000000000000                _start
                0x0000000000000004                . = ALIGN (0x4)
                0x0000000000000004                _einit = .

.highcodelalign
                0x0000000000000004        0x0
                0x0000000000000004                . = ALIGN (0x4)
                0x0000000000000004                PROVIDE (_highcode_lma = .)

.highcode       0x0000000020003800     0x14d4 load address 0x0000000000000004
                0x0000000020003800                . = ALIGN (0x4)
                0x0000000020003800                PROVIDE (_highcode_vma_start = .)
 *(.vector)
 .vector        0x0000000020003800       0x90 ./Startup/startup_CH573.o
 *(SORT_NONE(.vector_handler))
 .vector_handler
                0x0000000020003890       0x2c ./Startup/startup_CH573.o
                0x0000000020003890                NMI_Handler
                0x0000000020003894                SysTick_Handler
                0x0000000020003896                SW_Handler
                0x0000000020003898                TMR0_IRQHandler
                0x000000002000389a                GPIOA_IRQHandler
                0x000000002000389c                GPIOB_IRQHandler
                0x000000002000389e                SPI0_IRQHandler
                0x00000000200038a0                BB_IRQHandler
                0x00000000200038a2                LLE_IRQHandler
                0x00000000200038a4                USB_IRQHandler
                0x00000000200038a6                TMR1_IRQHandler
                0x00000000200038a8                TMR2_IRQHandler
                0x00000000200038aa                UART0_IRQHandler
                0x00000000200038ac                UART1_IRQHandler
                0x00000000200038b0                ADC_IRQHandler
                0x00000000200038b2                PWMX_IRQHandler
                0x00000000200038b4                TMR3_IRQHandler
                0x00000000200038b6                UART2_IRQHandler
                0x00000000200038b8                UART3_IRQHandler
                0x00000000200038ba                WDOG_BAT_IRQHandler
 *(.highcode)
 .highcode      0x00000000200038bc       0x4e ./StdPeriphDriver/CH57x_clk.o
                0x00000000200038bc                Get_Calibration_Cnt_RAM
 .highcode      0x000000002000390a      0x2f0 ./StdPeriphDriver/CH57x_pwr.o
                0x000000002000390a                LowPower_Idle
                0x0000000020003948                LowPower_Halt
                0x0000000020003a14                LowPower_Sleep
                0x0000000020003b1c                LowPower_Shutdown
 .highcode      0x0000000020003bfa      0x1d0 ./StdPeriphDriver/CH57x_sys.o
                0x0000000020003bfa                SetSysClock
                0x0000000020003d12                SYS_ResetExecute
                0x0000000020003d4e                HardFault_Handler
                0x0000000020003d94                mDelayuS
                0x0000000020003da2                mDelaymS
 .highcode      0x0000000020003dca       0x16 ./HAL/RTC.o
                0x0000000020003dca                RTC_IRQHandler
 .highcode      0x0000000020003de0       0x2a ./APP/hidconsumer_main.o
                0x0000000020003de0                Main_Circulation
 .highcode      0x0000000020003e0a      0x3fa e:/01.workspace/02.mcu/05.nokey_ch573/vehicleKey/StdPeriphDriver\libISP573.a(ISP573.o)
                0x0000000020003e0a                FLASH_ROM_BEG
                0x0000000020003e1a                FLASH_ROM_END
                0x0000000020003e28                FLASH_ROM_IN
                0x0000000020003e36                FLASH_ROM_OUT
                0x0000000020003e44                FLASH_ROM_ADDR
                0x0000000020003e8c                FLASH_ROM_WAIT
                0x0000000020003ec4                FLASH_EEPROM_CMD
 .highcode      0x0000000020004204      0x230 E:\01.workspace\02.mcu\05.nokey_ch573\LIB\libCH57xBLE.a(tmos.o)
                0x0000000020004220                tmos_memcpy
                0x0000000020004240                tmos_memcpy_word
                0x000000002000425c                TMOS_SystemProcess
 .highcode      0x0000000020004434       0xc2 E:\01.workspace\02.mcu\05.nokey_ch573\LIB\libCH57xBLE.a(tmos_hw.o)
                0x0000000020004434                BLE_GetHSEClock
                0x0000000020004472                RTC_Get32KClock
                0x000000002000448a                SYS_GetTickCount
 .highcode      0x00000000200044f6      0x138 E:\01.workspace\02.mcu\05.nokey_ch573\LIB\libCH57xBLE.a(ll_connect.o)
                0x00000000200044f6                ll_connect_process_data
                0x0000000020004544                ll_connect_event_continue
 .highcode      0x000000002000462e      0x1c4 E:\01.workspace\02.mcu\05.nokey_ch573\LIB\libCH57xBLE.a(bb.o)
                0x000000002000462e                BB_IRQLibHandler
                0x00000000200047a8                BB_IRQLibFunction
 .highcode      0x00000000200047f2      0x156 E:\01.workspace\02.mcu\05.nokey_ch573\LIB\libCH57xBLE.a(ip.o)
                0x00000000200047f2                ll_tx_wait_finish
                0x000000002000481e                ll_tx_wait_tx_dma_finish
                0x0000000020004858                ll_rx_wait_finish
                0x000000002000488e                ll_rx_wait_tx_dma_finish
                0x00000000200048be                ble_ll_chkcrc
 .highcode      0x0000000020004948      0x1a4 E:\01.workspace\02.mcu\05.nokey_ch573\LIB\libCH57xBLE.a(lle.o)
                0x0000000020004948                LLE_IRQLibHandler
                0x0000000020004aa2                LLE_IRQLibFunction
 .highcode      0x0000000020004aec       0x82 E:\01.workspace\02.mcu\05.nokey_ch573\LIB\libCH57xBLE.a(rf_fh.o)
                0x0000000020004aec                RF_HopGetChannel
 .highcode      0x0000000020004b6e       0x2c E:\01.workspace\02.mcu\05.nokey_ch573\LIB\libCH57xBLE.a(rfend.o)
                0x0000000020004b6e                RFEND_WaitTune
 .highcode      0x0000000020004b9a      0x13a E:\01.workspace\02.mcu\05.nokey_ch573\LIB\libCH57xBLE.a(memory.o)
                0x0000000020004b9a                tmos_memory_allocate
                0x0000000020004c34                tmos_memory_free
 *(.highcode.*)
                0x0000000020004cd4                . = ALIGN (0x4)
 *fill*         0x0000000020004cd4        0x0 
                0x0000000020004cd4                PROVIDE (_highcode_vma_end = .)

.text           0x00000000000014d8    0x1f628
                0x00000000000014d8                . = ALIGN (0x4)
 *(SORT_NONE(.handle_reset))
 .handle_reset  0x00000000000014d8       0xa2 ./Startup/startup_CH573.o
                0x00000000000014d8                handle_reset
 *(.text)
 .text          0x000000000000157a       0xa8 c:/mounriverstudio/mounriver_studio2/resources/app/resources/win32/components/wch/toolchain/risc-v embedded gcc/bin/../lib/gcc/riscv-none-embed/8.2.0/../../../../riscv-none-embed/lib/rv32imac/ilp32\libg_nano.a(lib_a-memset.o)
                0x000000000000157a                memset
 *(.text.*)
 .text.flex_button_register
                0x0000000000001622       0x6a ./thrLib/FlexibleButton-latest/flexible_button.o
                0x0000000000001622                flex_button_register
 .text.flex_button_scan
                0x000000000000168c      0x284 ./thrLib/FlexibleButton-latest/flexible_button.o
                0x000000000000168c                flex_button_scan
 .text.ADC_InterTSSampInit
                0x0000000000001910       0x28 ./StdPeriphDriver/CH57x_adc.o
                0x0000000000001910                ADC_InterTSSampInit
 .text.HSECFG_Current
                0x0000000000001938       0x2e ./StdPeriphDriver/CH57x_clk.o
                0x0000000000001938                HSECFG_Current
 .text.Calibration_LSI_FLASH
                0x0000000000001966      0x290 ./StdPeriphDriver/CH57x_clk.o
                0x0000000000001966                Calibration_LSI_FLASH
 .text.Calibration_LSI_RAM
                0x0000000000001bf6      0x246 ./StdPeriphDriver/CH57x_clk.o
                0x0000000000001bf6                Calibration_LSI_RAM
 .text.RTC_InitTime
                0x0000000000001e3c      0x138 ./StdPeriphDriver/CH57x_clk.o
                0x0000000000001e3c                RTC_InitTime
 .text.RTC_GetCycle32k
                0x0000000000001f74       0x18 ./StdPeriphDriver/CH57x_clk.o
                0x0000000000001f74                RTC_GetCycle32k
 .text.GPIOA_ModeCfg
                0x0000000000001f8c       0xa6 ./StdPeriphDriver/CH57x_gpio.o
                0x0000000000001f8c                GPIOA_ModeCfg
 .text.GPIOB_ModeCfg
                0x0000000000002032       0xa6 ./StdPeriphDriver/CH57x_gpio.o
                0x0000000000002032                GPIOB_ModeCfg
 .text.PWMX_ACTOUT
                0x00000000000020d8       0x5e ./StdPeriphDriver/CH57x_pwm.o
                0x00000000000020d8                PWMX_ACTOUT
 .text.PWR_DCDCCfg
                0x0000000000002136       0x84 ./StdPeriphDriver/CH57x_pwr.o
                0x0000000000002136                PWR_DCDCCfg
 .text.GetSysClock
                0x00000000000021ba       0x42 ./StdPeriphDriver/CH57x_sys.o
                0x00000000000021ba                GetSysClock
 .text.SYS_DisableAllIrq
                0x00000000000021fc       0x20 ./StdPeriphDriver/CH57x_sys.o
                0x00000000000021fc                SYS_DisableAllIrq
 .text.SYS_RecoverIrq
                0x000000000000221c       0x14 ./StdPeriphDriver/CH57x_sys.o
                0x000000000000221c                SYS_RecoverIrq
 .text.SYS_GetSysTickCnt
                0x0000000000002230        0xa ./StdPeriphDriver/CH57x_sys.o
                0x0000000000002230                SYS_GetSysTickCnt
 .text._write   0x000000000000223a       0x28 ./StdPeriphDriver/CH57x_sys.o
                0x000000000000223a                _write
 .text._sbrk    0x0000000000002262       0x34 ./StdPeriphDriver/CH57x_sys.o
                0x0000000000002262                _sbrk
 .text.TMR1_PWMInit
                0x0000000000002296       0x18 ./StdPeriphDriver/CH57x_timer1.o
                0x0000000000002296                TMR1_PWMInit
 .text.UART1_BaudRateCfg
                0x00000000000022ae       0x30 ./StdPeriphDriver/CH57x_uart1.o
                0x00000000000022ae                UART1_BaudRateCfg
 .text.UART1_DefInit
                0x00000000000022de       0x32 ./StdPeriphDriver/CH57x_uart1.o
                0x00000000000022de                UART1_DefInit
 .text.battMeasure
                0x0000000000002310       0x78 ./Profile/battservice.o
 .text.battWriteAttrCB
                0x0000000000002388       0x5e ./Profile/battservice.o
 .text.battReadAttrCB
                0x00000000000023e6       0x72 ./Profile/battservice.o
 .text.battNotifyCB
                0x0000000000002458       0x72 ./Profile/battservice.o
 .text.Batt_AddService
                0x00000000000024ca       0x2c ./Profile/battservice.o
                0x00000000000024ca                Batt_AddService
 .text.Batt_Register
                0x00000000000024f6        0x6 ./Profile/battservice.o
                0x00000000000024f6                Batt_Register
 .text.Batt_SetParameter
                0x00000000000024fc       0x36 ./Profile/battservice.o
                0x00000000000024fc                Batt_SetParameter
 .text.Batt_GetParameter
                0x0000000000002532       0x66 ./Profile/battservice.o
                0x0000000000002532                Batt_GetParameter
 .text.Batt_MeasLevel
                0x0000000000002598       0x26 ./Profile/battservice.o
                0x0000000000002598                Batt_MeasLevel
 .text.Batt_HandleConnStatusCB
                0x00000000000025be       0x3e ./Profile/battservice.o
                0x00000000000025be                Batt_HandleConnStatusCB
 .text.devInfo_ReadAttrCB
                0x00000000000025fc      0x196 ./Profile/devinfoservice.o
 .text.DevInfo_AddService
                0x0000000000002792       0x18 ./Profile/devinfoservice.o
                0x0000000000002792                DevInfo_AddService
 .text.Hid_AddService
                0x00000000000027aa       0x96 ./Profile/hidconsumerservice.o
                0x00000000000027aa                Hid_AddService
 .text.Hid_SetParameter
                0x0000000000002840       0x28 ./Profile/hidconsumerservice.o
                0x0000000000002840                Hid_SetParameter
 .text.Hid_GetParameter
                0x0000000000002868       0x28 ./Profile/hidconsumerservice.o
                0x0000000000002868                Hid_GetParameter
 .text.hidDevScanParamCB
                0x0000000000002890        0x2 ./Profile/hiddev.o
 .text.hidDevRptByHandle
                0x0000000000002892       0x30 ./Profile/hiddev.o
 .text.hidDevParamUpdateCB
                0x00000000000028c2       0x12 ./Profile/hiddev.o
 .text.hidDevInitialAdvertising
                0x00000000000028d4       0x3c ./Profile/hiddev.o
 .text.hidDevBattCB
                0x0000000000002910       0x28 ./Profile/hiddev.o
 .text.hidDevPairStateCB
                0x0000000000002938       0x26 ./Profile/hiddev.o
 .text.hidDevPasscodeCB
                0x000000000000295e       0x34 ./Profile/hiddev.o
 .text.HidDev_ProcessEvent
                0x0000000000002992       0x6c ./Profile/hiddev.o
                0x0000000000002992                HidDev_ProcessEvent
 .text.hidDevGapStateCB
                0x00000000000029fe      0x122 ./Profile/hiddev.o
 .text.HidDev_Init
                0x0000000000002b20       0x6a ./Profile/hiddev.o
                0x0000000000002b20                HidDev_Init
 .text.HidDev_Register
                0x0000000000002b8a        0xa ./Profile/hiddev.o
                0x0000000000002b8a                HidDev_Register
 .text.HidDev_RegisterReports
                0x0000000000002b94        0xa ./Profile/hiddev.o
                0x0000000000002b94                HidDev_RegisterReports
 .text.HidDev_ReadAttrCB
                0x0000000000002b9e      0x104 ./Profile/hiddev.o
                0x0000000000002b9e                HidDev_ReadAttrCB
 .text.HidDev_WriteAttrCB
                0x0000000000002ca2      0x146 ./Profile/hiddev.o
                0x0000000000002ca2                HidDev_WriteAttrCB
 .text.scanParamReadAttrCB
                0x0000000000002de8        0x4 ./Profile/scanparamservice.o
 .text.scanParamWriteAttrCB
                0x0000000000002dec       0x66 ./Profile/scanparamservice.o
 .text.ScanParam_AddService
                0x0000000000002e52       0x2c ./Profile/scanparamservice.o
                0x0000000000002e52                ScanParam_AddService
 .text.ScanParam_Register
                0x0000000000002e7e        0x6 ./Profile/scanparamservice.o
                0x0000000000002e7e                ScanParam_Register
 .text.ScanParam_RefreshNotify
                0x0000000000002e84       0x5c ./Profile/scanparamservice.o
                0x0000000000002e84                ScanParam_RefreshNotify
 .text.ScanParam_HandleConnStatusCB
                0x0000000000002ee0       0x3e ./Profile/scanparamservice.o
                0x0000000000002ee0                ScanParam_HandleConnStatusCB
 .text.hal_set_on_Ckey
                0x0000000000002f1e       0x8a ./HAL/CKEY.o
                0x0000000000002f1e                hal_set_on_Ckey
 .text.hal_set_off_Ckey
                0x0000000000002fa8       0x8c ./HAL/CKEY.o
                0x0000000000002fa8                hal_set_off_Ckey
 .text.HAL_CKeyInit
                0x0000000000003034       0x6a ./HAL/CKEY.o
                0x0000000000003034                HAL_CKeyInit
 .text.hal_set_pwm_power
                0x000000000000309e       0xec ./HAL/CKEY.o
                0x000000000000309e                hal_set_pwm_power
 .text.HAL_setVehicleKeyPowerCtl
                0x000000000000318a       0x6c ./HAL/CKEY.o
                0x000000000000318a                HAL_setVehicleKeyPowerCtl
 .text.HAL_setVehicleKeyLock
                0x00000000000031f6       0x3e ./HAL/CKEY.o
                0x00000000000031f6                HAL_setVehicleKeyLock
 .text.HAL_CKeyPoll
                0x0000000000003234        0x2 ./HAL/CKEY.o
                0x0000000000003234                HAL_CKeyPoll
 .text.initPwmControl
                0x0000000000003236       0x56 ./HAL/CKEY.o
                0x0000000000003236                initPwmControl
 .text.Hal_CKeyConfig
                0x000000000000328c       0x18 ./HAL/CKEY.o
                0x000000000000328c                Hal_CKeyConfig
 .text.HAL_KeyInit
                0x00000000000032a4       0x24 ./HAL/KEY.o
                0x00000000000032a4                HAL_KeyInit
 .text.HalKeyConfig
                0x00000000000032c8       0x12 ./HAL/KEY.o
                0x00000000000032c8                HalKeyConfig
 .text.HAL_KeyPoll
                0x00000000000032da       0x12 ./HAL/KEY.o
                0x00000000000032da                HAL_KeyPoll
 .text.HAL_LedInit
                0x00000000000032ec       0x30 ./HAL/LED.o
                0x00000000000032ec                HAL_LedInit
 .text.HalLedOnOff
                0x000000000000331c       0xc8 ./HAL/LED.o
                0x000000000000331c                HalLedOnOff
 .text.HalLedSet.part.0
                0x00000000000033e4       0x56 ./HAL/LED.o
 .text.HalLedBlink
                0x000000000000343a       0xd4 ./HAL/LED.o
                0x000000000000343a                HalLedBlink
 .text.HalLedSet
                0x000000000000350e       0x44 ./HAL/LED.o
                0x000000000000350e                HalLedSet
 .text.HalLedUpdate
                0x0000000000003552      0x16c ./HAL/LED.o
                0x0000000000003552                HalLedUpdate
 .text.Lib_Calibration_LSI
                0x00000000000036be       0x30 ./HAL/MCU.o
                0x00000000000036be                Lib_Calibration_LSI
 .text.Lib_Read_Flash
                0x00000000000036ee       0x1c ./HAL/MCU.o
                0x00000000000036ee                Lib_Read_Flash
 .text.Lib_Write_Flash
                0x000000000000370a       0x40 ./HAL/MCU.o
                0x000000000000370a                Lib_Write_Flash
 .text.HAL_GetInterTempValue
                0x000000000000374a       0x72 ./HAL/MCU.o
                0x000000000000374a                HAL_GetInterTempValue
 .text.HAL_ProcessEvent
                0x00000000000037bc       0xbc ./HAL/MCU.o
                0x00000000000037bc                HAL_ProcessEvent
 .text.CH57X_BLEInit
                0x0000000000003878      0x116 ./HAL/MCU.o
                0x0000000000003878                CH57X_BLEInit
 .text.HAL_Init
                0x000000000000398e       0x42 ./HAL/MCU.o
                0x000000000000398e                HAL_Init
 .text.RTC_SetTignTime
                0x00000000000039d0       0x24 ./HAL/RTC.o
                0x00000000000039d0                RTC_SetTignTime
 .text.HAL_TimeInit
                0x00000000000039f4       0x66 ./HAL/RTC.o
                0x00000000000039f4                HAL_TimeInit
 .text.CH57X_LowPower
                0x0000000000003a5a       0xa6 ./HAL/SLEEP.o
                0x0000000000003a5a                CH57X_LowPower
 .text.HAL_SleepInit
                0x0000000000003b00       0x4e ./HAL/SLEEP.o
                0x0000000000003b00                HAL_SleepInit
 .text.hidEmuEvtCB
                0x0000000000003b4e        0x2 ./APP/hidconsumer.o
 .text.hidEmuRptCB
                0x0000000000003b50       0x3e ./APP/hidconsumer.o
 .text.HidEmu_ProcessEvent
                0x0000000000003b8e       0xa4 ./APP/hidconsumer.o
                0x0000000000003b8e                HidEmu_ProcessEvent
 .text.hidEmuStateCB
                0x0000000000003c32      0x21c ./APP/hidconsumer.o
 .text.HidEmu_Init
                0x0000000000003e4e       0xf6 ./APP/hidconsumer.o
                0x0000000000003e4e                HidEmu_Init
 .text.flashResetMasterMac
                0x0000000000003f44       0x2c ./APP/hidconsumer.o
                0x0000000000003f44                flashResetMasterMac
 .text.saveModeFlash
                0x0000000000003f70       0x6e ./APP/hidconsumer.o
                0x0000000000003f70                saveModeFlash
 .text.getDistacnceMode
                0x0000000000003fde       0x32 ./APP/hidconsumer.o
                0x0000000000003fde                getDistacnceMode
 .text.startup.main
                0x0000000000004010       0x6a ./APP/hidconsumer_main.o
                0x0000000000004010                main
 .text.halKeyCBack
                0x000000000000407a        0x4 ./APP/keyUser.o
 .text.common_btn_evt_cb
                0x000000000000407e      0x108 ./APP/keyUser.o
 .text.common_btn_read
                0x0000000000004186       0x44 ./APP/keyUser.o
 .text.initKeyUser
                0x00000000000041ca       0xd4 ./APP/keyUser.o
                0x00000000000041ca                initKeyUser
 .text.setThreeLed
                0x000000000000429e       0x4c ./APP/ledControl.o
                0x000000000000429e                setThreeLed
 .text.status_connected
                0x00000000000042ea       0x12 ./APP/ledControl.o
                0x00000000000042ea                status_connected
 .text.status_disconnct
                0x00000000000042fc       0x12 ./APP/ledControl.o
                0x00000000000042fc                status_disconnct
 .text.status_unlock
                0x000000000000430e        0x8 ./APP/ledControl.o
                0x000000000000430e                status_unlock
 .text.status_user_keep
                0x0000000000004316       0x12 ./APP/ledControl.o
                0x0000000000004316                status_user_keep
 .text.status_user_open
                0x0000000000004328       0x14 ./APP/ledControl.o
                0x0000000000004328                status_user_open
 .text.status_pair
                0x000000000000433c       0x12 ./APP/ledControl.o
                0x000000000000433c                status_pair
 .text.status_no_pair
                0x000000000000434e       0x12 ./APP/ledControl.o
                0x000000000000434e                status_no_pair
 .text.status_user_close
                0x0000000000004360       0x14 ./APP/ledControl.o
                0x0000000000004360                status_user_close
 .text.status_error
                0x0000000000004374        0x8 ./APP/ledControl.o
                0x0000000000004374                status_error
 .text.status_sleep
                0x000000000000437c        0x8 ./APP/ledControl.o
                0x000000000000437c                status_sleep
 .text.setVehicleLedStatusWork
                0x0000000000004384       0xc2 ./APP/ledControl.o
                0x0000000000004384                setVehicleLedStatusWork
 .text.bleDistanceModeControl
                0x0000000000004446       0x32 ./APP/vehicleControl.o
                0x0000000000004446                bleDistanceModeControl
 .text.setBleConenctStatus
                0x0000000000004478        0x6 ./APP/vehicleControl.o
                0x0000000000004478                setBleConenctStatus
 .text.hidRssiCB
                0x000000000000447e       0x26 ./APP/vehicleControl.o
                0x000000000000447e                hidRssiCB
 .text.setBleKeyStatus
                0x00000000000044a4       0x88 ./APP/vehicleControl.o
                0x00000000000044a4                setBleKeyStatus
 .text.loopVehicleControl
                0x000000000000452c      0x168 ./APP/vehicleControl.o
                0x000000000000452c                loopVehicleControl
 .text.initVehicleControl
                0x0000000000004694       0x24 ./APP/vehicleControl.o
                0x0000000000004694                initVehicleControl
 .text.tmos_msg_enqueue
                0x00000000000046b8       0x1e E:\01.workspace\02.mcu\05.nokey_ch573\LIB\libCH57xBLE.a(message.o)
                0x00000000000046b8                tmos_msg_enqueue
 .text.tmos_msg_deallocate
                0x00000000000046d6       0x2c E:\01.workspace\02.mcu\05.nokey_ch573\LIB\libCH57xBLE.a(message.o)
                0x00000000000046d6                tmos_msg_deallocate
 .text.tmos_msg_allocate
                0x0000000000004702       0x3e E:\01.workspace\02.mcu\05.nokey_ch573\LIB\libCH57xBLE.a(message.o)
                0x0000000000004702                tmos_msg_allocate
 .text.tmos_msg_receive
                0x0000000000004740       0x68 E:\01.workspace\02.mcu\05.nokey_ch573\LIB\libCH57xBLE.a(message.o)
                0x0000000000004740                tmos_msg_receive
 .text.tmos_msg_send
                0x00000000000047a8       0x56 E:\01.workspace\02.mcu\05.nokey_ch573\LIB\libCH57xBLE.a(message.o)
                0x00000000000047a8                tmos_msg_send
 .text.tmos_msg_init
                0x00000000000047fe        0x6 E:\01.workspace\02.mcu\05.nokey_ch573\LIB\libCH57xBLE.a(message.o)
                0x00000000000047fe                tmos_msg_init
 .text.tmosFindTask
                0x0000000000004804       0x20 E:\01.workspace\02.mcu\05.nokey_ch573\LIB\libCH57xBLE.a(tmos.o)
 .text.TMOS_CbTimerProcessEvent
                0x0000000000004824       0x7c E:\01.workspace\02.mcu\05.nokey_ch573\LIB\libCH57xBLE.a(tmos.o)
                0x0000000000004824                TMOS_CbTimerProcessEvent
 .text.tmos_rand
                0x00000000000048a0       0x54 E:\01.workspace\02.mcu\05.nokey_ch573\LIB\libCH57xBLE.a(tmos.o)
                0x00000000000048a0                tmos_rand
 .text.tmos_query_sleep_time
                0x00000000000048f4      0x178 E:\01.workspace\02.mcu\05.nokey_ch573\LIB\libCH57xBLE.a(tmos.o)
                0x00000000000048f4                tmos_query_sleep_time
 .text.tmos_memset
                0x0000000000004a6c       0x12 E:\01.workspace\02.mcu\05.nokey_ch573\LIB\libCH57xBLE.a(tmos.o)
                0x0000000000004a6c                tmos_memset
 .text.tmos_strlen
                0x0000000000004a7e       0x14 E:\01.workspace\02.mcu\05.nokey_ch573\LIB\libCH57xBLE.a(tmos.o)
                0x0000000000004a7e                tmos_strlen
 .text.tmos_memdup
                0x0000000000004a92       0x3c E:\01.workspace\02.mcu\05.nokey_ch573\LIB\libCH57xBLE.a(tmos.o)
                0x0000000000004a92                tmos_memdup
 .text.tmos_memcmp
                0x0000000000004ace       0x24 E:\01.workspace\02.mcu\05.nokey_ch573\LIB\libCH57xBLE.a(tmos.o)
                0x0000000000004ace                tmos_memcmp
 .text.tmos_revmemcpy
                0x0000000000004af2       0x1c E:\01.workspace\02.mcu\05.nokey_ch573\LIB\libCH57xBLE.a(tmos.o)
                0x0000000000004af2                tmos_revmemcpy
 .text.tmos_isbufset
                0x0000000000004b0e       0x1e E:\01.workspace\02.mcu\05.nokey_ch573\LIB\libCH57xBLE.a(tmos.o)
                0x0000000000004b0e                tmos_isbufset
 .text.TMOS_GetSystemClock
                0x0000000000004b2c        0xc E:\01.workspace\02.mcu\05.nokey_ch573\LIB\libCH57xBLE.a(tmos.o)
                0x0000000000004b2c                TMOS_GetSystemClock
 .text.tmos_set_event
                0x0000000000004b38       0x2a E:\01.workspace\02.mcu\05.nokey_ch573\LIB\libCH57xBLE.a(tmos.o)
                0x0000000000004b38                tmos_set_event
 .text.tmos_query_system_time
                0x0000000000004b62       0xd0 E:\01.workspace\02.mcu\05.nokey_ch573\LIB\libCH57xBLE.a(tmos.o)
                0x0000000000004b62                tmos_query_system_time
 .text.tmos_clear_event
                0x0000000000004c32       0x2e E:\01.workspace\02.mcu\05.nokey_ch573\LIB\libCH57xBLE.a(tmos.o)
                0x0000000000004c32                tmos_clear_event
 .text.tmos_start_task
                0x0000000000004c60       0x90 E:\01.workspace\02.mcu\05.nokey_ch573\LIB\libCH57xBLE.a(tmos.o)
                0x0000000000004c60                tmos_start_task
 .text.tmos_start_callback_task
                0x0000000000004cf0       0xac E:\01.workspace\02.mcu\05.nokey_ch573\LIB\libCH57xBLE.a(tmos.o)
                0x0000000000004cf0                tmos_start_callback_task
 .text.tmos_start_reload_task
                0x0000000000004d9c       0x30 E:\01.workspace\02.mcu\05.nokey_ch573\LIB\libCH57xBLE.a(tmos.o)
                0x0000000000004d9c                tmos_start_reload_task
 .text.tmos_stop_task
                0x0000000000004dcc       0x42 E:\01.workspace\02.mcu\05.nokey_ch573\LIB\libCH57xBLE.a(tmos.o)
                0x0000000000004dcc                tmos_stop_task
 .text.tmos_stop_callback_task
                0x0000000000004e0e       0x5c E:\01.workspace\02.mcu\05.nokey_ch573\LIB\libCH57xBLE.a(tmos.o)
                0x0000000000004e0e                tmos_stop_callback_task
 .text.tmos_get_task_timer
                0x0000000000004e6a       0x16 E:\01.workspace\02.mcu\05.nokey_ch573\LIB\libCH57xBLE.a(tmos.o)
                0x0000000000004e6a                tmos_get_task_timer
 .text.tmos_update_callback_timer
                0x0000000000004e80       0x64 E:\01.workspace\02.mcu\05.nokey_ch573\LIB\libCH57xBLE.a(tmos.o)
                0x0000000000004e80                tmos_update_callback_timer
 .text.TMOS_Set32KTuneValue
                0x0000000000004ee4        0xa E:\01.workspace\02.mcu\05.nokey_ch573\LIB\libCH57xBLE.a(tmos.o)
                0x0000000000004ee4                TMOS_Set32KTuneValue
 .text.TMOS_TimerRegister
                0x0000000000004eee       0x1a E:\01.workspace\02.mcu\05.nokey_ch573\LIB\libCH57xBLE.a(tmos.o)
                0x0000000000004eee                TMOS_TimerRegister
 .text.TMOS_ProcessRegister
                0x0000000000004f08       0x16 E:\01.workspace\02.mcu\05.nokey_ch573\LIB\libCH57xBLE.a(tmos.o)
                0x0000000000004f08                TMOS_ProcessRegister
 .text.TMOS_Init
                0x0000000000004f1e       0xea E:\01.workspace\02.mcu\05.nokey_ch573\LIB\libCH57xBLE.a(tmos.o)
                0x0000000000004f1e                TMOS_Init
 .text.TMOS_ProcessEventRegister
                0x0000000000005008       0x38 E:\01.workspace\02.mcu\05.nokey_ch573\LIB\libCH57xBLE.a(tmos.o)
                0x0000000000005008                TMOS_ProcessEventRegister
 .text.BLE_LibInit
                0x0000000000005040      0x1ac E:\01.workspace\02.mcu\05.nokey_ch573\LIB\libCH57xBLE.a(tmos.o)
                0x0000000000005040                BLE_LibInit
 .text.ble_ll_common_rand8
                0x00000000000051ec       0x24 E:\01.workspace\02.mcu\05.nokey_ch573\LIB\libCH57xBLE.a(tmos_hw.o)
                0x00000000000051ec                ble_ll_common_rand8
 .text.ble_ll_common_rand16
                0x0000000000005210       0x24 E:\01.workspace\02.mcu\05.nokey_ch573\LIB\libCH57xBLE.a(tmos_hw.o)
                0x0000000000005210                ble_ll_common_rand16
 .text.ble_ll_common_rand32
                0x0000000000005234       0x20 E:\01.workspace\02.mcu\05.nokey_ch573\LIB\libCH57xBLE.a(tmos_hw.o)
                0x0000000000005234                ble_ll_common_rand32
 .text.ll_hw_temp_sample
                0x0000000000005254       0xc0 E:\01.workspace\02.mcu\05.nokey_ch573\LIB\libCH57xBLE.a(tmos_hw.o)
                0x0000000000005254                ll_hw_temp_sample
 .text.TMOS_TimerInit
                0x0000000000005314       0x5e E:\01.workspace\02.mcu\05.nokey_ch573\LIB\libCH57xBLE.a(tmos_hw.o)
                0x0000000000005314                TMOS_TimerInit
 .text.tmos_snv_init
                0x0000000000005372       0xbc E:\01.workspace\02.mcu\05.nokey_ch573\LIB\libCH57xBLE.a(tmos_snv.o)
                0x0000000000005372                tmos_snv_init
 .text.tmos_snv_clear
                0x000000000000542e       0xae E:\01.workspace\02.mcu\05.nokey_ch573\LIB\libCH57xBLE.a(tmos_snv.o)
                0x000000000000542e                tmos_snv_clear
 .text.tmos_snv_read
                0x00000000000054dc      0x292 E:\01.workspace\02.mcu\05.nokey_ch573\LIB\libCH57xBLE.a(tmos_snv.o)
                0x00000000000054dc                tmos_snv_read
 .text.tmos_snv_notify
                0x000000000000576e       0x5a E:\01.workspace\02.mcu\05.nokey_ch573\LIB\libCH57xBLE.a(tmos_snv.o)
                0x000000000000576e                tmos_snv_notify
 .text.tmos_snv_write
                0x00000000000057c8      0x2ce E:\01.workspace\02.mcu\05.nokey_ch573\LIB\libCH57xBLE.a(tmos_snv.o)
                0x00000000000057c8                tmos_snv_write
 .text.tmos_snv_compact
                0x0000000000005a96        0x4 E:\01.workspace\02.mcu\05.nokey_ch573\LIB\libCH57xBLE.a(tmos_snv.o)
                0x0000000000005a96                tmos_snv_compact
 .text.disconnectNext
                0x0000000000005a9a       0x22 E:\01.workspace\02.mcu\05.nokey_ch573\LIB\libCH57xBLE.a(gap.o)
 .text.GAP_ParamInit
                0x0000000000005abc       0x88 E:\01.workspace\02.mcu\05.nokey_ch573\LIB\libCH57xBLE.a(gap.o)
                0x0000000000005abc                GAP_ParamInit
 .text.sendTerminateEvent
                0x0000000000005b44       0x58 E:\01.workspace\02.mcu\05.nokey_ch573\LIB\libCH57xBLE.a(gap.o)
                0x0000000000005b44                sendTerminateEvent
 .text.gapRegisterCentral
                0x0000000000005b9c        0x6 E:\01.workspace\02.mcu\05.nokey_ch573\LIB\libCH57xBLE.a(gap.o)
                0x0000000000005b9c                gapRegisterCentral
 .text.gapRegisterCentralConn
                0x0000000000005ba2        0x6 E:\01.workspace\02.mcu\05.nokey_ch573\LIB\libCH57xBLE.a(gap.o)
                0x0000000000005ba2                gapRegisterCentralConn
 .text.gapRegisterPeripheral
                0x0000000000005ba8        0x6 E:\01.workspace\02.mcu\05.nokey_ch573\LIB\libCH57xBLE.a(gap.o)
                0x0000000000005ba8                gapRegisterPeripheral
 .text.gapRegisterPeripheralConn
                0x0000000000005bae        0x6 E:\01.workspace\02.mcu\05.nokey_ch573\LIB\libCH57xBLE.a(gap.o)
                0x0000000000005bae                gapRegisterPeripheralConn
 .text.smGenerateRandBuf
                0x0000000000005bb4       0x56 E:\01.workspace\02.mcu\05.nokey_ch573\LIB\libCH57xBLE.a(gap.o)
                0x0000000000005bb4                smGenerateRandBuf
 .text.gapL2capConnParamUpdateReq
                0x0000000000005c0a       0x32 E:\01.workspace\02.mcu\05.nokey_ch573\LIB\libCH57xBLE.a(gap.o)
                0x0000000000005c0a                gapL2capConnParamUpdateReq
 .text.gapValidADType
                0x0000000000005c3c       0x16 E:\01.workspace\02.mcu\05.nokey_ch573\LIB\libCH57xBLE.a(gap.o)
                0x0000000000005c3c                gapValidADType
 .text.gapFindADType
                0x0000000000005c52       0x8e E:\01.workspace\02.mcu\05.nokey_ch573\LIB\libCH57xBLE.a(gap.o)
                0x0000000000005c52                gapFindADType
 .text.GAP_SecParamsInit
                0x0000000000005ce0       0x9a E:\01.workspace\02.mcu\05.nokey_ch573\LIB\libCH57xBLE.a(gap.o)
                0x0000000000005ce0                GAP_SecParamsInit
 .text.GAP_ParamsInit
                0x0000000000005d7a       0x48 E:\01.workspace\02.mcu\05.nokey_ch573\LIB\libCH57xBLE.a(gap.o)
                0x0000000000005d7a                GAP_ParamsInit
 .text.gapAddAddrAdj
                0x0000000000005dc2       0x48 E:\01.workspace\02.mcu\05.nokey_ch573\LIB\libCH57xBLE.a(gap.o)
                0x0000000000005dc2                gapAddAddrAdj
 .text.gapDetermineAddrType
                0x0000000000005e0a       0x28 E:\01.workspace\02.mcu\05.nokey_ch573\LIB\libCH57xBLE.a(gap.o)
                0x0000000000005e0a                gapDetermineAddrType
 .text.gapFreeAuthLink
                0x0000000000005e32       0x4a E:\01.workspace\02.mcu\05.nokey_ch573\LIB\libCH57xBLE.a(gap.o)
                0x0000000000005e32                gapFreeAuthLink
 .text.gapGetDevAddress
                0x0000000000005e7c       0x24 E:\01.workspace\02.mcu\05.nokey_ch573\LIB\libCH57xBLE.a(gap.o)
                0x0000000000005e7c                gapGetDevAddress
 .text.gapGetDevAddressMode
                0x0000000000005ea0        0xa E:\01.workspace\02.mcu\05.nokey_ch573\LIB\libCH57xBLE.a(gap.o)
                0x0000000000005ea0                gapGetDevAddressMode
 .text.gapGetIRK
                0x0000000000005eaa        0xc E:\01.workspace\02.mcu\05.nokey_ch573\LIB\libCH57xBLE.a(gap.o)
                0x0000000000005eaa                gapGetIRK
 .text.gapGetSRK
                0x0000000000005eb6        0xc E:\01.workspace\02.mcu\05.nokey_ch573\LIB\libCH57xBLE.a(gap.o)
                0x0000000000005eb6                gapGetSRK
 .text.gapGetSignCounter
                0x0000000000005ec2        0xe E:\01.workspace\02.mcu\05.nokey_ch573\LIB\libCH57xBLE.a(gap.o)
                0x0000000000005ec2                gapGetSignCounter
 .text.gapIncSignCounter
                0x0000000000005ed0       0x28 E:\01.workspace\02.mcu\05.nokey_ch573\LIB\libCH57xBLE.a(gap.o)
                0x0000000000005ed0                gapIncSignCounter
 .text.gapProcessConnEvt
                0x0000000000005ef8       0x48 E:\01.workspace\02.mcu\05.nokey_ch573\LIB\libCH57xBLE.a(gap.o)
                0x0000000000005ef8                gapProcessConnEvt
 .text.gapProcessDisconnectCompleteEvt
                0x0000000000005f40       0xa8 E:\01.workspace\02.mcu\05.nokey_ch573\LIB\libCH57xBLE.a(gap.o)
                0x0000000000005f40                gapProcessDisconnectCompleteEvt
 .text.sendAuthEvent
                0x0000000000005fe8      0x11c E:\01.workspace\02.mcu\05.nokey_ch573\LIB\libCH57xBLE.a(gap.o)
                0x0000000000005fe8                sendAuthEvent
 .text.gapSendBondCompleteEvent
                0x0000000000006104       0x70 E:\01.workspace\02.mcu\05.nokey_ch573\LIB\libCH57xBLE.a(gap.o)
                0x0000000000006104                gapSendBondCompleteEvent
 .text.gapSendPairingReqEvent
                0x0000000000006174       0x92 E:\01.workspace\02.mcu\05.nokey_ch573\LIB\libCH57xBLE.a(gap.o)
                0x0000000000006174                gapSendPairingReqEvent
 .text.gapSendSlaveSecurityReqEvent
                0x0000000000006206       0x68 E:\01.workspace\02.mcu\05.nokey_ch573\LIB\libCH57xBLE.a(gap.o)
                0x0000000000006206                gapSendSlaveSecurityReqEvent
 .text.gapSendDeviceInitDoneEvent
                0x000000000000626e       0x88 E:\01.workspace\02.mcu\05.nokey_ch573\LIB\libCH57xBLE.a(gap.o)
                0x000000000000626e                gapSendDeviceInitDoneEvent
 .text.gapSendLinkUpdateEvent
                0x00000000000062f6       0x84 E:\01.workspace\02.mcu\05.nokey_ch573\LIB\libCH57xBLE.a(gap.o)
                0x00000000000062f6                gapSendLinkUpdateEvent
 .text.gapSendEstLinkEvent
                0x000000000000637a       0xb8 E:\01.workspace\02.mcu\05.nokey_ch573\LIB\libCH57xBLE.a(gap.o)
                0x000000000000637a                gapSendEstLinkEvent
 .text.gapProcessNewAddr
                0x0000000000006432       0x3e E:\01.workspace\02.mcu\05.nokey_ch573\LIB\libCH57xBLE.a(gap.o)
                0x0000000000006432                gapProcessNewAddr
 .text.gapProcessRandomAddrComplete
                0x0000000000006470       0xb6 E:\01.workspace\02.mcu\05.nokey_ch573\LIB\libCH57xBLE.a(gap.o)
                0x0000000000006470                gapProcessRandomAddrComplete
 .text.GAP_Authenticate
                0x0000000000006526       0xd2 E:\01.workspace\02.mcu\05.nokey_ch573\LIB\libCH57xBLE.a(gap.o)
                0x0000000000006526                GAP_Authenticate
 .text.GAP_Bond
                0x00000000000065f8       0xa2 E:\01.workspace\02.mcu\05.nokey_ch573\LIB\libCH57xBLE.a(gap.o)
                0x00000000000065f8                GAP_Bond
 .text.GAP_GetParamValue
                0x000000000000669a       0x1e E:\01.workspace\02.mcu\05.nokey_ch573\LIB\libCH57xBLE.a(gap.o)
                0x000000000000669a                GAP_GetParamValue
 .text.GAP_PasscodeUpdate
                0x00000000000066b8       0x50 E:\01.workspace\02.mcu\05.nokey_ch573\LIB\libCH57xBLE.a(gap.o)
                0x00000000000066b8                GAP_PasscodeUpdate
 .text.GAP_RegisterForMsgs
                0x0000000000006708        0x6 E:\01.workspace\02.mcu\05.nokey_ch573\LIB\libCH57xBLE.a(gap.o)
                0x0000000000006708                GAP_RegisterForMsgs
 .text.GAP_ResolvePrivateAddr
                0x000000000000670e        0x4 E:\01.workspace\02.mcu\05.nokey_ch573\LIB\libCH57xBLE.a(gap.o)
                0x000000000000670e                GAP_ResolvePrivateAddr
 .text.gapPairingCompleteCB
                0x0000000000006712      0x188 E:\01.workspace\02.mcu\05.nokey_ch573\LIB\libCH57xBLE.a(gap.o)
                0x0000000000006712                gapPairingCompleteCB
 .text.gapPasskeyNeededCB
                0x000000000000689a       0x8e E:\01.workspace\02.mcu\05.nokey_ch573\LIB\libCH57xBLE.a(gap.o)
                0x000000000000689a                gapPasskeyNeededCB
 .text.gapFreeEstLink
                0x0000000000006928       0x20 E:\01.workspace\02.mcu\05.nokey_ch573\LIB\libCH57xBLE.a(gap.o)
                0x0000000000006928                gapFreeEstLink
 .text.gapUpdateConnSignCounter
                0x0000000000006948       0x7a E:\01.workspace\02.mcu\05.nokey_ch573\LIB\libCH57xBLE.a(gap.o)
                0x0000000000006948                gapUpdateConnSignCounter
 .text.GAP_SendSlaveSecurityRequest
                0x00000000000069c2       0x4c E:\01.workspace\02.mcu\05.nokey_ch573\LIB\libCH57xBLE.a(gap.o)
                0x00000000000069c2                GAP_SendSlaveSecurityRequest
 .text.GAP_Signable
                0x0000000000006a0e       0x66 E:\01.workspace\02.mcu\05.nokey_ch573\LIB\libCH57xBLE.a(gap.o)
                0x0000000000006a0e                GAP_Signable
 .text.GAP_TerminateAuth
                0x0000000000006a74       0x2a E:\01.workspace\02.mcu\05.nokey_ch573\LIB\libCH57xBLE.a(gap.o)
                0x0000000000006a74                GAP_TerminateAuth
 .text.GAP_NumActiveConnections
                0x0000000000006a9e        0x4 E:\01.workspace\02.mcu\05.nokey_ch573\LIB\libCH57xBLE.a(gap.o)
                0x0000000000006a9e                GAP_NumActiveConnections
 .text.GAP_TerminateLinkReq
                0x0000000000006aa2       0x8e E:\01.workspace\02.mcu\05.nokey_ch573\LIB\libCH57xBLE.a(gap.o)
                0x0000000000006aa2                GAP_TerminateLinkReq
 .text.GAP_SetParamValue
                0x0000000000006b30       0x4a E:\01.workspace\02.mcu\05.nokey_ch573\LIB\libCH57xBLE.a(gap.o)
                0x0000000000006b30                GAP_SetParamValue
 .text.GAP_Init
                0x0000000000006b7a       0x44 E:\01.workspace\02.mcu\05.nokey_ch573\LIB\libCH57xBLE.a(gap.o)
                0x0000000000006b7a                GAP_Init
 .text.GAP_ProcessEvent
                0x0000000000006bbe      0x57e E:\01.workspace\02.mcu\05.nokey_ch573\LIB\libCH57xBLE.a(gap.o)
                0x0000000000006bbe                GAP_ProcessEvent
 .text.gapSendScanEnable
                0x000000000000713c       0x1e E:\01.workspace\02.mcu\05.nokey_ch573\LIB\libCH57xBLE.a(gap_central.o)
 .text.gapCentProcessConnEvt
                0x000000000000715a      0x154 E:\01.workspace\02.mcu\05.nokey_ch573\LIB\libCH57xBLE.a(gap_central.o)
                0x000000000000715a                gapCentProcessConnEvt
 .text.gapCancelLinkReq
                0x00000000000072ae       0x38 E:\01.workspace\02.mcu\05.nokey_ch573\LIB\libCH57xBLE.a(gap_central.o)
                0x00000000000072ae                gapCancelLinkReq
 .text.GAP_CentralParamInit
                0x00000000000072e6       0x4c E:\01.workspace\02.mcu\05.nokey_ch573\LIB\libCH57xBLE.a(gap_central.o)
                0x00000000000072e6                GAP_CentralParamInit
 .text.gapProcessAdvertDevInfo
                0x0000000000007332      0x23a E:\01.workspace\02.mcu\05.nokey_ch573\LIB\libCH57xBLE.a(gap_central.o)
                0x0000000000007332                gapProcessAdvertDevInfo
 .text.gapFreeScanRecs
                0x000000000000756c       0xa2 E:\01.workspace\02.mcu\05.nokey_ch573\LIB\libCH57xBLE.a(gap_central.o)
                0x000000000000756c                gapFreeScanRecs
 .text.gapSendDevDiscEvent
                0x000000000000760e      0x126 E:\01.workspace\02.mcu\05.nokey_ch573\LIB\libCH57xBLE.a(gap_central.o)
                0x000000000000760e                gapSendDevDiscEvent
 .text.gapSetScanParamStatus.part.2
                0x0000000000007734       0x42 E:\01.workspace\02.mcu\05.nokey_ch573\LIB\libCH57xBLE.a(gap_central.o)
 .text.gapCentProcessHCICmdEvt
                0x0000000000007776       0x3e E:\01.workspace\02.mcu\05.nokey_ch573\LIB\libCH57xBLE.a(gap_central.o)
                0x0000000000007776                gapCentProcessHCICmdEvt
 .text.gapProcessScanningEvt
                0x00000000000077b4      0x110 E:\01.workspace\02.mcu\05.nokey_ch573\LIB\libCH57xBLE.a(gap_central.o)
                0x00000000000077b4                gapProcessScanningEvt
 .text.gapProcessScanningDirectEvt
                0x00000000000078c4       0xfe E:\01.workspace\02.mcu\05.nokey_ch573\LIB\libCH57xBLE.a(gap_central.o)
                0x00000000000078c4                gapProcessScanningDirectEvt
 .text.GAP_CentConnRegister
                0x00000000000079c2       0x12 E:\01.workspace\02.mcu\05.nokey_ch573\LIB\libCH57xBLE.a(gap_central.o)
                0x00000000000079c2                GAP_CentConnRegister
 .text.GAP_CentDevMgrInit
                0x00000000000079d4       0x94 E:\01.workspace\02.mcu\05.nokey_ch573\LIB\libCH57xBLE.a(gap_central.o)
                0x00000000000079d4                GAP_CentDevMgrInit
 .text.gapFreeAdvertState
                0x0000000000007a68       0x20 E:\01.workspace\02.mcu\05.nokey_ch573\LIB\libCH57xBLE.a(gap_peripheral.o)
 .text.gapPeriProcessConnEvt
                0x0000000000007a88       0xbc E:\01.workspace\02.mcu\05.nokey_ch573\LIB\libCH57xBLE.a(gap_peripheral.o)
 .text.gapSetAdvParams
                0x0000000000007b44       0x7e E:\01.workspace\02.mcu\05.nokey_ch573\LIB\libCH57xBLE.a(gap_peripheral.o)
 .text.GAP_PeripheralParamInit
                0x0000000000007bc2       0x4a E:\01.workspace\02.mcu\05.nokey_ch573\LIB\libCH57xBLE.a(gap_peripheral.o)
                0x0000000000007bc2                GAP_PeripheralParamInit
 .text.gapSendMakeDiscEvent
                0x0000000000007c0c       0x50 E:\01.workspace\02.mcu\05.nokey_ch573\LIB\libCH57xBLE.a(gap_peripheral.o)
                0x0000000000007c0c                gapSendMakeDiscEvent
 .text.gapPeriProcessHCICmdCompleteEvt
                0x0000000000007c5c      0x194 E:\01.workspace\02.mcu\05.nokey_ch573\LIB\libCH57xBLE.a(gap_peripheral.o)
 .text.GAP_MakeDiscoverable
                0x0000000000007df0       0xf0 E:\01.workspace\02.mcu\05.nokey_ch573\LIB\libCH57xBLE.a(gap_peripheral.o)
                0x0000000000007df0                GAP_MakeDiscoverable
 .text.GAP_EndDiscoverable
                0x0000000000007ee0       0x5c E:\01.workspace\02.mcu\05.nokey_ch573\LIB\libCH57xBLE.a(gap_peripheral.o)
                0x0000000000007ee0                GAP_EndDiscoverable
 .text.gapProcessAdvertisingEvt
                0x0000000000007f3c       0x90 E:\01.workspace\02.mcu\05.nokey_ch573\LIB\libCH57xBLE.a(gap_peripheral.o)
 .text.GAP_UpdateAdvertisingData
                0x0000000000007fcc       0xb8 E:\01.workspace\02.mcu\05.nokey_ch573\LIB\libCH57xBLE.a(gap_peripheral.o)
                0x0000000000007fcc                GAP_UpdateAdvertisingData
 .text.GAP_ConfigDeviceAddr
                0x0000000000008084      0x10e E:\01.workspace\02.mcu\05.nokey_ch573\LIB\libCH57xBLE.a(gap_peripheral.o)
                0x0000000000008084                GAP_ConfigDeviceAddr
 .text.GAP_PeriConnRegister
                0x0000000000008192       0x2a E:\01.workspace\02.mcu\05.nokey_ch573\LIB\libCH57xBLE.a(gap_peripheral.o)
                0x0000000000008192                GAP_PeriConnRegister
 .text.GAP_PeriDevMgrInit
                0x00000000000081bc       0xbc E:\01.workspace\02.mcu\05.nokey_ch573\LIB\libCH57xBLE.a(gap_peripheral.o)
                0x00000000000081bc                GAP_PeriDevMgrInit
 .text.ggs_SetAttrWPermit
                0x0000000000008278       0x68 E:\01.workspace\02.mcu\05.nokey_ch573\LIB\libCH57xBLE.a(gapgattserver.o)
 .text.ggs_ReadAttrCB
                0x00000000000082e0      0x152 E:\01.workspace\02.mcu\05.nokey_ch573\LIB\libCH57xBLE.a(gapgattserver.o)
 .text.ggs_WriteAttrCB
                0x0000000000008432      0x154 E:\01.workspace\02.mcu\05.nokey_ch573\LIB\libCH57xBLE.a(gapgattserver.o)
 .text.GGS_ParamInit
                0x0000000000008586      0x23a E:\01.workspace\02.mcu\05.nokey_ch573\LIB\libCH57xBLE.a(gapgattserver.o)
                0x0000000000008586                GGS_ParamInit
 .text.GGS_SetParameter
                0x00000000000087c0       0xde E:\01.workspace\02.mcu\05.nokey_ch573\LIB\libCH57xBLE.a(gapgattserver.o)
                0x00000000000087c0                GGS_SetParameter
 .text.GGS_AddService
                0x000000000000889e       0x2c E:\01.workspace\02.mcu\05.nokey_ch573\LIB\libCH57xBLE.a(gapgattserver.o)
                0x000000000000889e                GGS_AddService
 .text.GAP_DeviceInit
                0x00000000000088ca       0xd8 E:\01.workspace\02.mcu\05.nokey_ch573\LIB\libCH57xBLE.a(gapgattserver.o)
                0x00000000000088ca                GAP_DeviceInit
 .text.gattGetPayload
                0x00000000000089a2       0x7e E:\01.workspace\02.mcu\05.nokey_ch573\LIB\libCH57xBLE.a(gatt.o)
                0x00000000000089a2                gattGetPayload
 .text.gattNotifyEvent
                0x0000000000008a20       0x80 E:\01.workspace\02.mcu\05.nokey_ch573\LIB\libCH57xBLE.a(gatt.o)
                0x0000000000008a20                gattNotifyEvent
 .text.gattSendFlowCtrlEvt
                0x0000000000008aa0       0x4a E:\01.workspace\02.mcu\05.nokey_ch573\LIB\libCH57xBLE.a(gatt.o)
                0x0000000000008aa0                gattSendFlowCtrlEvt
 .text.gattStartTimer
                0x0000000000008aea        0xc E:\01.workspace\02.mcu\05.nokey_ch573\LIB\libCH57xBLE.a(gatt.o)
                0x0000000000008aea                gattStartTimer
 .text.gattStopTimer
                0x0000000000008af6       0x32 E:\01.workspace\02.mcu\05.nokey_ch573\LIB\libCH57xBLE.a(gatt.o)
                0x0000000000008af6                gattStopTimer
 .text.GATT_AppCompletedMsg
                0x0000000000008b28       0x30 E:\01.workspace\02.mcu\05.nokey_ch573\LIB\libCH57xBLE.a(gatt.o)
                0x0000000000008b28                GATT_AppCompletedMsg
 .text.GATT_NotifyEvent
                0x0000000000008b58       0x4e E:\01.workspace\02.mcu\05.nokey_ch573\LIB\libCH57xBLE.a(gatt.o)
                0x0000000000008b58                GATT_NotifyEvent
 .text.gattRegisterServer
                0x0000000000008ba6        0x6 E:\01.workspace\02.mcu\05.nokey_ch573\LIB\libCH57xBLE.a(gatt.o)
                0x0000000000008ba6                gattRegisterServer
 .text.GATT_UpdateMTU
                0x0000000000008bac       0x5c E:\01.workspace\02.mcu\05.nokey_ch573\LIB\libCH57xBLE.a(gatt.o)
                0x0000000000008bac                GATT_UpdateMTU
 .text.GATT_bm_alloc
                0x0000000000008c08       0xea E:\01.workspace\02.mcu\05.nokey_ch573\LIB\libCH57xBLE.a(gatt.o)
                0x0000000000008c08                GATT_bm_alloc
 .text.GATT_ServiceChangedInd
                0x0000000000008cf2       0x94 E:\01.workspace\02.mcu\05.nokey_ch573\LIB\libCH57xBLE.a(gatt.o)
                0x0000000000008cf2                GATT_ServiceChangedInd
 .text.GATT_bm_free
                0x0000000000008d86       0x1c E:\01.workspace\02.mcu\05.nokey_ch573\LIB\libCH57xBLE.a(gatt.o)
                0x0000000000008d86                GATT_bm_free
 .text.GATT_RegisterForPeriMsgs
                0x0000000000008da2        0x6 E:\01.workspace\02.mcu\05.nokey_ch573\LIB\libCH57xBLE.a(gatt.o)
                0x0000000000008da2                GATT_RegisterForPeriMsgs
 .text.GATT_Init
                0x0000000000008da8       0x30 E:\01.workspace\02.mcu\05.nokey_ch573\LIB\libCH57xBLE.a(gatt.o)
                0x0000000000008da8                GATT_Init
 .text.GATT_ProcessEvent
                0x0000000000008dd8      0x136 E:\01.workspace\02.mcu\05.nokey_ch573\LIB\libCH57xBLE.a(gatt.o)
                0x0000000000008dd8                GATT_ProcessEvent
 .text.gattProcessExchangeMTUReq
                0x0000000000008f0e        0x4 E:\01.workspace\02.mcu\05.nokey_ch573\LIB\libCH57xBLE.a(gattservapp.o)
 .text.gattServApp_FindCharCfgItem
                0x0000000000008f12       0x20 E:\01.workspace\02.mcu\05.nokey_ch573\LIB\libCH57xBLE.a(gattservapp.o)
 .text.gattServerHandleTimerCB
                0x0000000000008f32       0x3c E:\01.workspace\02.mcu\05.nokey_ch573\LIB\libCH57xBLE.a(gattservapp.o)
 .text.GATTServApp_InitCharCfg.part.12
                0x0000000000008f6e       0x1c E:\01.workspace\02.mcu\05.nokey_ch573\LIB\libCH57xBLE.a(gattservapp.o)
 .text.gattProcessExecuteWriteReq
                0x0000000000008f8a        0x4 E:\01.workspace\02.mcu\05.nokey_ch573\LIB\libCH57xBLE.a(gattservapp.o)
 .text.GATTServApp_ParamInit
                0x0000000000008f8e       0xd6 E:\01.workspace\02.mcu\05.nokey_ch573\LIB\libCH57xBLE.a(gattservapp.o)
                0x0000000000008f8e                GATTServApp_ParamInit
 .text.GATTServApp_ReadCharCfg
                0x0000000000009064       0x18 E:\01.workspace\02.mcu\05.nokey_ch573\LIB\libCH57xBLE.a(gattservapp.o)
                0x0000000000009064                GATTServApp_ReadCharCfg
 .text.GATTServApp_WriteCharCfg
                0x000000000000907c       0x3c E:\01.workspace\02.mcu\05.nokey_ch573\LIB\libCH57xBLE.a(gattservapp.o)
                0x000000000000907c                GATTServApp_WriteCharCfg
 .text.GATTServApp_ProcessCCCWriteReq
                0x00000000000090b8       0x60 E:\01.workspace\02.mcu\05.nokey_ch573\LIB\libCH57xBLE.a(gattservapp.o)
                0x00000000000090b8                GATTServApp_ProcessCCCWriteReq
 .text.gattServApp_WriteAttrCB
                0x0000000000009118       0x34 E:\01.workspace\02.mcu\05.nokey_ch573\LIB\libCH57xBLE.a(gattservapp.o)
                0x0000000000009118                gattServApp_WriteAttrCB
 .text.GATTServApp_SendCCCUpdatedEvent
                0x000000000000914c       0x5e E:\01.workspace\02.mcu\05.nokey_ch573\LIB\libCH57xBLE.a(gattservapp.o)
                0x000000000000914c                GATTServApp_SendCCCUpdatedEvent
 .text.GATTServApp_SendServiceChangedInd
                0x00000000000091aa       0x36 E:\01.workspace\02.mcu\05.nokey_ch573\LIB\libCH57xBLE.a(gattservapp.o)
                0x00000000000091aa                GATTServApp_SendServiceChangedInd
 .text.gattServApp_ClearPrepareWriteQ
                0x00000000000091e0       0x4c E:\01.workspace\02.mcu\05.nokey_ch573\LIB\libCH57xBLE.a(gattservapp.o)
                0x00000000000091e0                gattServApp_ClearPrepareWriteQ
 .text.gattServApp_FindPrepareWriteQ
                0x000000000000922c       0x2c E:\01.workspace\02.mcu\05.nokey_ch573\LIB\libCH57xBLE.a(gattservapp.o)
                0x000000000000922c                gattServApp_FindPrepareWriteQ
 .text.gattServApp_FindServiceCBs
                0x0000000000009258       0x18 E:\01.workspace\02.mcu\05.nokey_ch573\LIB\libCH57xBLE.a(gattservapp.o)
                0x0000000000009258                gattServApp_FindServiceCBs
 .text.gattServApp_FindAuthorizeAttrCB
                0x0000000000009270       0x16 E:\01.workspace\02.mcu\05.nokey_ch573\LIB\libCH57xBLE.a(gattservapp.o)
                0x0000000000009270                gattServApp_FindAuthorizeAttrCB
 .text.gattServApp_IsWriteLong
                0x0000000000009286       0xe6 E:\01.workspace\02.mcu\05.nokey_ch573\LIB\libCH57xBLE.a(gattservapp.o)
                0x0000000000009286                gattServApp_IsWriteLong
 .text.gattFindService
                0x000000000000936c       0x1c E:\01.workspace\02.mcu\05.nokey_ch573\LIB\libCH57xBLE.a(gattservapp.o)
                0x000000000000936c                gattFindService
 .text.GATT_ServiceNumAttrs
                0x0000000000009388       0x18 E:\01.workspace\02.mcu\05.nokey_ch573\LIB\libCH57xBLE.a(gattservapp.o)
                0x0000000000009388                GATT_ServiceNumAttrs
 .text.GATT_ServiceEncKeySize
                0x00000000000093a0       0x18 E:\01.workspace\02.mcu\05.nokey_ch573\LIB\libCH57xBLE.a(gattservapp.o)
                0x00000000000093a0                GATT_ServiceEncKeySize
 .text.GATT_VerifyWritePermissions.part.7
                0x00000000000093b8       0x2e E:\01.workspace\02.mcu\05.nokey_ch573\LIB\libCH57xBLE.a(gattservapp.o)
 .text.gattResetServerInfo
                0x00000000000093e6       0x1c E:\01.workspace\02.mcu\05.nokey_ch573\LIB\libCH57xBLE.a(gattservapp.o)
                0x00000000000093e6                gattResetServerInfo
 .text.gattFindServerInfo
                0x0000000000009402       0x28 E:\01.workspace\02.mcu\05.nokey_ch573\LIB\libCH57xBLE.a(gattservapp.o)
                0x0000000000009402                gattFindServerInfo
 .text.gattServerHandleConnStatusCB
                0x000000000000942a       0x98 E:\01.workspace\02.mcu\05.nokey_ch573\LIB\libCH57xBLE.a(gattservapp.o)
                0x000000000000942a                gattServerHandleConnStatusCB
 .text.gattServerProcessMsgCB
                0x00000000000094c2      0x1c0 E:\01.workspace\02.mcu\05.nokey_ch573\LIB\libCH57xBLE.a(gattservapp.o)
                0x00000000000094c2                gattServerProcessMsgCB
 .text.gattServerNotifyTxCB
                0x0000000000009682       0x28 E:\01.workspace\02.mcu\05.nokey_ch573\LIB\libCH57xBLE.a(gattservapp.o)
 .text.GATT_FindHandle
                0x00000000000096aa       0x4a E:\01.workspace\02.mcu\05.nokey_ch573\LIB\libCH57xBLE.a(gattservapp.o)
                0x00000000000096aa                GATT_FindHandle
 .text.GATTServApp_WriteAttr
                0x00000000000096f4       0xa8 E:\01.workspace\02.mcu\05.nokey_ch573\LIB\libCH57xBLE.a(gattservapp.o)
                0x00000000000096f4                GATTServApp_WriteAttr
 .text.gattServApp_ProcessExecuteWriteReq
                0x000000000000979c      0x100 E:\01.workspace\02.mcu\05.nokey_ch573\LIB\libCH57xBLE.a(gattservapp.o)
                0x000000000000979c                gattServApp_ProcessExecuteWriteReq
 .text.GATTServApp_UpdateCharCfg
                0x000000000000989c       0x1e E:\01.workspace\02.mcu\05.nokey_ch573\LIB\libCH57xBLE.a(gattservapp.o)
                0x000000000000989c                GATTServApp_UpdateCharCfg
 .text.gattServApp_ProcessPrepareWriteReq
                0x00000000000098ba      0x10e E:\01.workspace\02.mcu\05.nokey_ch573\LIB\libCH57xBLE.a(gattservapp.o)
                0x00000000000098ba                gattServApp_ProcessPrepareWriteReq
 .text.gattServApp_ProcessWriteReq
                0x00000000000099c8       0xb0 E:\01.workspace\02.mcu\05.nokey_ch573\LIB\libCH57xBLE.a(gattservapp.o)
                0x00000000000099c8                gattServApp_ProcessWriteReq
 .text.GATT_Indication
                0x0000000000009a78       0xa4 E:\01.workspace\02.mcu\05.nokey_ch573\LIB\libCH57xBLE.a(gattservapp.o)
                0x0000000000009a78                GATT_Indication
 .text.GATT_FindHandleUUID
                0x0000000000009b1c       0x94 E:\01.workspace\02.mcu\05.nokey_ch573\LIB\libCH57xBLE.a(gattservapp.o)
                0x0000000000009b1c                GATT_FindHandleUUID
 .text.gattProcessReadByGrpTypeReq
                0x0000000000009bb0       0x60 E:\01.workspace\02.mcu\05.nokey_ch573\LIB\libCH57xBLE.a(gattservapp.o)
 .text.gattProcessReadByTypeReq
                0x0000000000009c10       0x34 E:\01.workspace\02.mcu\05.nokey_ch573\LIB\libCH57xBLE.a(gattservapp.o)
 .text.gattProcessFindByTypeValueReq
                0x0000000000009c44       0x34 E:\01.workspace\02.mcu\05.nokey_ch573\LIB\libCH57xBLE.a(gattservapp.o)
 .text.gattProcessFindInfoReq
                0x0000000000009c78      0x1aa E:\01.workspace\02.mcu\05.nokey_ch573\LIB\libCH57xBLE.a(gattservapp.o)
 .text.GATT_Notification
                0x0000000000009e22       0x70 E:\01.workspace\02.mcu\05.nokey_ch573\LIB\libCH57xBLE.a(gattservapp.o)
                0x0000000000009e22                GATT_Notification
 .text.GATT_VerifyWritePermissions
                0x0000000000009e92       0x6a E:\01.workspace\02.mcu\05.nokey_ch573\LIB\libCH57xBLE.a(gattservapp.o)
                0x0000000000009e92                GATT_VerifyWritePermissions
 .text.gattProcessWriteReq
                0x0000000000009efc       0x36 E:\01.workspace\02.mcu\05.nokey_ch573\LIB\libCH57xBLE.a(gattservapp.o)
 .text.GATT_VerifyPrepareWritePermissions
                0x0000000000009f32       0x56 E:\01.workspace\02.mcu\05.nokey_ch573\LIB\libCH57xBLE.a(gattservapp.o)
                0x0000000000009f32                GATT_VerifyPrepareWritePermissions
 .text.gattProcessPrepareWriteReq
                0x0000000000009f88       0x36 E:\01.workspace\02.mcu\05.nokey_ch573\LIB\libCH57xBLE.a(gattservapp.o)
 .text.GATT_FindNextAttr
                0x0000000000009fbe       0xc2 E:\01.workspace\02.mcu\05.nokey_ch573\LIB\libCH57xBLE.a(gattservapp.o)
                0x0000000000009fbe                GATT_FindNextAttr
 .text.GATTServApp_ReadAttr
                0x000000000000a080      0x2e2 E:\01.workspace\02.mcu\05.nokey_ch573\LIB\libCH57xBLE.a(gattservapp.o)
                0x000000000000a080                GATTServApp_ReadAttr
 .text.gattServApp_ProcessReadMultiReq
                0x000000000000a362      0x16e E:\01.workspace\02.mcu\05.nokey_ch573\LIB\libCH57xBLE.a(gattservapp.o)
                0x000000000000a362                gattServApp_ProcessReadMultiReq
 .text.gattServApp_ProcessFindByTypeValueReq
                0x000000000000a4d0      0x19c E:\01.workspace\02.mcu\05.nokey_ch573\LIB\libCH57xBLE.a(gattservapp.o)
                0x000000000000a4d0                gattServApp_ProcessFindByTypeValueReq
 .text.GATT_VerifyReadPermissions
                0x000000000000a66c       0x68 E:\01.workspace\02.mcu\05.nokey_ch573\LIB\libCH57xBLE.a(gattservapp.o)
                0x000000000000a66c                GATT_VerifyReadPermissions
 .text.gattProcessReadMultiReq
                0x000000000000a6d4       0xae E:\01.workspace\02.mcu\05.nokey_ch573\LIB\libCH57xBLE.a(gattservapp.o)
 .text.gattProcessReadReq
                0x000000000000a782       0x30 E:\01.workspace\02.mcu\05.nokey_ch573\LIB\libCH57xBLE.a(gattservapp.o)
 .text.gattServApp_ProcessReadByGrpTypeReq
                0x000000000000a7b2      0x21c E:\01.workspace\02.mcu\05.nokey_ch573\LIB\libCH57xBLE.a(gattservapp.o)
                0x000000000000a7b2                gattServApp_ProcessReadByGrpTypeReq
 .text.gattServApp_ProcessReadByTypeReq
                0x000000000000a9ce      0x1ae E:\01.workspace\02.mcu\05.nokey_ch573\LIB\libCH57xBLE.a(gattservapp.o)
                0x000000000000a9ce                gattServApp_ProcessReadByTypeReq
 .text.GATT_RegisterService
                0x000000000000ab7c       0xfc E:\01.workspace\02.mcu\05.nokey_ch573\LIB\libCH57xBLE.a(gattservapp.o)
                0x000000000000ab7c                GATT_RegisterService
 .text.GATTServApp_RegisterService
                0x000000000000ac78       0x8a E:\01.workspace\02.mcu\05.nokey_ch573\LIB\libCH57xBLE.a(gattservapp.o)
                0x000000000000ac78                GATTServApp_RegisterService
 .text.GATTServApp_AddService
                0x000000000000ad02       0x2c E:\01.workspace\02.mcu\05.nokey_ch573\LIB\libCH57xBLE.a(gattservapp.o)
                0x000000000000ad02                GATTServApp_AddService
 .text.GATTServApp_RegisterForMsg
                0x000000000000ad2e        0x6 E:\01.workspace\02.mcu\05.nokey_ch573\LIB\libCH57xBLE.a(gattservapp.o)
                0x000000000000ad2e                GATTServApp_RegisterForMsg
 .text.GATTServApp_InitCharCfg
                0x000000000000ad34       0x28 E:\01.workspace\02.mcu\05.nokey_ch573\LIB\libCH57xBLE.a(gattservapp.o)
                0x000000000000ad34                GATTServApp_InitCharCfg
 .text.gattServApp_HandleConnStatusCB
                0x000000000000ad5c       0x74 E:\01.workspace\02.mcu\05.nokey_ch573\LIB\libCH57xBLE.a(gattservapp.o)
                0x000000000000ad5c                gattServApp_HandleConnStatusCB
 .text.GATT_InitServer
                0x000000000000add0       0xf6 E:\01.workspace\02.mcu\05.nokey_ch573\LIB\libCH57xBLE.a(gattservapp.o)
                0x000000000000add0                GATT_InitServer
 .text.GATTServApp_Init
                0x000000000000aec6       0x34 E:\01.workspace\02.mcu\05.nokey_ch573\LIB\libCH57xBLE.a(gattservapp.o)
                0x000000000000aec6                GATTServApp_Init
 .text.GATTServApp_ProcessEvent
                0x000000000000aefa      0x366 E:\01.workspace\02.mcu\05.nokey_ch573\LIB\libCH57xBLE.a(gattservapp.o)
                0x000000000000aefa                GATTServApp_ProcessEvent
 .text.l2capAllocConnChannel
                0x000000000000b260       0xd8 E:\01.workspace\02.mcu\05.nokey_ch573\LIB\libCH57xBLE.a(l2cap.o)
                0x000000000000b260                l2capAllocConnChannel
 .text.l2capFindLocalCID
                0x000000000000b338       0x2c E:\01.workspace\02.mcu\05.nokey_ch573\LIB\libCH57xBLE.a(l2cap.o)
                0x000000000000b338                l2capFindLocalCID
 .text.l2capFindLocalId
                0x000000000000b364       0x30 E:\01.workspace\02.mcu\05.nokey_ch573\LIB\libCH57xBLE.a(l2cap.o)
                0x000000000000b364                l2capFindLocalId
 .text.l2capFindPsm
                0x000000000000b394       0x2c E:\01.workspace\02.mcu\05.nokey_ch573\LIB\libCH57xBLE.a(l2cap.o)
                0x000000000000b394                l2capFindPsm
 .text.l2capFindRemoteCID
                0x000000000000b3c0       0x3c E:\01.workspace\02.mcu\05.nokey_ch573\LIB\libCH57xBLE.a(l2cap.o)
                0x000000000000b3c0                l2capFindRemoteCID
 .text.l2capFreeChannel
                0x000000000000b3fc       0x4a E:\01.workspace\02.mcu\05.nokey_ch573\LIB\libCH57xBLE.a(l2cap.o)
                0x000000000000b3fc                l2capFreeChannel
 .text.l2capDisconnectChannel
                0x000000000000b446       0x28 E:\01.workspace\02.mcu\05.nokey_ch573\LIB\libCH57xBLE.a(l2cap.o)
                0x000000000000b446                l2capDisconnectChannel
 .text.l2capHandleTimerCB
                0x000000000000b46e       0x2c E:\01.workspace\02.mcu\05.nokey_ch573\LIB\libCH57xBLE.a(l2cap.o)
                0x000000000000b46e                l2capHandleTimerCB
 .text.l2capFreePendingPkt
                0x000000000000b49a       0x58 E:\01.workspace\02.mcu\05.nokey_ch573\LIB\libCH57xBLE.a(l2cap.o)
                0x000000000000b49a                l2capFreePendingPkt
 .text.l2capGetCoChannelInfo
                0x000000000000b4f2       0x7e E:\01.workspace\02.mcu\05.nokey_ch573\LIB\libCH57xBLE.a(l2cap.o)
                0x000000000000b4f2                l2capGetCoChannelInfo
 .text.l2capNumActiveChannnels
                0x000000000000b570       0x44 E:\01.workspace\02.mcu\05.nokey_ch573\LIB\libCH57xBLE.a(l2cap.o)
                0x000000000000b570                l2capNumActiveChannnels
 .text.l2capStartTimer
                0x000000000000b5b4       0x1a E:\01.workspace\02.mcu\05.nokey_ch573\LIB\libCH57xBLE.a(l2cap.o)
                0x000000000000b5b4                l2capStartTimer
 .text.l2capStopTimer
                0x000000000000b5ce       0x1e E:\01.workspace\02.mcu\05.nokey_ch573\LIB\libCH57xBLE.a(l2cap.o)
                0x000000000000b5ce                l2capStopTimer
 .text.l2capDisconnectAllChannels
                0x000000000000b5ec       0xdc E:\01.workspace\02.mcu\05.nokey_ch573\LIB\libCH57xBLE.a(l2cap.o)
                0x000000000000b5ec                l2capDisconnectAllChannels
 .text.l2capHandleConnStatusCB
                0x000000000000b6c8       0x3c E:\01.workspace\02.mcu\05.nokey_ch573\LIB\libCH57xBLE.a(l2cap.o)
                0x000000000000b6c8                l2capHandleConnStatusCB
 .text.l2capHandleRxError
                0x000000000000b704        0x6 E:\01.workspace\02.mcu\05.nokey_ch573\LIB\libCH57xBLE.a(l2cap.o)
                0x000000000000b704                l2capHandleRxError
 .text.L2CAP_GetMTU
                0x000000000000b70a        0x6 E:\01.workspace\02.mcu\05.nokey_ch573\LIB\libCH57xBLE.a(l2cap.o)
                0x000000000000b70a                L2CAP_GetMTU
 .text.L2CAP_HostNumCompletedPkts
                0x000000000000b710       0x28 E:\01.workspace\02.mcu\05.nokey_ch573\LIB\libCH57xBLE.a(l2cap.o)
                0x000000000000b710                L2CAP_HostNumCompletedPkts
 .text.L2CAP_ParseConnectReq
                0x000000000000b738       0x5e E:\01.workspace\02.mcu\05.nokey_ch573\LIB\libCH57xBLE.a(l2cap.o)
                0x000000000000b738                L2CAP_ParseConnectReq
 .text.L2CAP_ParseFlowCtrlCredit
                0x000000000000b796       0x2e E:\01.workspace\02.mcu\05.nokey_ch573\LIB\libCH57xBLE.a(l2cap.o)
                0x000000000000b796                L2CAP_ParseFlowCtrlCredit
 .text.L2CAP_RegisterApp
                0x000000000000b7c4       0x30 E:\01.workspace\02.mcu\05.nokey_ch573\LIB\libCH57xBLE.a(l2cap.o)
                0x000000000000b7c4                L2CAP_RegisterApp
 .text.L2CAP_SetBufSize
                0x000000000000b7f4       0x1e E:\01.workspace\02.mcu\05.nokey_ch573\LIB\libCH57xBLE.a(l2cap.o)
                0x000000000000b7f4                L2CAP_SetBufSize
 .text.L2CAP_bm_alloc
                0x000000000000b812       0x30 E:\01.workspace\02.mcu\05.nokey_ch573\LIB\libCH57xBLE.a(l2cap.o)
                0x000000000000b812                L2CAP_bm_alloc
 .text.L2CAP_Init
                0x000000000000b842      0x12e E:\01.workspace\02.mcu\05.nokey_ch573\LIB\libCH57xBLE.a(l2cap.o)
                0x000000000000b842                L2CAP_Init
 .text.L2CAP_ProcessEvent
                0x000000000000b970       0xc8 E:\01.workspace\02.mcu\05.nokey_ch573\LIB\libCH57xBLE.a(l2cap.o)
                0x000000000000b970                L2CAP_ProcessEvent
 .text.l2capParseCmdReject
                0x000000000000ba38       0x5e E:\01.workspace\02.mcu\05.nokey_ch573\LIB\libCH57xBLE.a(l2cap_input.o)
                0x000000000000ba38                l2capParseCmdReject
 .text.l2capParseDisconnectReq
                0x000000000000ba96       0x2e E:\01.workspace\02.mcu\05.nokey_ch573\LIB\libCH57xBLE.a(l2cap_input.o)
                0x000000000000ba96                l2capParseDisconnectReq
 .text.l2capParseDisconnectRsp
                0x000000000000bac4       0x2e E:\01.workspace\02.mcu\05.nokey_ch573\LIB\libCH57xBLE.a(l2cap_input.o)
                0x000000000000bac4                l2capParseDisconnectRsp
 .text.L2CAP_ParseParamUpdateReq
                0x000000000000baf2       0x4e E:\01.workspace\02.mcu\05.nokey_ch573\LIB\libCH57xBLE.a(l2cap_input.o)
                0x000000000000baf2                L2CAP_ParseParamUpdateReq
 .text.l2capParseParamUpdateRsp
                0x000000000000bb40       0x1e E:\01.workspace\02.mcu\05.nokey_ch573\LIB\libCH57xBLE.a(l2cap_input.o)
                0x000000000000bb40                l2capParseParamUpdateRsp
 .text.l2capProcessConnectReq
                0x000000000000bb5e       0xfc E:\01.workspace\02.mcu\05.nokey_ch573\LIB\libCH57xBLE.a(l2cap_input.o)
                0x000000000000bb5e                l2capProcessConnectReq
 .text.l2capParseConnectRsp
                0x000000000000bc5a       0x5e E:\01.workspace\02.mcu\05.nokey_ch573\LIB\libCH57xBLE.a(l2cap_input.o)
                0x000000000000bc5a                l2capParseConnectRsp
 .text.l2capParseSignalHdr
                0x000000000000bcb8       0x22 E:\01.workspace\02.mcu\05.nokey_ch573\LIB\libCH57xBLE.a(l2cap_input.o)
                0x000000000000bcb8                l2capParseSignalHdr
 .text.l2capParsePacket
                0x000000000000bcda       0x8c E:\01.workspace\02.mcu\05.nokey_ch573\LIB\libCH57xBLE.a(l2cap_input.o)
                0x000000000000bcda                l2capParsePacket
 .text.l2capProcessReq
                0x000000000000bd66      0x15a E:\01.workspace\02.mcu\05.nokey_ch573\LIB\libCH57xBLE.a(l2cap_input.o)
                0x000000000000bd66                l2capProcessReq
 .text.l2capProcessRsp
                0x000000000000bec0      0x150 E:\01.workspace\02.mcu\05.nokey_ch573\LIB\libCH57xBLE.a(l2cap_input.o)
                0x000000000000bec0                l2capProcessRsp
 .text.l2capProcessRxData
                0x000000000000c010       0xf8 E:\01.workspace\02.mcu\05.nokey_ch573\LIB\libCH57xBLE.a(l2cap_input.o)
                0x000000000000c010                l2capProcessRxData
 .text.l2capNotifyData
                0x000000000000c108       0x5a E:\01.workspace\02.mcu\05.nokey_ch573\LIB\libCH57xBLE.a(l2cap_output.o)
                0x000000000000c108                l2capNotifyData
 .text.l2capNotifySignal
                0x000000000000c162       0x76 E:\01.workspace\02.mcu\05.nokey_ch573\LIB\libCH57xBLE.a(l2cap_output.o)
                0x000000000000c162                l2capNotifySignal
 .text.l2capNotifyCreditEvt
                0x000000000000c1d8       0x9c E:\01.workspace\02.mcu\05.nokey_ch573\LIB\libCH57xBLE.a(l2cap_output.o)
                0x000000000000c1d8                l2capNotifyCreditEvt
 .text.l2capNotifyChannelEstEvt
                0x000000000000c274       0x58 E:\01.workspace\02.mcu\05.nokey_ch573\LIB\libCH57xBLE.a(l2cap_output.o)
                0x000000000000c274                l2capNotifyChannelEstEvt
 .text.l2capNotifyChannelTermEvt
                0x000000000000c2cc       0x3e E:\01.workspace\02.mcu\05.nokey_ch573\LIB\libCH57xBLE.a(l2cap_output.o)
                0x000000000000c2cc                l2capNotifyChannelTermEvt
 .text.l2capNotifyEvent
                0x000000000000c30a       0x66 E:\01.workspace\02.mcu\05.nokey_ch573\LIB\libCH57xBLE.a(l2cap_output.o)
                0x000000000000c30a                l2capNotifyEvent
 .text.l2capStoreFCPkt
                0x000000000000c370       0x32 E:\01.workspace\02.mcu\05.nokey_ch573\LIB\libCH57xBLE.a(l2cap_output.o)
                0x000000000000c370                l2capStoreFCPkt
 .text.l2capFreeTxSDU
                0x000000000000c3a2       0x9a E:\01.workspace\02.mcu\05.nokey_ch573\LIB\libCH57xBLE.a(l2cap_output.o)
                0x000000000000c3a2                l2capFreeTxSDU
 .text.l2capReassembleSegment
                0x000000000000c43c      0x174 E:\01.workspace\02.mcu\05.nokey_ch573\LIB\libCH57xBLE.a(l2cap_output.o)
                0x000000000000c43c                l2capReassembleSegment
 .text.l2capEncapSendData
                0x000000000000c5b0       0xec E:\01.workspace\02.mcu\05.nokey_ch573\LIB\libCH57xBLE.a(l2cap_output.o)
                0x000000000000c5b0                l2capEncapSendData
 .text.l2capSendFCPkt.part.3
                0x000000000000c69c       0x70 E:\01.workspace\02.mcu\05.nokey_ch573\LIB\libCH57xBLE.a(l2cap_output.o)
 .text.l2capSendSegment
                0x000000000000c70c      0x108 E:\01.workspace\02.mcu\05.nokey_ch573\LIB\libCH57xBLE.a(l2cap_output.o)
                0x000000000000c70c                l2capSendSegment
 .text.l2capSendNextSegment
                0x000000000000c814       0xb4 E:\01.workspace\02.mcu\05.nokey_ch573\LIB\libCH57xBLE.a(l2cap_output.o)
                0x000000000000c814                l2capSendNextSegment
 .text.l2capSendPkt
                0x000000000000c8c8       0x3a E:\01.workspace\02.mcu\05.nokey_ch573\LIB\libCH57xBLE.a(l2cap_output.o)
                0x000000000000c8c8                l2capSendPkt
 .text.L2CAP_SendData
                0x000000000000c902       0x82 E:\01.workspace\02.mcu\05.nokey_ch573\LIB\libCH57xBLE.a(l2cap_output.o)
                0x000000000000c902                L2CAP_SendData
 .text.l2capSendCmd
                0x000000000000c984       0x8a E:\01.workspace\02.mcu\05.nokey_ch573\LIB\libCH57xBLE.a(l2cap_output.o)
                0x000000000000c984                l2capSendCmd
 .text.l2capSendReq
                0x000000000000ca0e       0xbc E:\01.workspace\02.mcu\05.nokey_ch573\LIB\libCH57xBLE.a(l2cap_output.o)
                0x000000000000ca0e                l2capSendReq
 .text.l2capBuildDisconnectReq
                0x000000000000caca       0x28 E:\01.workspace\02.mcu\05.nokey_ch573\LIB\libCH57xBLE.a(l2cap_sdu.o)
 .text.l2capBuildParamUpdateReq
                0x000000000000caf2       0x4c E:\01.workspace\02.mcu\05.nokey_ch573\LIB\libCH57xBLE.a(l2cap_sdu.o)
 .text.l2capBuildParamUpdateRsp
                0x000000000000cb3e       0x16 E:\01.workspace\02.mcu\05.nokey_ch573\LIB\libCH57xBLE.a(l2cap_sdu.o)
 .text.l2capBuildConnectRsp
                0x000000000000cb54       0x5e E:\01.workspace\02.mcu\05.nokey_ch573\LIB\libCH57xBLE.a(l2cap_sdu.o)
 .text.l2capBuildCmdReject
                0x000000000000cbb2       0x62 E:\01.workspace\02.mcu\05.nokey_ch573\LIB\libCH57xBLE.a(l2cap_sdu.o)
                0x000000000000cbb2                l2capBuildCmdReject
 .text.l2capBuildDisconnectRsp
                0x000000000000cc14       0x28 E:\01.workspace\02.mcu\05.nokey_ch573\LIB\libCH57xBLE.a(l2cap_sdu.o)
                0x000000000000cc14                l2capBuildDisconnectRsp
 .text.l2capSendConnectRsp
                0x000000000000cc3c       0xa2 E:\01.workspace\02.mcu\05.nokey_ch573\LIB\libCH57xBLE.a(l2cap_sdu.o)
                0x000000000000cc3c                l2capSendConnectRsp
 .text.L2CAP_CmdReject
                0x000000000000ccde       0x12 E:\01.workspace\02.mcu\05.nokey_ch573\LIB\libCH57xBLE.a(l2cap_sdu.o)
                0x000000000000ccde                L2CAP_CmdReject
 .text.L2CAP_DisconnectReq
                0x000000000000ccf0       0x2a E:\01.workspace\02.mcu\05.nokey_ch573\LIB\libCH57xBLE.a(l2cap_sdu.o)
                0x000000000000ccf0                L2CAP_DisconnectReq
 .text.L2CAP_ConnParamUpdateReq
                0x000000000000cd1a       0x16 E:\01.workspace\02.mcu\05.nokey_ch573\LIB\libCH57xBLE.a(l2cap_sdu.o)
                0x000000000000cd1a                L2CAP_ConnParamUpdateReq
 .text.L2CAP_ConnParamUpdateRsp
                0x000000000000cd30       0x12 E:\01.workspace\02.mcu\05.nokey_ch573\LIB\libCH57xBLE.a(l2cap_sdu.o)
                0x000000000000cd30                L2CAP_ConnParamUpdateRsp
 .text.reportStatusChange
                0x000000000000cd42       0x3e E:\01.workspace\02.mcu\05.nokey_ch573\LIB\libCH57xBLE.a(linkdb.o)
 .text.linkDB_Init
                0x000000000000cd80       0x88 E:\01.workspace\02.mcu\05.nokey_ch573\LIB\libCH57xBLE.a(linkdb.o)
                0x000000000000cd80                linkDB_Init
 .text.linkDB_Find
                0x000000000000ce08       0x2c E:\01.workspace\02.mcu\05.nokey_ch573\LIB\libCH57xBLE.a(linkdb.o)
                0x000000000000ce08                linkDB_Find
 .text.linkDB_Authen
                0x000000000000ce34       0x5c E:\01.workspace\02.mcu\05.nokey_ch573\LIB\libCH57xBLE.a(linkdb.o)
                0x000000000000ce34                linkDB_Authen
 .text.linkDB_FindByAddr
                0x000000000000ce90       0x76 E:\01.workspace\02.mcu\05.nokey_ch573\LIB\libCH57xBLE.a(linkdb.o)
                0x000000000000ce90                linkDB_FindByAddr
 .text.linkDB_FindFirst
                0x000000000000cf06       0x38 E:\01.workspace\02.mcu\05.nokey_ch573\LIB\libCH57xBLE.a(linkdb.o)
                0x000000000000cf06                linkDB_FindFirst
 .text.linkDB_MTU
                0x000000000000cf3e       0x18 E:\01.workspace\02.mcu\05.nokey_ch573\LIB\libCH57xBLE.a(linkdb.o)
                0x000000000000cf3e                linkDB_MTU
 .text.linkDB_NumActive
                0x000000000000cf56       0x2e E:\01.workspace\02.mcu\05.nokey_ch573\LIB\libCH57xBLE.a(linkdb.o)
                0x000000000000cf56                linkDB_NumActive
 .text.linkDB_NumConns
                0x000000000000cf84        0x6 E:\01.workspace\02.mcu\05.nokey_ch573\LIB\libCH57xBLE.a(linkdb.o)
                0x000000000000cf84                linkDB_NumConns
 .text.linkDB_Register
                0x000000000000cf8a       0x28 E:\01.workspace\02.mcu\05.nokey_ch573\LIB\libCH57xBLE.a(linkdb.o)
                0x000000000000cf8a                linkDB_Register
 .text.linkDB_Remove
                0x000000000000cfb2       0x48 E:\01.workspace\02.mcu\05.nokey_ch573\LIB\libCH57xBLE.a(linkdb.o)
                0x000000000000cfb2                linkDB_Remove
 .text.linkDB_Role
                0x000000000000cffa       0x18 E:\01.workspace\02.mcu\05.nokey_ch573\LIB\libCH57xBLE.a(linkdb.o)
                0x000000000000cffa                linkDB_Role
 .text.linkDB_State
                0x000000000000d012       0x30 E:\01.workspace\02.mcu\05.nokey_ch573\LIB\libCH57xBLE.a(linkdb.o)
                0x000000000000d012                linkDB_State
 .text.linkDB_UpdateMTU
                0x000000000000d042       0x28 E:\01.workspace\02.mcu\05.nokey_ch573\LIB\libCH57xBLE.a(linkdb.o)
                0x000000000000d042                linkDB_UpdateMTU
 .text.linkDB_PerformFunc
                0x000000000000d06a       0x52 E:\01.workspace\02.mcu\05.nokey_ch573\LIB\libCH57xBLE.a(linkdb.o)
                0x000000000000d06a                linkDB_PerformFunc
 .text.linkDB_PeripheralLinkNum
                0x000000000000d0bc       0x3e E:\01.workspace\02.mcu\05.nokey_ch573\LIB\libCH57xBLE.a(linkdb.o)
                0x000000000000d0bc                linkDB_PeripheralLinkNum
 .text.linkDB_GetSMEvtID
                0x000000000000d0fa       0x58 E:\01.workspace\02.mcu\05.nokey_ch573\LIB\libCH57xBLE.a(linkdb.o)
                0x000000000000d0fa                linkDB_GetSMEvtID
 .text.linkDB_Add
                0x000000000000d152       0xb2 E:\01.workspace\02.mcu\05.nokey_ch573\LIB\libCH57xBLE.a(linkdb.o)
                0x000000000000d152                linkDB_Add
 .text.linkDB_GetHandleFromSMEvtID
                0x000000000000d204       0x32 E:\01.workspace\02.mcu\05.nokey_ch573\LIB\libCH57xBLE.a(linkdb.o)
                0x000000000000d204                linkDB_GetHandleFromSMEvtID
 .text.linkDB_GetPairingParam
                0x000000000000d236       0x54 E:\01.workspace\02.mcu\05.nokey_ch573\LIB\libCH57xBLE.a(linkdb.o)
                0x000000000000d236                linkDB_GetPairingParam
 .text.linkDB_NeedSendKey
                0x000000000000d28a       0x42 E:\01.workspace\02.mcu\05.nokey_ch573\LIB\libCH57xBLE.a(linkdb.o)
                0x000000000000d28a                linkDB_NeedSendKey
 .text.smpBuildPairingFailed
                0x000000000000d2cc       0x1a E:\01.workspace\02.mcu\05.nokey_ch573\LIB\libCH57xBLE.a(sm.o)
                0x000000000000d2cc                smpBuildPairingFailed
 .text.SM_StartEncryption
                0x000000000000d2e6       0x98 E:\01.workspace\02.mcu\05.nokey_ch573\LIB\libCH57xBLE.a(sm.o)
                0x000000000000d2e6                SM_StartEncryption
 .text.smpBuildEncInfo
                0x000000000000d37e       0x30 E:\01.workspace\02.mcu\05.nokey_ch573\LIB\libCH57xBLE.a(sm.o)
                0x000000000000d37e                smpBuildEncInfo
 .text.smpBuildIdentityAddrInfo
                0x000000000000d3ae       0x3a E:\01.workspace\02.mcu\05.nokey_ch573\LIB\libCH57xBLE.a(sm.o)
                0x000000000000d3ae                smpBuildIdentityAddrInfo
 .text.smpBuildIdentityInfo
                0x000000000000d3e8       0x30 E:\01.workspace\02.mcu\05.nokey_ch573\LIB\libCH57xBLE.a(sm.o)
                0x000000000000d3e8                smpBuildIdentityInfo
 .text.smpBuildMasterID
                0x000000000000d418       0x44 E:\01.workspace\02.mcu\05.nokey_ch573\LIB\libCH57xBLE.a(sm.o)
                0x000000000000d418                smpBuildMasterID
 .text.smpBuildPairingConfirm
                0x000000000000d45c       0x30 E:\01.workspace\02.mcu\05.nokey_ch573\LIB\libCH57xBLE.a(sm.o)
                0x000000000000d45c                smpBuildPairingConfirm
 .text.smpBuildPairingRandom
                0x000000000000d48c       0x30 E:\01.workspace\02.mcu\05.nokey_ch573\LIB\libCH57xBLE.a(sm.o)
                0x000000000000d48c                smpBuildPairingRandom
 .text.smpBuildSigningInfo
                0x000000000000d4bc       0x30 E:\01.workspace\02.mcu\05.nokey_ch573\LIB\libCH57xBLE.a(sm.o)
                0x000000000000d4bc                smpBuildSigningInfo
 .text.SM_ParamInit
                0x000000000000d4ec       0x5a E:\01.workspace\02.mcu\05.nokey_ch573\LIB\libCH57xBLE.a(sm.o)
                0x000000000000d4ec                SM_ParamInit
 .text.smDetermineKeySize
                0x000000000000d546       0x20 E:\01.workspace\02.mcu\05.nokey_ch573\LIB\libCH57xBLE.a(sm.o)
                0x000000000000d546                smDetermineKeySize
 .text.smProcessRandComplete
                0x000000000000d566       0x9e E:\01.workspace\02.mcu\05.nokey_ch573\LIB\libCH57xBLE.a(sm.o)
                0x000000000000d566                smProcessRandComplete
 .text.smSavePairInfo
                0x000000000000d604      0x186 E:\01.workspace\02.mcu\05.nokey_ch573\LIB\libCH57xBLE.a(sm.o)
                0x000000000000d604                smSavePairInfo
 .text.smSetPairingReqRsp
                0x000000000000d78a       0x38 E:\01.workspace\02.mcu\05.nokey_ch573\LIB\libCH57xBLE.a(sm.o)
                0x000000000000d78a                smSetPairingReqRsp
 .text.smStartEncryption
                0x000000000000d7c2       0x16 E:\01.workspace\02.mcu\05.nokey_ch573\LIB\libCH57xBLE.a(sm.o)
                0x000000000000d7c2                smStartEncryption
 .text.smStartRspTimer
                0x000000000000d7d8       0x36 E:\01.workspace\02.mcu\05.nokey_ch573\LIB\libCH57xBLE.a(sm.o)
                0x000000000000d7d8                smStartRspTimer
 .text.smSendSMMsg
                0x000000000000d80e       0x5c E:\01.workspace\02.mcu\05.nokey_ch573\LIB\libCH57xBLE.a(sm.o)
                0x000000000000d80e                smSendSMMsg
 .text.smGenerateConfirm
                0x000000000000d86a       0x34 E:\01.workspace\02.mcu\05.nokey_ch573\LIB\libCH57xBLE.a(sm.o)
                0x000000000000d86a                smGenerateConfirm
 .text.smGenerateRandMsg
                0x000000000000d89e       0x34 E:\01.workspace\02.mcu\05.nokey_ch573\LIB\libCH57xBLE.a(sm.o)
                0x000000000000d89e                smGenerateRandMsg
 .text.smPairingSendEncInfo
                0x000000000000d8d2       0x10 E:\01.workspace\02.mcu\05.nokey_ch573\LIB\libCH57xBLE.a(sm.o)
                0x000000000000d8d2                smPairingSendEncInfo
 .text.smPairingSendIdentityAddrInfo
                0x000000000000d8e2       0x38 E:\01.workspace\02.mcu\05.nokey_ch573\LIB\libCH57xBLE.a(sm.o)
                0x000000000000d8e2                smPairingSendIdentityAddrInfo
 .text.smPairingSendIdentityInfo
                0x000000000000d91a       0x10 E:\01.workspace\02.mcu\05.nokey_ch573\LIB\libCH57xBLE.a(sm.o)
                0x000000000000d91a                smPairingSendIdentityInfo
 .text.smPairingSendMasterID
                0x000000000000d92a       0x38 E:\01.workspace\02.mcu\05.nokey_ch573\LIB\libCH57xBLE.a(sm.o)
                0x000000000000d92a                smPairingSendMasterID
 .text.smPairingSendSingingInfo
                0x000000000000d962       0x10 E:\01.workspace\02.mcu\05.nokey_ch573\LIB\libCH57xBLE.a(sm.o)
                0x000000000000d962                smPairingSendSingingInfo
 .text.smInitiatorSendNextKeyInfo
                0x000000000000d972      0x1c2 E:\01.workspace\02.mcu\05.nokey_ch573\LIB\libCH57xBLE.a(sm.o)
                0x000000000000d972                smInitiatorSendNextKeyInfo
 .text.smResponderSendNextKeyInfo
                0x000000000000db34      0x216 E:\01.workspace\02.mcu\05.nokey_ch573\LIB\libCH57xBLE.a(sm.o)
                0x000000000000db34                smResponderSendNextKeyInfo
 .text.smGeneratePairingReqRsp
                0x000000000000dd4a       0x3e E:\01.workspace\02.mcu\05.nokey_ch573\LIB\libCH57xBLE.a(sm.o)
                0x000000000000dd4a                smGeneratePairingReqRsp
 .text.smStopRspTimer
                0x000000000000dd88        0xa E:\01.workspace\02.mcu\05.nokey_ch573\LIB\libCH57xBLE.a(sm.o)
                0x000000000000dd88                smStopRspTimer
 .text.smFreePairingParams
                0x000000000000dd92       0x68 E:\01.workspace\02.mcu\05.nokey_ch573\LIB\libCH57xBLE.a(sm.o)
                0x000000000000dd92                smFreePairingParams
 .text.smEndPairing
                0x000000000000ddfa       0x5c E:\01.workspace\02.mcu\05.nokey_ch573\LIB\libCH57xBLE.a(sm.o)
                0x000000000000ddfa                smEndPairing
 .text.setupInitiatorKeys
                0x000000000000de56       0x82 E:\01.workspace\02.mcu\05.nokey_ch573\LIB\libCH57xBLE.a(sm.o)
                0x000000000000de56                setupInitiatorKeys
 .text.smNextPairingState
                0x000000000000ded8       0x56 E:\01.workspace\02.mcu\05.nokey_ch573\LIB\libCH57xBLE.a(sm.o)
                0x000000000000ded8                smNextPairingState
 .text.smProcessEncryptChange
                0x000000000000df2e       0xde E:\01.workspace\02.mcu\05.nokey_ch573\LIB\libCH57xBLE.a(sm.o)
                0x000000000000df2e                smProcessEncryptChange
 .text.smSendFailAndEnd
                0x000000000000e00c       0x38 E:\01.workspace\02.mcu\05.nokey_ch573\LIB\libCH57xBLE.a(sm.o)
                0x000000000000e00c                smSendFailAndEnd
 .text.smProcessPairingReq