Archive member included to satisfy reference by file (symbol)

e:/01.workspace/02.mcu/05.nokey_ch573/vehicleKey/StdPeriphDriver\libISP573.a(ISP573.o)
                              ./StdPeriphDriver/CH57x_flash.o (FLASH_EEPROM_CMD)
E:\01.workspace\02.mcu\05.nokey_ch573\LIB\libCH57xBLE.a(message.o)
                              ./Profile/hiddev.o (tmos_msg_deallocate)
E:\01.workspace\02.mcu\05.nokey_ch573\LIB\libCH57xBLE.a(tmos.o)
                              ./Profile/battservice.o (tmos_memcpy)
E:\01.workspace\02.mcu\05.nokey_ch573\LIB\libCH57xBLE.a(tmos_hw.o)
                              E:\01.workspace\02.mcu\05.nokey_ch573\LIB\libCH57xBLE.a(tmos.o) (RTC_Get32KClock)
E:\01.workspace\02.mcu\05.nokey_ch573\LIB\libCH57xBLE.a(tmos_snv.o)
                              E:\01.workspace\02.mcu\05.nokey_ch573\LIB\libCH57xBLE.a(tmos.o) (tmos_snv_init)
E:\01.workspace\02.mcu\05.nokey_ch573\LIB\libCH57xBLE.a(gap.o)
                              ./Profile/hiddev.o (GAP_SetParamValue)
E:\01.workspace\02.mcu\05.nokey_ch573\LIB\libCH57xBLE.a(gap_central.o)
                              E:\01.workspace\02.mcu\05.nokey_ch573\LIB\libCH57xBLE.a(gap.o) (GAP_CentralParamInit)
E:\01.workspace\02.mcu\05.nokey_ch573\LIB\libCH57xBLE.a(gap_peripheral.o)
                              E:\01.workspace\02.mcu\05.nokey_ch573\LIB\libCH57xBLE.a(gap.o) (GAP_PeripheralParamInit)
E:\01.workspace\02.mcu\05.nokey_ch573\LIB\libCH57xBLE.a(gapgattserver.o)
                              ./APP/hidconsumer.o (GGS_SetParameter)
E:\01.workspace\02.mcu\05.nokey_ch573\LIB\libCH57xBLE.a(gatt.o)
                              ./Profile/battservice.o (GATT_bm_alloc)
E:\01.workspace\02.mcu\05.nokey_ch573\LIB\libCH57xBLE.a(gatt_uuid.o)
                              ./Profile/battservice.o (reportRefUUID)
E:\01.workspace\02.mcu\05.nokey_ch573\LIB\libCH57xBLE.a(gattclientapp.o)
                              E:\01.workspace\02.mcu\05.nokey_ch573\LIB\libCH57xBLE.a(gatt.o) (gattGetClientStatus)
E:\01.workspace\02.mcu\05.nokey_ch573\LIB\libCH57xBLE.a(gattservapp.o)
                              ./Profile/battservice.o (GATTServApp_ReadCharCfg)
E:\01.workspace\02.mcu\05.nokey_ch573\LIB\libCH57xBLE.a(l2cap.o)
                              E:\01.workspace\02.mcu\05.nokey_ch573\LIB\libCH57xBLE.a(gatt.o) (L2CAP_GetMTU)
E:\01.workspace\02.mcu\05.nokey_ch573\LIB\libCH57xBLE.a(l2cap_input.o)
                              E:\01.workspace\02.mcu\05.nokey_ch573\LIB\libCH57xBLE.a(l2cap.o) (l2capProcessRxData)
E:\01.workspace\02.mcu\05.nokey_ch573\LIB\libCH57xBLE.a(l2cap_output.o)
                              E:\01.workspace\02.mcu\05.nokey_ch573\LIB\libCH57xBLE.a(l2cap_input.o) (l2capNotifyData)
E:\01.workspace\02.mcu\05.nokey_ch573\LIB\libCH57xBLE.a(l2cap_sdu.o)
                              E:\01.workspace\02.mcu\05.nokey_ch573\LIB\libCH57xBLE.a(l2cap_input.o) (l2capBuildDisconnectRsp)
E:\01.workspace\02.mcu\05.nokey_ch573\LIB\libCH57xBLE.a(linkdb.o)
                              E:\01.workspace\02.mcu\05.nokey_ch573\LIB\libCH57xBLE.a(l2cap.o) (linkDB_Init)
E:\01.workspace\02.mcu\05.nokey_ch573\LIB\libCH57xBLE.a(sm.o)
                              E:\01.workspace\02.mcu\05.nokey_ch573\LIB\libCH57xBLE.a(gap.o) (smStartEncryption)
E:\01.workspace\02.mcu\05.nokey_ch573\LIB\libCH57xBLE.a(host_input.o)
                              E:\01.workspace\02.mcu\05.nokey_ch573\LIB\libCH57xBLE.a(gap.o) (gBleHostPara)
E:\01.workspace\02.mcu\05.nokey_ch573\LIB\libCH57xBLE.a(host_output.o)
                              E:\01.workspace\02.mcu\05.nokey_ch573\LIB\libCH57xBLE.a(gap.o) (HCI_DisconnectCmd)
E:\01.workspace\02.mcu\05.nokey_ch573\LIB\libCH57xBLE.a(ll_connect.o)
                              E:\01.workspace\02.mcu\05.nokey_ch573\LIB\libCH57xBLE.a(tmos.o) (LL_GetNextConnectEventTime)
E:\01.workspace\02.mcu\05.nokey_ch573\LIB\libCH57xBLE.a(ll_core.o)
                              E:\01.workspace\02.mcu\05.nokey_ch573\LIB\libCH57xBLE.a(ll_connect.o) (LL_CoreGetCore)
E:\01.workspace\02.mcu\05.nokey_ch573\LIB\libCH57xBLE.a(ll_hop.o)
                              E:\01.workspace\02.mcu\05.nokey_ch573\LIB\libCH57xBLE.a(ll_connect.o) (LL_HopGetChannel)
E:\01.workspace\02.mcu\05.nokey_ch573\LIB\libCH57xBLE.a(ll_master.o)
                              E:\01.workspace\02.mcu\05.nokey_ch573\LIB\libCH57xBLE.a(gap_central.o) (LL_SetDataSendPriority)
E:\01.workspace\02.mcu\05.nokey_ch573\LIB\libCH57xBLE.a(ll_pdu.o)
                              E:\01.workspace\02.mcu\05.nokey_ch573\LIB\libCH57xBLE.a(ll_master.o) (LL_ConnectionUpdateReq)
E:\01.workspace\02.mcu\05.nokey_ch573\LIB\libCH57xBLE.a(ll_report.o)
                              E:\01.workspace\02.mcu\05.nokey_ch573\LIB\libCH57xBLE.a(ll_connect.o) (LL_ReportGenerateEvent)
E:\01.workspace\02.mcu\05.nokey_ch573\LIB\libCH57xBLE.a(ll_scan.o)
                              E:\01.workspace\02.mcu\05.nokey_ch573\LIB\libCH57xBLE.a(ll_master.o) (LL_ScanEnable)
[...]
Memory Configuration

Name             Origin             Length             Attributes
FLASH            0x0000000000000000 0x0000000000070000 xr
RAM              0x0000000020003800 0x0000000000004800 xrw
*default*        0x0000000000000000 0xffffffffffffffff

Linker script and memory map

LOAD ./StdPeriphDriver/CH57x_adc.o
LOAD ./StdPeriphDriver/CH57x_clk.o
LOAD ./StdPeriphDriver/CH57x_flash.o
LOAD ./StdPeriphDriver/CH57x_gpio.o
LOAD ./StdPeriphDriver/CH57x_pwm.o
LOAD ./StdPeriphDriver/CH57x_pwr.o
LOAD ./StdPeriphDriver/CH57x_sys.o
LOAD ./StdPeriphDriver/CH57x_uart0.o
LOAD ./StdPeriphDriver/CH57x_uart1.o
LOAD ./Startup/startup_CH573.o
LOAD ./RVMSIS/core_riscv.o
LOAD ./Profile/battservice.o
LOAD ./Profile/devinfoservice.o
LOAD ./Profile/hidconsumerservice.o
LOAD ./Profile/hiddev.o
LOAD ./Profile/scanparamservice.o
LOAD ./HAL/CKEY.o
LOAD ./HAL/KEY.o
LOAD ./HAL/LED.o
LOAD ./HAL/MCU.o
LOAD ./HAL/RTC.o
LOAD ./HAL/SLEEP.o
LOAD ./APP/hidconsumer.o
LOAD ./APP/hidconsumer_main.o
LOAD ./APP/keyUser.o
LOAD e:/01.workspace/02.mcu/05.nokey_ch573/vehicleKey/StdPeriphDriver\libISP573.a
LOAD E:\01.workspace\02.mcu\05.nokey_ch573\LIB\libCH57xBLE.a
LOAD c:/mounriverstudio/mounriver_studio2/resources/app/resources/win32/components/wch/toolchain/risc-v embedded gcc/bin/../lib/gcc/riscv-none-embed/8.2.0/rv32imac/ilp32\libgcc.a
LOAD c:/mounriverstudio/mounriver_studio2/resources/app/resources/win32/components/wch/toolchain/risc-v embedded gcc/bin/../lib/gcc/riscv-none-embed/8.2.0/../../../../riscv-none-embed/lib/rv32imac/ilp32\libg_nano.a
LOAD c:/mounriverstudio/mounriver_studio2/resources/app/resources/win32/components/wch/toolchain/risc-v embedded gcc/bin/../lib/gcc/riscv-none-embed/8.2.0/../../../../riscv-none-embed/lib/rv32imac/ilp32\libc_nano.a
LOAD c:/mounriverstudio/mounriver_studio2/resources/app/resources/win32/components/wch/toolchain/risc-v embedded gcc/bin/../lib/gcc/riscv-none-embed/8.2.0/rv32imac/ilp32\libgcc.a
START GROUP
LOAD c:/mounriverstudio/mounriver_studio2/resources/app/resources/win32/components/wch/toolchain/risc-v embedded gcc/bin/../lib/gcc/riscv-none-embed/8.2.0/rv32imac/ilp32\libgcc.a
LOAD c:/mounriverstudio/mounriver_studio2/resources/app/resources/win32/components/wch/toolchain/risc-v embedded gcc/bin/../lib/gcc/riscv-none-embed/8.2.0/../../../../riscv-none-embed/lib/rv32imac/ilp32\libc_nano.a
LOAD c:/mounriverstudio/mounriver_studio2/resources/app/resources/win32/components/wch/toolchain/risc-v embedded gcc/bin/../lib/gcc/riscv-none-embed/8.2.0/../../../../riscv-none-embed/lib/rv32imac/ilp32\libnosys.a
END GROUP
START GROUP
LOAD c:/mounriverstudio/mounriver_studio2/resources/app/resources/win32/components/wch/toolchain/risc-v embedded gcc/bin/../lib/gcc/riscv-none-embed/8.2.0/rv32imac/ilp32\libgcc.a
LOAD c:/mounriverstudio/mounriver_studio2/resources/app/resources/win32/components/wch/toolchain/risc-v embedded gcc/bin/../lib/gcc/riscv-none-embed/8.2.0/../../../../riscv-none-embed/lib/rv32imac/ilp32\libc_nano.a
LOAD c:/mounriverstudio/mounriver_studio2/resources/app/resources/win32/components/wch/toolchain/risc-v embedded gcc/bin/../lib/gcc/riscv-none-embed/8.2.0/../../../../riscv-none-embed/lib/rv32imac/ilp32\libnosys.a
END GROUP
                0x0000000000000200                __stack_size = 0x200
                [!provide]                        PROVIDE (_stack_size = __stack_size)

.init           0x0000000000000000        0x4
                0x0000000000000000                _sinit = .
                0x0000000000000000                . = ALIGN (0x4)
 *(SORT_NONE(.init))
 .init          0x0000000000000000        0x4 ./Startup/startup_CH573.o
                0x0000000000000000                _start
                0x0000000000000004                . = ALIGN (0x4)
                0x0000000000000004                _einit = .

.highcodelalign
                0x0000000000000004        0x0
                0x0000000000000004                . = ALIGN (0x4)
                0x0000000000000004                PROVIDE (_highcode_lma = .)

.highcode       0x0000000020003800     0x11dc load address 0x0000000000000004
                0x0000000020003800                . = ALIGN (0x4)
                0x0000000020003800                PROVIDE (_highcode_vma_start = .)
 *(.vector)
 .vector        0x0000000020003800       0x90 ./Startup/startup_CH573.o
 *(SORT_NONE(.vector_handler))
 .vector_handler
                0x0000000020003890       0x2c ./Startup/startup_CH573.o
                0x0000000020003890                NMI_Handler
                0x0000000020003894                SysTick_Handler
                0x0000000020003896                SW_Handler
                0x0000000020003898                TMR0_IRQHandler
                0x000000002000389a                GPIOA_IRQHandler
                0x000000002000389c                GPIOB_IRQHandler
                0x000000002000389e                SPI0_IRQHandler
                0x00000000200038a0                BB_IRQHandler
                0x00000000200038a2                LLE_IRQHandler
                0x00000000200038a4                USB_IRQHandler
                0x00000000200038a6                TMR1_IRQHandler
                0x00000000200038a8                TMR2_IRQHandler
                0x00000000200038aa                UART0_IRQHandler
                0x00000000200038ac                UART1_IRQHandler
                0x00000000200038b0                ADC_IRQHandler
                0x00000000200038b2                PWMX_IRQHandler
                0x00000000200038b4                TMR3_IRQHandler
                0x00000000200038b6                UART2_IRQHandler
                0x00000000200038b8                UART3_IRQHandler
                0x00000000200038ba                WDOG_BAT_IRQHandler
 *(.highcode)
 .highcode      0x00000000200038bc       0x4e ./StdPeriphDriver/CH57x_clk.o
                0x00000000200038bc                Get_Calibration_Cnt_RAM
 .highcode      0x000000002000390a      0x1d0 ./StdPeriphDriver/CH57x_sys.o
                0x000000002000390a                SetSysClock
                0x0000000020003a22                SYS_ResetExecute
                0x0000000020003a5e                HardFault_Handler
                0x0000000020003aa4                mDelayuS
                0x0000000020003ab2                mDelaymS
 .highcode      0x0000000020003ada       0x16 ./HAL/RTC.o
                0x0000000020003ada                RTC_IRQHandler
 .highcode      0x0000000020003af0       0x22 ./APP/hidconsumer_main.o
                0x0000000020003af0                Main_Circulation
 .highcode      0x0000000020003b12      0x3fa e:/01.workspace/02.mcu/05.nokey_ch573/vehicleKey/StdPeriphDriver\libISP573.a(ISP573.o)
                0x0000000020003b12                FLASH_ROM_BEG
                0x0000000020003b22                FLASH_ROM_END
                0x0000000020003b30                FLASH_ROM_IN
                0x0000000020003b3e                FLASH_ROM_OUT
                0x0000000020003b4c                FLASH_ROM_ADDR
                0x0000000020003b94                FLASH_ROM_WAIT
                0x0000000020003bcc                FLASH_EEPROM_CMD
 .highcode      0x0000000020003f0c      0x230 E:\01.workspace\02.mcu\05.nokey_ch573\LIB\libCH57xBLE.a(tmos.o)
                0x0000000020003f28                tmos_memcpy
                0x0000000020003f48                tmos_memcpy_word
                0x0000000020003f64                TMOS_SystemProcess
 .highcode      0x000000002000413c       0xc2 E:\01.workspace\02.mcu\05.nokey_ch573\LIB\libCH57xBLE.a(tmos_hw.o)
                0x000000002000413c                BLE_GetHSEClock
                0x000000002000417a                RTC_Get32KClock
                0x0000000020004192                SYS_GetTickCount
 .highcode      0x00000000200041fe      0x138 E:\01.workspace\02.mcu\05.nokey_ch573\LIB\libCH57xBLE.a(ll_connect.o)
                0x00000000200041fe                ll_connect_process_data
                0x000000002000424c                ll_connect_event_continue
 .highcode      0x0000000020004336      0x1c4 E:\01.workspace\02.mcu\05.nokey_ch573\LIB\libCH57xBLE.a(bb.o)
                0x0000000020004336                BB_IRQLibHandler
                0x00000000200044b0                BB_IRQLibFunction
 .highcode      0x00000000200044fa      0x156 E:\01.workspace\02.mcu\05.nokey_ch573\LIB\libCH57xBLE.a(ip.o)
                0x00000000200044fa                ll_tx_wait_finish
                0x0000000020004526                ll_tx_wait_tx_dma_finish
                0x0000000020004560                ll_rx_wait_finish
                0x0000000020004596                ll_rx_wait_tx_dma_finish
                0x00000000200045c6                ble_ll_chkcrc
 .highcode      0x0000000020004650      0x1a4 E:\01.workspace\02.mcu\05.nokey_ch573\LIB\libCH57xBLE.a(lle.o)
                0x0000000020004650                LLE_IRQLibHandler
                0x00000000200047aa                LLE_IRQLibFunction
 .highcode      0x00000000200047f4       0x82 E:\01.workspace\02.mcu\05.nokey_ch573\LIB\libCH57xBLE.a(rf_fh.o)
                0x00000000200047f4                RF_HopGetChannel
 .highcode      0x0000000020004876       0x2c E:\01.workspace\02.mcu\05.nokey_ch573\LIB\libCH57xBLE.a(rfend.o)
                0x0000000020004876                RFEND_WaitTune
 .highcode      0x00000000200048a2      0x13a E:\01.workspace\02.mcu\05.nokey_ch573\LIB\libCH57xBLE.a(memory.o)
                0x00000000200048a2                tmos_memory_allocate
                0x000000002000493c                tmos_memory_free
 *(.highcode.*)
                0x00000000200049dc                . = ALIGN (0x4)
 *fill*         0x00000000200049dc        0x0 
                0x00000000200049dc                PROVIDE (_highcode_vma_end = .)

.text           0x00000000000011e0    0x1e700
                0x00000000000011e0                . = ALIGN (0x4)
 *(SORT_NONE(.handle_reset))
 .handle_reset  0x00000000000011e0       0xa2 ./Startup/startup_CH573.o
                0x00000000000011e0                handle_reset
 *(.text)
 .text          0x0000000000001282       0xa8 c:/mounriverstudio/mounriver_studio2/resources/app/resources/win32/components/wch/toolchain/risc-v embedded gcc/bin/../lib/gcc/riscv-none-embed/8.2.0/../../../../riscv-none-embed/lib/rv32imac/ilp32\libg_nano.a(lib_a-memset.o)
                0x0000000000001282                memset
 *(.text.*)
 .text.ADC_InterTSSampInit
                0x000000000000132a       0x28 ./StdPeriphDriver/CH57x_adc.o
                0x000000000000132a                ADC_InterTSSampInit
 .text.Calibration_LSI_FLASH
                0x0000000000001352      0x290 ./StdPeriphDriver/CH57x_clk.o
                0x0000000000001352                Calibration_LSI_FLASH
 .text.Calibration_LSI_RAM
                0x00000000000015e2      0x246 ./StdPeriphDriver/CH57x_clk.o
                0x00000000000015e2                Calibration_LSI_RAM
 .text.RTC_InitTime
                0x0000000000001828      0x138 ./StdPeriphDriver/CH57x_clk.o
                0x0000000000001828                RTC_InitTime
 .text.GPIOA_ModeCfg
                0x0000000000001960       0xa6 ./StdPeriphDriver/CH57x_gpio.o
                0x0000000000001960                GPIOA_ModeCfg
 .text.PWMX_CycleCfg
                0x0000000000001a06       0x8c ./StdPeriphDriver/CH57x_pwm.o
                0x0000000000001a06                PWMX_CycleCfg
 .text.PWMX_ACTOUT
                0x0000000000001a92       0x5e ./StdPeriphDriver/CH57x_pwm.o
                0x0000000000001a92                PWMX_ACTOUT
 .text.GetSysClock
                0x0000000000001af0       0x42 ./StdPeriphDriver/CH57x_sys.o
                0x0000000000001af0                GetSysClock
 .text.SYS_GetSysTickCnt
                0x0000000000001b32        0xa ./StdPeriphDriver/CH57x_sys.o
                0x0000000000001b32                SYS_GetSysTickCnt
 .text._write   0x0000000000001b3c       0x28 ./StdPeriphDriver/CH57x_sys.o
                0x0000000000001b3c                _write
 .text._sbrk    0x0000000000001b64       0x34 ./StdPeriphDriver/CH57x_sys.o
                0x0000000000001b64                _sbrk
 .text.UART1_BaudRateCfg
                0x0000000000001b98       0x30 ./StdPeriphDriver/CH57x_uart1.o
                0x0000000000001b98                UART1_BaudRateCfg
 .text.UART1_DefInit
                0x0000000000001bc8       0x32 ./StdPeriphDriver/CH57x_uart1.o
                0x0000000000001bc8                UART1_DefInit
 .text.battMeasure
                0x0000000000001bfa       0x78 ./Profile/battservice.o
 .text.battWriteAttrCB
                0x0000000000001c72       0x5e ./Profile/battservice.o
 .text.battReadAttrCB
                0x0000000000001cd0       0x72 ./Profile/battservice.o
 .text.battNotifyCB
                0x0000000000001d42       0x72 ./Profile/battservice.o
 .text.Batt_AddService
                0x0000000000001db4       0x2c ./Profile/battservice.o
                0x0000000000001db4                Batt_AddService
 .text.Batt_Register
                0x0000000000001de0        0x6 ./Profile/battservice.o
                0x0000000000001de0                Batt_Register
 .text.Batt_SetParameter
                0x0000000000001de6       0x36 ./Profile/battservice.o
                0x0000000000001de6                Batt_SetParameter
 .text.Batt_GetParameter
                0x0000000000001e1c       0x66 ./Profile/battservice.o
                0x0000000000001e1c                Batt_GetParameter
 .text.Batt_MeasLevel
                0x0000000000001e82       0x26 ./Profile/battservice.o
                0x0000000000001e82                Batt_MeasLevel
 .text.Batt_HandleConnStatusCB
                0x0000000000001ea8       0x3e ./Profile/battservice.o
                0x0000000000001ea8                Batt_HandleConnStatusCB
 .text.devInfo_ReadAttrCB
                0x0000000000001ee6      0x196 ./Profile/devinfoservice.o
 .text.DevInfo_AddService
                0x000000000000207c       0x18 ./Profile/devinfoservice.o
                0x000000000000207c                DevInfo_AddService
 .text.Hid_AddService
                0x0000000000002094       0x96 ./Profile/hidconsumerservice.o
                0x0000000000002094                Hid_AddService
 .text.Hid_SetParameter
                0x000000000000212a       0x28 ./Profile/hidconsumerservice.o
                0x000000000000212a                Hid_SetParameter
 .text.Hid_GetParameter
                0x0000000000002152       0x28 ./Profile/hidconsumerservice.o
                0x0000000000002152                Hid_GetParameter
 .text.hidDevScanParamCB
                0x000000000000217a        0x2 ./Profile/hiddev.o
 .text.hidDevRptByHandle
                0x000000000000217c       0x30 ./Profile/hiddev.o
 .text.hidDevParamUpdateCB
                0x00000000000021ac       0x12 ./Profile/hiddev.o
 .text.hidRssiCB
                0x00000000000021be       0x12 ./Profile/hiddev.o
 .text.hidDevInitialAdvertising
                0x00000000000021d0       0x3c ./Profile/hiddev.o
 .text.hidDevBattCB
                0x000000000000220c       0x28 ./Profile/hiddev.o
 .text.hidDevPairStateCB
                0x0000000000002234       0x26 ./Profile/hiddev.o
 .text.hidDevPasscodeCB
                0x000000000000225a       0x34 ./Profile/hiddev.o
 .text.HidDev_ProcessEvent
                0x000000000000228e       0x6c ./Profile/hiddev.o
                0x000000000000228e                HidDev_ProcessEvent
 .text.hidDevGapStateCB
                0x00000000000022fa      0x122 ./Profile/hiddev.o
 .text.HidDev_Init
                0x000000000000241c       0x6a ./Profile/hiddev.o
                0x000000000000241c                HidDev_Init
 .text.HidDev_Register
                0x0000000000002486        0xa ./Profile/hiddev.o
                0x0000000000002486                HidDev_Register
 .text.HidDev_RegisterReports
                0x0000000000002490        0xa ./Profile/hiddev.o
                0x0000000000002490                HidDev_RegisterReports
 .text.HidDev_ReadAttrCB
                0x000000000000249a      0x104 ./Profile/hiddev.o
                0x000000000000249a                HidDev_ReadAttrCB
 .text.HidDev_WriteAttrCB
                0x000000000000259e      0x146 ./Profile/hiddev.o
                0x000000000000259e                HidDev_WriteAttrCB
 .text.scanParamReadAttrCB
                0x00000000000026e4        0x4 ./Profile/scanparamservice.o
 .text.scanParamWriteAttrCB
                0x00000000000026e8       0x66 ./Profile/scanparamservice.o
 .text.ScanParam_AddService
                0x000000000000274e       0x2c ./Profile/scanparamservice.o
                0x000000000000274e                ScanParam_AddService
 .text.ScanParam_Register
                0x000000000000277a        0x6 ./Profile/scanparamservice.o
                0x000000000000277a                ScanParam_Register
 .text.ScanParam_RefreshNotify
                0x0000000000002780       0x5c ./Profile/scanparamservice.o
                0x0000000000002780                ScanParam_RefreshNotify
 .text.ScanParam_HandleConnStatusCB
                0x00000000000027dc       0x3e ./Profile/scanparamservice.o
                0x00000000000027dc                ScanParam_HandleConnStatusCB
 .text.hal_set_on_Ckey
                0x000000000000281a       0x8a ./HAL/CKEY.o
                0x000000000000281a                hal_set_on_Ckey
 .text.hal_set_off_Ckey
                0x00000000000028a4       0x8c ./HAL/CKEY.o
                0x00000000000028a4                hal_set_off_Ckey
 .text.HAL_CKeyInit
                0x0000000000002930       0x8c ./HAL/CKEY.o
                0x0000000000002930                HAL_CKeyInit
 .text.hal_set_pwm_power
                0x00000000000029bc       0xe6 ./HAL/CKEY.o
                0x00000000000029bc                hal_set_pwm_power
 .text.HAL_setVehicleKeyCtl
                0x0000000000002aa2       0x5c ./HAL/CKEY.o
                0x0000000000002aa2                HAL_setVehicleKeyCtl
 .text.HAL_CKeyPoll
                0x0000000000002afe        0x2 ./HAL/CKEY.o
                0x0000000000002afe                HAL_CKeyPoll
 .text.Hal_CKeyConfig
                0x0000000000002b00        0xa ./HAL/CKEY.o
                0x0000000000002b00                Hal_CKeyConfig
 .text.HAL_KeyInit
                0x0000000000002b0a       0x28 ./HAL/KEY.o
                0x0000000000002b0a                HAL_KeyInit
 .text.HalKeyConfig
                0x0000000000002b32       0x12 ./HAL/KEY.o
                0x0000000000002b32                HalKeyConfig
 .text.HAL_KeyPoll
                0x0000000000002b44       0x52 ./HAL/KEY.o
                0x0000000000002b44                HAL_KeyPoll
 .text.HalLedBlink.part.1
                0x0000000000002b96       0x9c ./HAL/LED.o
 .text.HalLedOnOff
                0x0000000000002c32       0xd8 ./HAL/LED.o
                0x0000000000002c32                HalLedOnOff
 .text.HalLedSet.part.0
                0x0000000000002d0a       0x56 ./HAL/LED.o
 .text.HalLedBlink
                0x0000000000002d60       0x1c ./HAL/LED.o
                0x0000000000002d60                HalLedBlink
 .text.HalLedSet
                0x0000000000002d7c       0x44 ./HAL/LED.o
                0x0000000000002d7c                HalLedSet
 .text.HAL_LedInit
                0x0000000000002dc0       0x72 ./HAL/LED.o
                0x0000000000002dc0                HAL_LedInit
 .text.HalLedUpdate
                0x0000000000002e32      0x16c ./HAL/LED.o
                0x0000000000002e32                HalLedUpdate
 .text.Lib_Calibration_LSI
                0x0000000000002f9e       0x30 ./HAL/MCU.o
                0x0000000000002f9e                Lib_Calibration_LSI
 .text.Lib_Read_Flash
                0x0000000000002fce       0x1c ./HAL/MCU.o
                0x0000000000002fce                Lib_Read_Flash
 .text.Lib_Write_Flash
                0x0000000000002fea       0x40 ./HAL/MCU.o
                0x0000000000002fea                Lib_Write_Flash
 .text.HAL_GetInterTempValue
                0x000000000000302a       0x72 ./HAL/MCU.o
                0x000000000000302a                HAL_GetInterTempValue
 .text.HAL_ProcessEvent
                0x000000000000309c       0xbe ./HAL/MCU.o
                0x000000000000309c                HAL_ProcessEvent
 .text.CH57X_BLEInit
                0x000000000000315a      0x12c ./HAL/MCU.o
                0x000000000000315a                CH57X_BLEInit
 .text.HAL_Init
                0x0000000000003286       0x3e ./HAL/MCU.o
                0x0000000000003286                HAL_Init
 .text.HAL_TimeInit
                0x00000000000032c4       0x66 ./HAL/RTC.o
                0x00000000000032c4                HAL_TimeInit
 .text.hidEmuEvtCB
                0x000000000000332a        0x2 ./APP/hidconsumer.o
 .text.hidEmuRptCB
                0x000000000000332c       0x3e ./APP/hidconsumer.o
 .text.HidEmu_ProcessEvent
                0x000000000000336a       0x8e ./APP/hidconsumer.o
                0x000000000000336a                HidEmu_ProcessEvent
 .text.hidEmuStateCB
                0x00000000000033f8      0x200 ./APP/hidconsumer.o
 .text.HidEmu_Init
                0x00000000000035f8       0xea ./APP/hidconsumer.o
                0x00000000000035f8                HidEmu_Init
 .text.flashResetMasterMac
                0x00000000000036e2       0x2c ./APP/hidconsumer.o
                0x00000000000036e2                flashResetMasterMac
 .text.startup.main
                0x000000000000370e       0x54 ./APP/hidconsumer_main.o
                0x000000000000370e                main
 .text.halKeyCBack
                0x0000000000003762       0x2a ./APP/keyUser.o
 .text.initKeyUser
                0x000000000000378c        0xc ./APP/keyUser.o
                0x000000000000378c                initKeyUser
 .text.tmos_msg_enqueue
                0x0000000000003798       0x1e E:\01.workspace\02.mcu\05.nokey_ch573\LIB\libCH57xBLE.a(message.o)
                0x0000000000003798                tmos_msg_enqueue
 .text.tmos_msg_deallocate
                0x00000000000037b6       0x2c E:\01.workspace\02.mcu\05.nokey_ch573\LIB\libCH57xBLE.a(message.o)
                0x00000000000037b6                tmos_msg_deallocate
 .text.tmos_msg_allocate
                0x00000000000037e2       0x3e E:\01.workspace\02.mcu\05.nokey_ch573\LIB\libCH57xBLE.a(message.o)
                0x00000000000037e2                tmos_msg_allocate
 .text.tmos_msg_receive
                0x0000000000003820       0x68 E:\01.workspace\02.mcu\05.nokey_ch573\LIB\libCH57xBLE.a(message.o)
                0x0000000000003820                tmos_msg_receive
 .text.tmos_msg_send
                0x0000000000003888       0x56 E:\01.workspace\02.mcu\05.nokey_ch573\LIB\libCH57xBLE.a(message.o)
                0x0000000000003888                tmos_msg_send
 .text.tmos_msg_init
                0x00000000000038de        0x6 E:\01.workspace\02.mcu\05.nokey_ch573\LIB\libCH57xBLE.a(message.o)
                0x00000000000038de                tmos_msg_init
 .text.tmosFindTask
                0x00000000000038e4       0x20 E:\01.workspace\02.mcu\05.nokey_ch573\LIB\libCH57xBLE.a(tmos.o)
 .text.TMOS_CbTimerProcessEvent
                0x0000000000003904       0x7c E:\01.workspace\02.mcu\05.nokey_ch573\LIB\libCH57xBLE.a(tmos.o)
                0x0000000000003904                TMOS_CbTimerProcessEvent
 .text.tmos_rand
                0x0000000000003980       0x54 E:\01.workspace\02.mcu\05.nokey_ch573\LIB\libCH57xBLE.a(tmos.o)
                0x0000000000003980                tmos_rand
 .text.tmos_query_sleep_time
                0x00000000000039d4      0x178 E:\01.workspace\02.mcu\05.nokey_ch573\LIB\libCH57xBLE.a(tmos.o)
                0x00000000000039d4                tmos_query_sleep_time
 .text.tmos_memset
                0x0000000000003b4c       0x12 E:\01.workspace\02.mcu\05.nokey_ch573\LIB\libCH57xBLE.a(tmos.o)
                0x0000000000003b4c                tmos_memset
 .text.tmos_strlen
                0x0000000000003b5e       0x14 E:\01.workspace\02.mcu\05.nokey_ch573\LIB\libCH57xBLE.a(tmos.o)
                0x0000000000003b5e                tmos_strlen
 .text.tmos_memdup
                0x0000000000003b72       0x3c E:\01.workspace\02.mcu\05.nokey_ch573\LIB\libCH57xBLE.a(tmos.o)
                0x0000000000003b72                tmos_memdup
 .text.tmos_memcmp
                0x0000000000003bae       0x24 E:\01.workspace\02.mcu\05.nokey_ch573\LIB\libCH57xBLE.a(tmos.o)
                0x0000000000003bae                tmos_memcmp
 .text.tmos_revmemcpy
                0x0000000000003bd2       0x1c E:\01.workspace\02.mcu\05.nokey_ch573\LIB\libCH57xBLE.a(tmos.o)
                0x0000000000003bd2                tmos_revmemcpy
 .text.tmos_isbufset
                0x0000000000003bee       0x1e E:\01.workspace\02.mcu\05.nokey_ch573\LIB\libCH57xBLE.a(tmos.o)
                0x0000000000003bee                tmos_isbufset
 .text.TMOS_GetSystemClock
                0x0000000000003c0c        0xc E:\01.workspace\02.mcu\05.nokey_ch573\LIB\libCH57xBLE.a(tmos.o)
                0x0000000000003c0c                TMOS_GetSystemClock
 .text.tmos_set_event
                0x0000000000003c18       0x2a E:\01.workspace\02.mcu\05.nokey_ch573\LIB\libCH57xBLE.a(tmos.o)
                0x0000000000003c18                tmos_set_event
 .text.tmos_query_system_time
                0x0000000000003c42       0xce E:\01.workspace\02.mcu\05.nokey_ch573\LIB\libCH57xBLE.a(tmos.o)
                0x0000000000003c42                tmos_query_system_time
 .text.tmos_clear_event
                0x0000000000003d10       0x2e E:\01.workspace\02.mcu\05.nokey_ch573\LIB\libCH57xBLE.a(tmos.o)
                0x0000000000003d10                tmos_clear_event
 .text.tmos_start_task
                0x0000000000003d3e       0x90 E:\01.workspace\02.mcu\05.nokey_ch573\LIB\libCH57xBLE.a(tmos.o)
                0x0000000000003d3e                tmos_start_task
 .text.tmos_start_callback_task
                0x0000000000003dce       0xac E:\01.workspace\02.mcu\05.nokey_ch573\LIB\libCH57xBLE.a(tmos.o)
                0x0000000000003dce                tmos_start_callback_task
 .text.tmos_start_reload_task
                0x0000000000003e7a       0x30 E:\01.workspace\02.mcu\05.nokey_ch573\LIB\libCH57xBLE.a(tmos.o)
                0x0000000000003e7a                tmos_start_reload_task
 .text.tmos_stop_task
                0x0000000000003eaa       0x42 E:\01.workspace\02.mcu\05.nokey_ch573\LIB\libCH57xBLE.a(tmos.o)
                0x0000000000003eaa                tmos_stop_task
 .text.tmos_stop_callback_task
                0x0000000000003eec       0x5c E:\01.workspace\02.mcu\05.nokey_ch573\LIB\libCH57xBLE.a(tmos.o)
                0x0000000000003eec                tmos_stop_callback_task
 .text.tmos_get_task_timer
                0x0000000000003f48       0x16 E:\01.workspace\02.mcu\05.nokey_ch573\LIB\libCH57xBLE.a(tmos.o)
                0x0000000000003f48                tmos_get_task_timer
 .text.tmos_update_callback_timer
                0x0000000000003f5e       0x62 E:\01.workspace\02.mcu\05.nokey_ch573\LIB\libCH57xBLE.a(tmos.o)
                0x0000000000003f5e                tmos_update_callback_timer
 .text.TMOS_Set32KTuneValue
                0x0000000000003fc0        0xa E:\01.workspace\02.mcu\05.nokey_ch573\LIB\libCH57xBLE.a(tmos.o)
                0x0000000000003fc0                TMOS_Set32KTuneValue
 .text.TMOS_TimerRegister
                0x0000000000003fca       0x1a E:\01.workspace\02.mcu\05.nokey_ch573\LIB\libCH57xBLE.a(tmos.o)
                0x0000000000003fca                TMOS_TimerRegister
 .text.TMOS_ProcessRegister
                0x0000000000003fe4       0x16 E:\01.workspace\02.mcu\05.nokey_ch573\LIB\libCH57xBLE.a(tmos.o)
                0x0000000000003fe4                TMOS_ProcessRegister
 .text.TMOS_Init
                0x0000000000003ffa       0xea E:\01.workspace\02.mcu\05.nokey_ch573\LIB\libCH57xBLE.a(tmos.o)
                0x0000000000003ffa                TMOS_Init
 .text.TMOS_ProcessEventRegister
                0x00000000000040e4       0x38 E:\01.workspace\02.mcu\05.nokey_ch573\LIB\libCH57xBLE.a(tmos.o)
                0x00000000000040e4                TMOS_ProcessEventRegister
 .text.BLE_LibInit
                0x000000000000411c      0x1aa E:\01.workspace\02.mcu\05.nokey_ch573\LIB\libCH57xBLE.a(tmos.o)
                0x000000000000411c                BLE_LibInit
 .text.ble_ll_common_rand8
                0x00000000000042c6       0x24 E:\01.workspace\02.mcu\05.nokey_ch573\LIB\libCH57xBLE.a(tmos_hw.o)
                0x00000000000042c6                ble_ll_common_rand8
 .text.ble_ll_common_rand16
                0x00000000000042ea       0x24 E:\01.workspace\02.mcu\05.nokey_ch573\LIB\libCH57xBLE.a(tmos_hw.o)
                0x00000000000042ea                ble_ll_common_rand16
 .text.ble_ll_common_rand32
                0x000000000000430e       0x20 E:\01.workspace\02.mcu\05.nokey_ch573\LIB\libCH57xBLE.a(tmos_hw.o)
                0x000000000000430e                ble_ll_common_rand32
 .text.ll_hw_temp_sample
                0x000000000000432e       0xc0 E:\01.workspace\02.mcu\05.nokey_ch573\LIB\libCH57xBLE.a(tmos_hw.o)
                0x000000000000432e                ll_hw_temp_sample
 .text.TMOS_TimerInit
                0x00000000000043ee       0x5e E:\01.workspace\02.mcu\05.nokey_ch573\LIB\libCH57xBLE.a(tmos_hw.o)
                0x00000000000043ee                TMOS_TimerInit
 .text.tmos_snv_init
                0x000000000000444c       0xbc E:\01.workspace\02.mcu\05.nokey_ch573\LIB\libCH57xBLE.a(tmos_snv.o)
                0x000000000000444c                tmos_snv_init
 .text.tmos_snv_clear
                0x0000000000004508       0xae E:\01.workspace\02.mcu\05.nokey_ch573\LIB\libCH57xBLE.a(tmos_snv.o)
                0x0000000000004508                tmos_snv_clear
 .text.tmos_snv_read
                0x00000000000045b6      0x292 E:\01.workspace\02.mcu\05.nokey_ch573\LIB\libCH57xBLE.a(tmos_snv.o)
                0x00000000000045b6                tmos_snv_read
 .text.tmos_snv_notify
                0x0000000000004848       0x5a E:\01.workspace\02.mcu\05.nokey_ch573\LIB\libCH57xBLE.a(tmos_snv.o)
                0x0000000000004848                tmos_snv_notify
 .text.tmos_snv_write
                0x00000000000048a2      0x2ce E:\01.workspace\02.mcu\05.nokey_ch573\LIB\libCH57xBLE.a(tmos_snv.o)
                0x00000000000048a2                tmos_snv_write
 .text.tmos_snv_compact
                0x0000000000004b70        0x4 E:\01.workspace\02.mcu\05.nokey_ch573\LIB\libCH57xBLE.a(tmos_snv.o)
                0x0000000000004b70                tmos_snv_compact
 .text.disconnectNext
                0x0000000000004b74       0x22 E:\01.workspace\02.mcu\05.nokey_ch573\LIB\libCH57xBLE.a(gap.o)
 .text.GAP_ParamInit
                0x0000000000004b96       0x88 E:\01.workspace\02.mcu\05.nokey_ch573\LIB\libCH57xBLE.a(gap.o)
                0x0000000000004b96                GAP_ParamInit
 .text.sendTerminateEvent
                0x0000000000004c1e       0x58 E:\01.workspace\02.mcu\05.nokey_ch573\LIB\libCH57xBLE.a(gap.o)
                0x0000000000004c1e                sendTerminateEvent
 .text.gapRegisterCentral
                0x0000000000004c76        0x6 E:\01.workspace\02.mcu\05.nokey_ch573\LIB\libCH57xBLE.a(gap.o)
                0x0000000000004c76                gapRegisterCentral
 .text.gapRegisterCentralConn
                0x0000000000004c7c        0x6 E:\01.workspace\02.mcu\05.nokey_ch573\LIB\libCH57xBLE.a(gap.o)
                0x0000000000004c7c                gapRegisterCentralConn
 .text.gapRegisterPeripheral
                0x0000000000004c82        0x6 E:\01.workspace\02.mcu\05.nokey_ch573\LIB\libCH57xBLE.a(gap.o)
                0x0000000000004c82                gapRegisterPeripheral
 .text.gapRegisterPeripheralConn
                0x0000000000004c88        0x6 E:\01.workspace\02.mcu\05.nokey_ch573\LIB\libCH57xBLE.a(gap.o)
                0x0000000000004c88                gapRegisterPeripheralConn
 .text.smGenerateRandBuf
                0x0000000000004c8e       0x56 E:\01.workspace\02.mcu\05.nokey_ch573\LIB\libCH57xBLE.a(gap.o)
                0x0000000000004c8e                smGenerateRandBuf
 .text.gapL2capConnParamUpdateReq
                0x0000000000004ce4       0x32 E:\01.workspace\02.mcu\05.nokey_ch573\LIB\libCH57xBLE.a(gap.o)
                0x0000000000004ce4                gapL2capConnParamUpdateReq
 .text.gapValidADType
                0x0000000000004d16       0x16 E:\01.workspace\02.mcu\05.nokey_ch573\LIB\libCH57xBLE.a(gap.o)
                0x0000000000004d16                gapValidADType
 .text.gapFindADType
                0x0000000000004d2c       0x8e E:\01.workspace\02.mcu\05.nokey_ch573\LIB\libCH57xBLE.a(gap.o)
                0x0000000000004d2c                gapFindADType
 .text.GAP_SecParamsInit
                0x0000000000004dba       0x9a E:\01.workspace\02.mcu\05.nokey_ch573\LIB\libCH57xBLE.a(gap.o)
                0x0000000000004dba                GAP_SecParamsInit
 .text.GAP_ParamsInit
                0x0000000000004e54       0x48 E:\01.workspace\02.mcu\05.nokey_ch573\LIB\libCH57xBLE.a(gap.o)
                0x0000000000004e54                GAP_ParamsInit
 .text.gapAddAddrAdj
                0x0000000000004e9c       0x48 E:\01.workspace\02.mcu\05.nokey_ch573\LIB\libCH57xBLE.a(gap.o)
                0x0000000000004e9c                gapAddAddrAdj
 .text.gapDetermineAddrType
                0x0000000000004ee4       0x28 E:\01.workspace\02.mcu\05.nokey_ch573\LIB\libCH57xBLE.a(gap.o)
                0x0000000000004ee4                gapDetermineAddrType
 .text.gapFreeAuthLink
                0x0000000000004f0c       0x4a E:\01.workspace\02.mcu\05.nokey_ch573\LIB\libCH57xBLE.a(gap.o)
                0x0000000000004f0c                gapFreeAuthLink
 .text.gapGetDevAddress
                0x0000000000004f56       0x24 E:\01.workspace\02.mcu\05.nokey_ch573\LIB\libCH57xBLE.a(gap.o)
                0x0000000000004f56                gapGetDevAddress
 .text.gapGetDevAddressMode
                0x0000000000004f7a        0xa E:\01.workspace\02.mcu\05.nokey_ch573\LIB\libCH57xBLE.a(gap.o)
                0x0000000000004f7a                gapGetDevAddressMode
 .text.gapGetIRK
                0x0000000000004f84        0xc E:\01.workspace\02.mcu\05.nokey_ch573\LIB\libCH57xBLE.a(gap.o)
                0x0000000000004f84                gapGetIRK
 .text.gapGetSRK
                0x0000000000004f90        0xc E:\01.workspace\02.mcu\05.nokey_ch573\LIB\libCH57xBLE.a(gap.o)
                0x0000000000004f90                gapGetSRK
 .text.gapGetSignCounter
                0x0000000000004f9c        0xe E:\01.workspace\02.mcu\05.nokey_ch573\LIB\libCH57xBLE.a(gap.o)
                0x0000000000004f9c                gapGetSignCounter
 .text.gapIncSignCounter
                0x0000000000004faa       0x28 E:\01.workspace\02.mcu\05.nokey_ch573\LIB\libCH57xBLE.a(gap.o)
                0x0000000000004faa                gapIncSignCounter
 .text.gapProcessConnEvt
                0x0000000000004fd2       0x48 E:\01.workspace\02.mcu\05.nokey_ch573\LIB\libCH57xBLE.a(gap.o)
                0x0000000000004fd2                gapProcessConnEvt
 .text.gapProcessDisconnectCompleteEvt
                0x000000000000501a       0xa8 E:\01.workspace\02.mcu\05.nokey_ch573\LIB\libCH57xBLE.a(gap.o)
                0x000000000000501a                gapProcessDisconnectCompleteEvt
 .text.sendAuthEvent
                0x00000000000050c2      0x11a E:\01.workspace\02.mcu\05.nokey_ch573\LIB\libCH57xBLE.a(gap.o)
                0x00000000000050c2                sendAuthEvent
 .text.gapSendBondCompleteEvent
                0x00000000000051dc       0x70 E:\01.workspace\02.mcu\05.nokey_ch573\LIB\libCH57xBLE.a(gap.o)
                0x00000000000051dc                gapSendBondCompleteEvent
 .text.gapSendPairingReqEvent
                0x000000000000524c       0x92 E:\01.workspace\02.mcu\05.nokey_ch573\LIB\libCH57xBLE.a(gap.o)
                0x000000000000524c                gapSendPairingReqEvent
 .text.gapSendSlaveSecurityReqEvent
                0x00000000000052de       0x68 E:\01.workspace\02.mcu\05.nokey_ch573\LIB\libCH57xBLE.a(gap.o)
                0x00000000000052de                gapSendSlaveSecurityReqEvent
 .text.gapSendDeviceInitDoneEvent
                0x0000000000005346       0x88 E:\01.workspace\02.mcu\05.nokey_ch573\LIB\libCH57xBLE.a(gap.o)
                0x0000000000005346                gapSendDeviceInitDoneEvent
 .text.gapSendLinkUpdateEvent
                0x00000000000053ce       0x84 E:\01.workspace\02.mcu\05.nokey_ch573\LIB\libCH57xBLE.a(gap.o)
                0x00000000000053ce                gapSendLinkUpdateEvent
 .text.gapSendEstLinkEvent
                0x0000000000005452       0xb8 E:\01.workspace\02.mcu\05.nokey_ch573\LIB\libCH57xBLE.a(gap.o)
                0x0000000000005452                gapSendEstLinkEvent
 .text.gapProcessNewAddr
                0x000000000000550a       0x3e E:\01.workspace\02.mcu\05.nokey_ch573\LIB\libCH57xBLE.a(gap.o)
                0x000000000000550a                gapProcessNewAddr
 .text.gapProcessRandomAddrComplete
                0x0000000000005548       0xb6 E:\01.workspace\02.mcu\05.nokey_ch573\LIB\libCH57xBLE.a(gap.o)
                0x0000000000005548                gapProcessRandomAddrComplete
 .text.GAP_Authenticate
                0x00000000000055fe       0xd2 E:\01.workspace\02.mcu\05.nokey_ch573\LIB\libCH57xBLE.a(gap.o)
                0x00000000000055fe                GAP_Authenticate
 .text.GAP_Bond
                0x00000000000056d0       0xa2 E:\01.workspace\02.mcu\05.nokey_ch573\LIB\libCH57xBLE.a(gap.o)
                0x00000000000056d0                GAP_Bond
 .text.GAP_GetParamValue
                0x0000000000005772       0x1e E:\01.workspace\02.mcu\05.nokey_ch573\LIB\libCH57xBLE.a(gap.o)
                0x0000000000005772                GAP_GetParamValue
 .text.GAP_PasscodeUpdate
                0x0000000000005790       0x50 E:\01.workspace\02.mcu\05.nokey_ch573\LIB\libCH57xBLE.a(gap.o)
                0x0000000000005790                GAP_PasscodeUpdate
 .text.GAP_RegisterForMsgs
                0x00000000000057e0        0x6 E:\01.workspace\02.mcu\05.nokey_ch573\LIB\libCH57xBLE.a(gap.o)
                0x00000000000057e0                GAP_RegisterForMsgs
 .text.GAP_ResolvePrivateAddr
                0x00000000000057e6        0x4 E:\01.workspace\02.mcu\05.nokey_ch573\LIB\libCH57xBLE.a(gap.o)
                0x00000000000057e6                GAP_ResolvePrivateAddr
 .text.gapPairingCompleteCB
                0x00000000000057ea      0x188 E:\01.workspace\02.mcu\05.nokey_ch573\LIB\libCH57xBLE.a(gap.o)
                0x00000000000057ea                gapPairingCompleteCB
 .text.gapPasskeyNeededCB
                0x0000000000005972       0x8e E:\01.workspace\02.mcu\05.nokey_ch573\LIB\libCH57xBLE.a(gap.o)
                0x0000000000005972                gapPasskeyNeededCB
 .text.gapFreeEstLink
                0x0000000000005a00       0x20 E:\01.workspace\02.mcu\05.nokey_ch573\LIB\libCH57xBLE.a(gap.o)
                0x0000000000005a00                gapFreeEstLink
 .text.gapUpdateConnSignCounter
                0x0000000000005a20       0x7a E:\01.workspace\02.mcu\05.nokey_ch573\LIB\libCH57xBLE.a(gap.o)
                0x0000000000005a20                gapUpdateConnSignCounter
 .text.GAP_SendSlaveSecurityRequest
                0x0000000000005a9a       0x4c E:\01.workspace\02.mcu\05.nokey_ch573\LIB\libCH57xBLE.a(gap.o)
                0x0000000000005a9a                GAP_SendSlaveSecurityRequest
 .text.GAP_Signable
                0x0000000000005ae6       0x66 E:\01.workspace\02.mcu\05.nokey_ch573\LIB\libCH57xBLE.a(gap.o)
                0x0000000000005ae6                GAP_Signable
 .text.GAP_TerminateAuth
                0x0000000000005b4c       0x2a E:\01.workspace\02.mcu\05.nokey_ch573\LIB\libCH57xBLE.a(gap.o)
                0x0000000000005b4c                GAP_TerminateAuth
 .text.GAP_NumActiveConnections
                0x0000000000005b76        0x4 E:\01.workspace\02.mcu\05.nokey_ch573\LIB\libCH57xBLE.a(gap.o)
                0x0000000000005b76                GAP_NumActiveConnections
 .text.GAP_TerminateLinkReq
                0x0000000000005b7a       0x8e E:\01.workspace\02.mcu\05.nokey_ch573\LIB\libCH57xBLE.a(gap.o)
                0x0000000000005b7a                GAP_TerminateLinkReq
 .text.GAP_SetParamValue
                0x0000000000005c08       0x4a E:\01.workspace\02.mcu\05.nokey_ch573\LIB\libCH57xBLE.a(gap.o)
                0x0000000000005c08                GAP_SetParamValue
 .text.GAP_Init
                0x0000000000005c52       0x44 E:\01.workspace\02.mcu\05.nokey_ch573\LIB\libCH57xBLE.a(gap.o)
                0x0000000000005c52                GAP_Init
 .text.GAP_ProcessEvent
                0x0000000000005c96      0x57e E:\01.workspace\02.mcu\05.nokey_ch573\LIB\libCH57xBLE.a(gap.o)
                0x0000000000005c96                GAP_ProcessEvent
 .text.gapSendScanEnable
                0x0000000000006214       0x1e E:\01.workspace\02.mcu\05.nokey_ch573\LIB\libCH57xBLE.a(gap_central.o)
 .text.gapCentProcessConnEvt
                0x0000000000006232      0x154 E:\01.workspace\02.mcu\05.nokey_ch573\LIB\libCH57xBLE.a(gap_central.o)
                0x0000000000006232                gapCentProcessConnEvt
 .text.gapCancelLinkReq
                0x0000000000006386       0x38 E:\01.workspace\02.mcu\05.nokey_ch573\LIB\libCH57xBLE.a(gap_central.o)
                0x0000000000006386                gapCancelLinkReq
 .text.GAP_CentralParamInit
                0x00000000000063be       0x4c E:\01.workspace\02.mcu\05.nokey_ch573\LIB\libCH57xBLE.a(gap_central.o)
                0x00000000000063be                GAP_CentralParamInit
 .text.gapProcessAdvertDevInfo
                0x000000000000640a      0x23a E:\01.workspace\02.mcu\05.nokey_ch573\LIB\libCH57xBLE.a(gap_central.o)
                0x000000000000640a                gapProcessAdvertDevInfo
 .text.gapFreeScanRecs
                0x0000000000006644       0xa2 E:\01.workspace\02.mcu\05.nokey_ch573\LIB\libCH57xBLE.a(gap_central.o)
                0x0000000000006644                gapFreeScanRecs
 .text.gapSendDevDiscEvent
                0x00000000000066e6      0x124 E:\01.workspace\02.mcu\05.nokey_ch573\LIB\libCH57xBLE.a(gap_central.o)
                0x00000000000066e6                gapSendDevDiscEvent
 .text.gapSetScanParamStatus.part.2
                0x000000000000680a       0x42 E:\01.workspace\02.mcu\05.nokey_ch573\LIB\libCH57xBLE.a(gap_central.o)
 .text.gapCentProcessHCICmdEvt
                0x000000000000684c       0x3c E:\01.workspace\02.mcu\05.nokey_ch573\LIB\libCH57xBLE.a(gap_central.o)
                0x000000000000684c                gapCentProcessHCICmdEvt
 .text.gapProcessScanningEvt
                0x0000000000006888      0x110 E:\01.workspace\02.mcu\05.nokey_ch573\LIB\libCH57xBLE.a(gap_central.o)
                0x0000000000006888                gapProcessScanningEvt
 .text.gapProcessScanningDirectEvt
                0x0000000000006998       0xfe E:\01.workspace\02.mcu\05.nokey_ch573\LIB\libCH57xBLE.a(gap_central.o)
                0x0000000000006998                gapProcessScanningDirectEvt
 .text.GAP_CentConnRegister
                0x0000000000006a96       0x12 E:\01.workspace\02.mcu\05.nokey_ch573\LIB\libCH57xBLE.a(gap_central.o)
                0x0000000000006a96                GAP_CentConnRegister
 .text.GAP_CentDevMgrInit
                0x0000000000006aa8       0x94 E:\01.workspace\02.mcu\05.nokey_ch573\LIB\libCH57xBLE.a(gap_central.o)
                0x0000000000006aa8                GAP_CentDevMgrInit
 .text.gapFreeAdvertState
                0x0000000000006b3c       0x20 E:\01.workspace\02.mcu\05.nokey_ch573\LIB\libCH57xBLE.a(gap_peripheral.o)
 .text.gapPeriProcessConnEvt
                0x0000000000006b5c       0xbc E:\01.workspace\02.mcu\05.nokey_ch573\LIB\libCH57xBLE.a(gap_peripheral.o)
 .text.gapSetAdvParams
                0x0000000000006c18       0x7e E:\01.workspace\02.mcu\05.nokey_ch573\LIB\libCH57xBLE.a(gap_peripheral.o)
 .text.GAP_PeripheralParamInit
                0x0000000000006c96       0x4a E:\01.workspace\02.mcu\05.nokey_ch573\LIB\libCH57xBLE.a(gap_peripheral.o)
                0x0000000000006c96                GAP_PeripheralParamInit
 .text.gapSendMakeDiscEvent
                0x0000000000006ce0       0x50 E:\01.workspace\02.mcu\05.nokey_ch573\LIB\libCH57xBLE.a(gap_peripheral.o)
                0x0000000000006ce0                gapSendMakeDiscEvent
 .text.gapPeriProcessHCICmdCompleteEvt
                0x0000000000006d30      0x192 E:\01.workspace\02.mcu\05.nokey_ch573\LIB\libCH57xBLE.a(gap_peripheral.o)
 .text.GAP_MakeDiscoverable
                0x0000000000006ec2       0xf0 E:\01.workspace\02.mcu\05.nokey_ch573\LIB\libCH57xBLE.a(gap_peripheral.o)
                0x0000000000006ec2                GAP_MakeDiscoverable
 .text.GAP_EndDiscoverable
                0x0000000000006fb2       0x5c E:\01.workspace\02.mcu\05.nokey_ch573\LIB\libCH57xBLE.a(gap_peripheral.o)
                0x0000000000006fb2                GAP_EndDiscoverable
 .text.gapProcessAdvertisingEvt
                0x000000000000700e       0x90 E:\01.workspace\02.mcu\05.nokey_ch573\LIB\libCH57xBLE.a(gap_peripheral.o)
 .text.GAP_UpdateAdvertisingData
                0x000000000000709e       0xb8 E:\01.workspace\02.mcu\05.nokey_ch573\LIB\libCH57xBLE.a(gap_peripheral.o)
                0x000000000000709e                GAP_UpdateAdvertisingData
 .text.GAP_ConfigDeviceAddr
                0x0000000000007156      0x10e E:\01.workspace\02.mcu\05.nokey_ch573\LIB\libCH57xBLE.a(gap_peripheral.o)
                0x0000000000007156                GAP_ConfigDeviceAddr
 .text.GAP_PeriConnRegister
                0x0000000000007264       0x2a E:\01.workspace\02.mcu\05.nokey_ch573\LIB\libCH57xBLE.a(gap_peripheral.o)
                0x0000000000007264                GAP_PeriConnRegister
 .text.GAP_PeriDevMgrInit
                0x000000000000728e       0xbc E:\01.workspace\02.mcu\05.nokey_ch573\LIB\libCH57xBLE.a(gap_peripheral.o)
                0x000000000000728e                GAP_PeriDevMgrInit
 .text.ggs_SetAttrWPermit
                0x000000000000734a       0x68 E:\01.workspace\02.mcu\05.nokey_ch573\LIB\libCH57xBLE.a(gapgattserver.o)
 .text.ggs_ReadAttrCB
                0x00000000000073b2      0x152 E:\01.workspace\02.mcu\05.nokey_ch573\LIB\libCH57xBLE.a(gapgattserver.o)
 .text.ggs_WriteAttrCB
                0x0000000000007504      0x154 E:\01.workspace\02.mcu\05.nokey_ch573\LIB\libCH57xBLE.a(gapgattserver.o)
 .text.GGS_ParamInit
                0x0000000000007658      0x23a E:\01.workspace\02.mcu\05.nokey_ch573\LIB\libCH57xBLE.a(gapgattserver.o)
                0x0000000000007658                GGS_ParamInit
 .text.GGS_SetParameter
                0x0000000000007892       0xde E:\01.workspace\02.mcu\05.nokey_ch573\LIB\libCH57xBLE.a(gapgattserver.o)
                0x0000000000007892                GGS_SetParameter
 .text.GGS_AddService
                0x0000000000007970       0x2c E:\01.workspace\02.mcu\05.nokey_ch573\LIB\libCH57xBLE.a(gapgattserver.o)
                0x0000000000007970                GGS_AddService
 .text.GAP_DeviceInit
                0x000000000000799c       0xd8 E:\01.workspace\02.mcu\05.nokey_ch573\LIB\libCH57xBLE.a(gapgattserver.o)
                0x000000000000799c                GAP_DeviceInit
 .text.gattGetPayload
                0x0000000000007a74       0x7e E:\01.workspace\02.mcu\05.nokey_ch573\LIB\libCH57xBLE.a(gatt.o)
                0x0000000000007a74                gattGetPayload
 .text.gattNotifyEvent
                0x0000000000007af2       0x80 E:\01.workspace\02.mcu\05.nokey_ch573\LIB\libCH57xBLE.a(gatt.o)
                0x0000000000007af2                gattNotifyEvent
 .text.gattSendFlowCtrlEvt
                0x0000000000007b72       0x4a E:\01.workspace\02.mcu\05.nokey_ch573\LIB\libCH57xBLE.a(gatt.o)
                0x0000000000007b72                gattSendFlowCtrlEvt
 .text.gattStartTimer
                0x0000000000007bbc        0xc E:\01.workspace\02.mcu\05.nokey_ch573\LIB\libCH57xBLE.a(gatt.o)
                0x0000000000007bbc                gattStartTimer
 .text.gattStopTimer
                0x0000000000007bc8       0x32 E:\01.workspace\02.mcu\05.nokey_ch573\LIB\libCH57xBLE.a(gatt.o)
                0x0000000000007bc8                gattStopTimer
 .text.GATT_AppCompletedMsg
                0x0000000000007bfa       0x30 E:\01.workspace\02.mcu\05.nokey_ch573\LIB\libCH57xBLE.a(gatt.o)
                0x0000000000007bfa                GATT_AppCompletedMsg
 .text.GATT_NotifyEvent
                0x0000000000007c2a       0x4e E:\01.workspace\02.mcu\05.nokey_ch573\LIB\libCH57xBLE.a(gatt.o)
                0x0000000000007c2a                GATT_NotifyEvent
 .text.gattRegisterServer
                0x0000000000007c78        0x6 E:\01.workspace\02.mcu\05.nokey_ch573\LIB\libCH57xBLE.a(gatt.o)
                0x0000000000007c78                gattRegisterServer
 .text.GATT_UpdateMTU
                0x0000000000007c7e       0x5c E:\01.workspace\02.mcu\05.nokey_ch573\LIB\libCH57xBLE.a(gatt.o)
                0x0000000000007c7e                GATT_UpdateMTU
 .text.GATT_bm_alloc
                0x0000000000007cda       0xea E:\01.workspace\02.mcu\05.nokey_ch573\LIB\libCH57xBLE.a(gatt.o)
                0x0000000000007cda                GATT_bm_alloc
 .text.GATT_ServiceChangedInd
                0x0000000000007dc4       0x94 E:\01.workspace\02.mcu\05.nokey_ch573\LIB\libCH57xBLE.a(gatt.o)
                0x0000000000007dc4                GATT_ServiceChangedInd
 .text.GATT_bm_free
                0x0000000000007e58       0x1c E:\01.workspace\02.mcu\05.nokey_ch573\LIB\libCH57xBLE.a(gatt.o)
                0x0000000000007e58                GATT_bm_free
 .text.GATT_RegisterForPeriMsgs
                0x0000000000007e74        0x6 E:\01.workspace\02.mcu\05.nokey_ch573\LIB\libCH57xBLE.a(gatt.o)
                0x0000000000007e74                GATT_RegisterForPeriMsgs
 .text.GATT_Init
                0x0000000000007e7a       0x30 E:\01.workspace\02.mcu\05.nokey_ch573\LIB\libCH57xBLE.a(gatt.o)
                0x0000000000007e7a                GATT_Init
 .text.GATT_ProcessEvent
                0x0000000000007eaa      0x136 E:\01.workspace\02.mcu\05.nokey_ch573\LIB\libCH57xBLE.a(gatt.o)
                0x0000000000007eaa                GATT_ProcessEvent
 .text.gattProcessExchangeMTUReq
                0x0000000000007fe0        0x4 E:\01.workspace\02.mcu\05.nokey_ch573\LIB\libCH57xBLE.a(gattservapp.o)
 .text.gattServApp_FindCharCfgItem
                0x0000000000007fe4       0x20 E:\01.workspace\02.mcu\05.nokey_ch573\LIB\libCH57xBLE.a(gattservapp.o)
 .text.gattServerHandleTimerCB
                0x0000000000008004       0x3c E:\01.workspace\02.mcu\05.nokey_ch573\LIB\libCH57xBLE.a(gattservapp.o)
 .text.GATTServApp_InitCharCfg.part.12
                0x0000000000008040       0x1c E:\01.workspace\02.mcu\05.nokey_ch573\LIB\libCH57xBLE.a(gattservapp.o)
 .text.gattProcessExecuteWriteReq
                0x000000000000805c        0x4 E:\01.workspace\02.mcu\05.nokey_ch573\LIB\libCH57xBLE.a(gattservapp.o)
 .text.GATTServApp_ParamInit
                0x0000000000008060       0xd6 E:\01.workspace\02.mcu\05.nokey_ch573\LIB\libCH57xBLE.a(gattservapp.o)
                0x0000000000008060                GATTServApp_ParamInit
 .text.GATTServApp_ReadCharCfg
                0x0000000000008136       0x18 E:\01.workspace\02.mcu\05.nokey_ch573\LIB\libCH57xBLE.a(gattservapp.o)
                0x0000000000008136                GATTServApp_ReadCharCfg
 .text.GATTServApp_WriteCharCfg
                0x000000000000814e       0x3c E:\01.workspace\02.mcu\05.nokey_ch573\LIB\libCH57xBLE.a(gattservapp.o)
                0x000000000000814e                GATTServApp_WriteCharCfg
 .text.GATTServApp_ProcessCCCWriteReq
                0x000000000000818a       0x60 E:\01.workspace\02.mcu\05.nokey_ch573\LIB\libCH57xBLE.a(gattservapp.o)
                0x000000000000818a                GATTServApp_ProcessCCCWriteReq
 .text.gattServApp_WriteAttrCB
                0x00000000000081ea       0x34 E:\01.workspace\02.mcu\05.nokey_ch573\LIB\libCH57xBLE.a(gattservapp.o)
                0x00000000000081ea                gattServApp_WriteAttrCB
 .text.GATTServApp_SendCCCUpdatedEvent
                0x000000000000821e       0x5e E:\01.workspace\02.mcu\05.nokey_ch573\LIB\libCH57xBLE.a(gattservapp.o)
                0x000000000000821e                GATTServApp_SendCCCUpdatedEvent
 .text.GATTServApp_SendServiceChangedInd
                0x000000000000827c       0x36 E:\01.workspace\02.mcu\05.nokey_ch573\LIB\libCH57xBLE.a(gattservapp.o)
                0x000000000000827c                GATTServApp_SendServiceChangedInd
 .text.gattServApp_ClearPrepareWriteQ
                0x00000000000082b2       0x4c E:\01.workspace\02.mcu\05.nokey_ch573\LIB\libCH57xBLE.a(gattservapp.o)
                0x00000000000082b2                gattServApp_ClearPrepareWriteQ
 .text.gattServApp_FindPrepareWriteQ
                0x00000000000082fe       0x2c E:\01.workspace\02.mcu\05.nokey_ch573\LIB\libCH57xBLE.a(gattservapp.o)
                0x00000000000082fe                gattServApp_FindPrepareWriteQ
 .text.gattServApp_FindServiceCBs
                0x000000000000832a       0x18 E:\01.workspace\02.mcu\05.nokey_ch573\LIB\libCH57xBLE.a(gattservapp.o)
                0x000000000000832a                gattServApp_FindServiceCBs
 .text.gattServApp_FindAuthorizeAttrCB
                0x0000000000008342       0x16 E:\01.workspace\02.mcu\05.nokey_ch573\LIB\libCH57xBLE.a(gattservapp.o)
                0x0000000000008342                gattServApp_FindAuthorizeAttrCB
 .text.gattServApp_IsWriteLong
                0x0000000000008358       0xe6 E:\01.workspace\02.mcu\05.nokey_ch573\LIB\libCH57xBLE.a(gattservapp.o)
                0x0000000000008358                gattServApp_IsWriteLong
 .text.gattFindService
                0x000000000000843e       0x1c E:\01.workspace\02.mcu\05.nokey_ch573\LIB\libCH57xBLE.a(gattservapp.o)
                0x000000000000843e                gattFindService
 .text.GATT_ServiceNumAttrs
                0x000000000000845a       0x18 E:\01.workspace\02.mcu\05.nokey_ch573\LIB\libCH57xBLE.a(gattservapp.o)
                0x000000000000845a                GATT_ServiceNumAttrs
 .text.GATT_ServiceEncKeySize
                0x0000000000008472       0x18 E:\01.workspace\02.mcu\05.nokey_ch573\LIB\libCH57xBLE.a(gattservapp.o)
                0x0000000000008472                GATT_ServiceEncKeySize
 .text.GATT_VerifyWritePermissions.part.7
                0x000000000000848a       0x2e E:\01.workspace\02.mcu\05.nokey_ch573\LIB\libCH57xBLE.a(gattservapp.o)
 .text.gattResetServerInfo
                0x00000000000084b8       0x1c E:\01.workspace\02.mcu\05.nokey_ch573\LIB\libCH57xBLE.a(gattservapp.o)
                0x00000000000084b8                gattResetServerInfo
 .text.gattFindServerInfo
                0x00000000000084d4       0x28 E:\01.workspace\02.mcu\05.nokey_ch573\LIB\libCH57xBLE.a(gattservapp.o)
                0x00000000000084d4                gattFindServerInfo
 .text.gattServerHandleConnStatusCB
                0x00000000000084fc       0x98 E:\01.workspace\02.mcu\05.nokey_ch573\LIB\libCH57xBLE.a(gattservapp.o)
                0x00000000000084fc                gattServerHandleConnStatusCB
 .text.gattServerProcessMsgCB
                0x0000000000008594      0x1c0 E:\01.workspace\02.mcu\05.nokey_ch573\LIB\libCH57xBLE.a(gattservapp.o)
                0x0000000000008594                gattServerProcessMsgCB
 .text.gattServerNotifyTxCB
                0x0000000000008754       0x28 E:\01.workspace\02.mcu\05.nokey_ch573\LIB\libCH57xBLE.a(gattservapp.o)
 .text.GATT_FindHandle
                0x000000000000877c       0x4a E:\01.workspace\02.mcu\05.nokey_ch573\LIB\libCH57xBLE.a(gattservapp.o)
                0x000000000000877c                GATT_FindHandle
 .text.GATTServApp_WriteAttr
                0x00000000000087c6       0xa8 E:\01.workspace\02.mcu\05.nokey_ch573\LIB\libCH57xBLE.a(gattservapp.o)
                0x00000000000087c6                GATTServApp_WriteAttr
 .text.gattServApp_ProcessExecuteWriteReq
                0x000000000000886e      0x100 E:\01.workspace\02.mcu\05.nokey_ch573\LIB\libCH57xBLE.a(gattservapp.o)
                0x000000000000886e                gattServApp_ProcessExecuteWriteReq
 .text.GATTServApp_UpdateCharCfg
                0x000000000000896e       0x1e E:\01.workspace\02.mcu\05.nokey_ch573\LIB\libCH57xBLE.a(gattservapp.o)
                0x000000000000896e                GATTServApp_UpdateCharCfg
 .text.gattServApp_ProcessPrepareWriteReq
                0x000000000000898c      0x10e E:\01.workspace\02.mcu\05.nokey_ch573\LIB\libCH57xBLE.a(gattservapp.o)
                0x000000000000898c                gattServApp_ProcessPrepareWriteReq
 .text.gattServApp_ProcessWriteReq
                0x0000000000008a9a       0xb0 E:\01.workspace\02.mcu\05.nokey_ch573\LIB\libCH57xBLE.a(gattservapp.o)
                0x0000000000008a9a                gattServApp_ProcessWriteReq
 .text.GATT_Indication
                0x0000000000008b4a       0xa4 E:\01.workspace\02.mcu\05.nokey_ch573\LIB\libCH57xBLE.a(gattservapp.o)
                0x0000000000008b4a                GATT_Indication
 .text.GATT_FindHandleUUID
                0x0000000000008bee       0x94 E:\01.workspace\02.mcu\05.nokey_ch573\LIB\libCH57xBLE.a(gattservapp.o)
                0x0000000000008bee                GATT_FindHandleUUID
 .text.gattProcessReadByGrpTypeReq
                0x0000000000008c82       0x60 E:\01.workspace\02.mcu\05.nokey_ch573\LIB\libCH57xBLE.a(gattservapp.o)
 .text.gattProcessReadByTypeReq
                0x0000000000008ce2       0x34 E:\01.workspace\02.mcu\05.nokey_ch573\LIB\libCH57xBLE.a(gattservapp.o)
 .text.gattProcessFindByTypeValueReq
                0x0000000000008d16       0x34 E:\01.workspace\02.mcu\05.nokey_ch573\LIB\libCH57xBLE.a(gattservapp.o)
 .text.gattProcessFindInfoReq
                0x0000000000008d4a      0x1aa E:\01.workspace\02.mcu\05.nokey_ch573\LIB\libCH57xBLE.a(gattservapp.o)
 .text.GATT_Notification
                0x0000000000008ef4       0x70 E:\01.workspace\02.mcu\05.nokey_ch573\LIB\libCH57xBLE.a(gattservapp.o)
                0x0000000000008ef4                GATT_Notification
 .text.GATT_VerifyWritePermissions
                0x0000000000008f64       0x6a E:\01.workspace\02.mcu\05.nokey_ch573\LIB\libCH57xBLE.a(gattservapp.o)
                0x0000000000008f64                GATT_VerifyWritePermissions
 .text.gattProcessWriteReq
                0x0000000000008fce       0x36 E:\01.workspace\02.mcu\05.nokey_ch573\LIB\libCH57xBLE.a(gattservapp.o)
 .text.GATT_VerifyPrepareWritePermissions
                0x0000000000009004       0x56 E:\01.workspace\02.mcu\05.nokey_ch573\LIB\libCH57xBLE.a(gattservapp.o)
                0x0000000000009004                GATT_VerifyPrepareWritePermissions
 .text.gattProcessPrepareWriteReq
                0x000000000000905a       0x36 E:\01.workspace\02.mcu\05.nokey_ch573\LIB\libCH57xBLE.a(gattservapp.o)
 .text.GATT_FindNextAttr
                0x0000000000009090       0xc2 E:\01.workspace\02.mcu\05.nokey_ch573\LIB\libCH57xBLE.a(gattservapp.o)
                0x0000000000009090                GATT_FindNextAttr
 .text.GATTServApp_ReadAttr
                0x0000000000009152      0x2e2 E:\01.workspace\02.mcu\05.nokey_ch573\LIB\libCH57xBLE.a(gattservapp.o)
                0x0000000000009152                GATTServApp_ReadAttr
 .text.gattServApp_ProcessReadMultiReq
                0x0000000000009434      0x16e E:\01.workspace\02.mcu\05.nokey_ch573\LIB\libCH57xBLE.a(gattservapp.o)
                0x0000000000009434                gattServApp_ProcessReadMultiReq
 .text.gattServApp_ProcessFindByTypeValueReq
                0x00000000000095a2      0x19c E:\01.workspace\02.mcu\05.nokey_ch573\LIB\libCH57xBLE.a(gattservapp.o)
                0x00000000000095a2                gattServApp_ProcessFindByTypeValueReq
 .text.GATT_VerifyReadPermissions
                0x000000000000973e       0x68 E:\01.workspace\02.mcu\05.nokey_ch573\LIB\libCH57xBLE.a(gattservapp.o)
                0x000000000000973e                GATT_VerifyReadPermissions
 .text.gattProcessReadMultiReq
                0x00000000000097a6       0xae E:\01.workspace\02.mcu\05.nokey_ch573\LIB\libCH57xBLE.a(gattservapp.o)
 .text.gattProcessReadReq
                0x0000000000009854       0x30 E:\01.workspace\02.mcu\05.nokey_ch573\LIB\libCH57xBLE.a(gattservapp.o)
 .text.gattServApp_ProcessReadByGrpTypeReq
                0x0000000000009884      0x21c E:\01.workspace\02.mcu\05.nokey_ch573\LIB\libCH57xBLE.a(gattservapp.o)
                0x0000000000009884                gattServApp_ProcessReadByGrpTypeReq
 .text.gattServApp_ProcessReadByTypeReq
                0x0000000000009aa0      0x1ae E:\01.workspace\02.mcu\05.nokey_ch573\LIB\libCH57xBLE.a(gattservapp.o)
                0x0000000000009aa0                gattServApp_ProcessReadByTypeReq
 .text.GATT_RegisterService
                0x0000000000009c4e       0xfc E:\01.workspace\02.mcu\05.nokey_ch573\LIB\libCH57xBLE.a(gattservapp.o)
                0x0000000000009c4e                GATT_RegisterService
 .text.GATTServApp_RegisterService
                0x0000000000009d4a       0x8a E:\01.workspace\02.mcu\05.nokey_ch573\LIB\libCH57xBLE.a(gattservapp.o)
                0x0000000000009d4a                GATTServApp_RegisterService
 .text.GATTServApp_AddService
                0x0000000000009dd4       0x2c E:\01.workspace\02.mcu\05.nokey_ch573\LIB\libCH57xBLE.a(gattservapp.o)
                0x0000000000009dd4                GATTServApp_AddService
 .text.GATTServApp_RegisterForMsg
                0x0000000000009e00        0x6 E:\01.workspace\02.mcu\05.nokey_ch573\LIB\libCH57xBLE.a(gattservapp.o)
                0x0000000000009e00                GATTServApp_RegisterForMsg
 .text.GATTServApp_InitCharCfg
                0x0000000000009e06       0x28 E:\01.workspace\02.mcu\05.nokey_ch573\LIB\libCH57xBLE.a(gattservapp.o)
                0x0000000000009e06                GATTServApp_InitCharCfg
 .text.gattServApp_HandleConnStatusCB
                0x0000000000009e2e       0x74 E:\01.workspace\02.mcu\05.nokey_ch573\LIB\libCH57xBLE.a(gattservapp.o)
                0x0000000000009e2e                gattServApp_HandleConnStatusCB
 .text.GATT_InitServer
                0x0000000000009ea2       0xf6 E:\01.workspace\02.mcu\05.nokey_ch573\LIB\libCH57xBLE.a(gattservapp.o)
                0x0000000000009ea2                GATT_InitServer
 .text.GATTServApp_Init
                0x0000000000009f98       0x34 E:\01.workspace\02.mcu\05.nokey_ch573\LIB\libCH57xBLE.a(gattservapp.o)
                0x0000000000009f98                GATTServApp_Init
 .text.GATTServApp_ProcessEvent
                0x0000000000009fcc      0x366 E:\01.workspace\02.mcu\05.nokey_ch573\LIB\libCH57xBLE.a(gattservapp.o)
                0x0000000000009fcc                GATTServApp_ProcessEvent
 .text.l2capAllocConnChannel
                0x000000000000a332       0xd8 E:\01.workspace\02.mcu\05.nokey_ch573\LIB\libCH57xBLE.a(l2cap.o)
                0x000000000000a332                l2capAllocConnChannel
 .text.l2capFindLocalCID
                0x000000000000a40a       0x2c E:\01.workspace\02.mcu\05.nokey_ch573\LIB\libCH57xBLE.a(l2cap.o)
                0x000000000000a40a                l2capFindLocalCID
 .text.l2capFindLocalId
                0x000000000000a436       0x30 E:\01.workspace\02.mcu\05.nokey_ch573\LIB\libCH57xBLE.a(l2cap.o)
                0x000000000000a436                l2capFindLocalId
 .text.l2capFindPsm
                0x000000000000a466       0x2c E:\01.workspace\02.mcu\05.nokey_ch573\LIB\libCH57xBLE.a(l2cap.o)
                0x000000000000a466                l2capFindPsm
 .text.l2capFindRemoteCID
                0x000000000000a492       0x3c E:\01.workspace\02.mcu\05.nokey_ch573\LIB\libCH57xBLE.a(l2cap.o)
                0x000000000000a492                l2capFindRemoteCID
 .text.l2capFreeChannel
                0x000000000000a4ce       0x4a E:\01.workspace\02.mcu\05.nokey_ch573\LIB\libCH57xBLE.a(l2cap.o)
                0x000000000000a4ce                l2capFreeChannel
 .text.l2capDisconnectChannel
                0x000000000000a518       0x28 E:\01.workspace\02.mcu\05.nokey_ch573\LIB\libCH57xBLE.a(l2cap.o)
                0x000000000000a518                l2capDisconnectChannel
 .text.l2capHandleTimerCB
                0x000000000000a540       0x2c E:\01.workspace\02.mcu\05.nokey_ch573\LIB\libCH57xBLE.a(l2cap.o)
                0x000000000000a540                l2capHandleTimerCB
 .text.l2capFreePendingPkt
                0x000000000000a56c       0x58 E:\01.workspace\02.mcu\05.nokey_ch573\LIB\libCH57xBLE.a(l2cap.o)
                0x000000000000a56c                l2capFreePendingPkt
 .text.l2capGetCoChannelInfo
                0x000000000000a5c4       0x7e E:\01.workspace\02.mcu\05.nokey_ch573\LIB\libCH57xBLE.a(l2cap.o)
                0x000000000000a5c4                l2capGetCoChannelInfo
 .text.l2capNumActiveChannnels
                0x000000000000a642       0x44 E:\01.workspace\02.mcu\05.nokey_ch573\LIB\libCH57xBLE.a(l2cap.o)
                0x000000000000a642                l2capNumActiveChannnels
 .text.l2capStartTimer
                0x000000000000a686       0x1a E:\01.workspace\02.mcu\05.nokey_ch573\LIB\libCH57xBLE.a(l2cap.o)
                0x000000000000a686                l2capStartTimer
 .text.l2capStopTimer
                0x000000000000a6a0       0x1e E:\01.workspace\02.mcu\05.nokey_ch573\LIB\libCH57xBLE.a(l2cap.o)
                0x000000000000a6a0                l2capStopTimer
 .text.l2capDisconnectAllChannels
                0x000000000000a6be       0xdc E:\01.workspace\02.mcu\05.nokey_ch573\LIB\libCH57xBLE.a(l2cap.o)
                0x000000000000a6be                l2capDisconnectAllChannels
 .text.l2capHandleConnStatusCB
                0x000000000000a79a       0x3c E:\01.workspace\02.mcu\05.nokey_ch573\LIB\libCH57xBLE.a(l2cap.o)
                0x000000000000a79a                l2capHandleConnStatusCB
 .text.l2capHandleRxError
                0x000000000000a7d6        0x6 E:\01.workspace\02.mcu\05.nokey_ch573\LIB\libCH57xBLE.a(l2cap.o)
                0x000000000000a7d6                l2capHandleRxError
 .text.L2CAP_GetMTU
                0x000000000000a7dc        0x6 E:\01.workspace\02.mcu\05.nokey_ch573\LIB\libCH57xBLE.a(l2cap.o)
                0x000000000000a7dc                L2CAP_GetMTU
 .text.L2CAP_HostNumCompletedPkts
                0x000000000000a7e2       0x28 E:\01.workspace\02.mcu\05.nokey_ch573\LIB\libCH57xBLE.a(l2cap.o)
                0x000000000000a7e2                L2CAP_HostNumCompletedPkts
 .text.L2CAP_ParseConnectReq
                0x000000000000a80a       0x5e E:\01.workspace\02.mcu\05.nokey_ch573\LIB\libCH57xBLE.a(l2cap.o)
                0x000000000000a80a                L2CAP_ParseConnectReq
 .text.L2CAP_ParseFlowCtrlCredit
                0x000000000000a868       0x2e E:\01.workspace\02.mcu\05.nokey_ch573\LIB\libCH57xBLE.a(l2cap.o)
                0x000000000000a868                L2CAP_ParseFlowCtrlCredit
 .text.L2CAP_RegisterApp
                0x000000000000a896       0x30 E:\01.workspace\02.mcu\05.nokey_ch573\LIB\libCH57xBLE.a(l2cap.o)
                0x000000000000a896                L2CAP_RegisterApp
 .text.L2CAP_SetBufSize
                0x000000000000a8c6       0x1e E:\01.workspace\02.mcu\05.nokey_ch573\LIB\libCH57xBLE.a(l2cap.o)
                0x000000000000a8c6                L2CAP_SetBufSize
 .text.L2CAP_bm_alloc
                0x000000000000a8e4       0x30 E:\01.workspace\02.mcu\05.nokey_ch573\LIB\libCH57xBLE.a(l2cap.o)
                0x000000000000a8e4                L2CAP_bm_alloc
 .text.L2CAP_Init
                0x000000000000a914      0x12e E:\01.workspace\02.mcu\05.nokey_ch573\LIB\libCH57xBLE.a(l2cap.o)
                0x000000000000a914                L2CAP_Init
 .text.L2CAP_ProcessEvent
                0x000000000000aa42       0xc8 E:\01.workspace\02.mcu\05.nokey_ch573\LIB\libCH57xBLE.a(l2cap.o)
                0x000000000000aa42                L2CAP_ProcessEvent
 .text.l2capParseCmdReject
                0x000000000000ab0a       0x5e E:\01.workspace\02.mcu\05.nokey_ch573\LIB\libCH57xBLE.a(l2cap_input.o)
                0x000000000000ab0a                l2capParseCmdReject
 .text.l2capParseDisconnectReq
                0x000000000000ab68       0x2e E:\01.workspace\02.mcu\05.nokey_ch573\LIB\libCH57xBLE.a(l2cap_input.o)
                0x000000000000ab68                l2capParseDisconnectReq
 .text.l2capParseDisconnectRsp
                0x000000000000ab96       0x2e E:\01.workspace\02.mcu\05.nokey_ch573\LIB\libCH57xBLE.a(l2cap_input.o)
                0x000000000000ab96                l2capParseDisconnectRsp
 .text.L2CAP_ParseParamUpdateReq
                0x000000000000abc4       0x4e E:\01.workspace\02.mcu\05.nokey_ch573\LIB\libCH57xBLE.a(l2cap_input.o)
                0x000000000000abc4                L2CAP_ParseParamUpdateReq
 .text.l2capParseParamUpdateRsp
                0x000000000000ac12       0x1e E:\01.workspace\02.mcu\05.nokey_ch573\LIB\libCH57xBLE.a(l2cap_input.o)
                0x000000000000ac12                l2capParseParamUpdateRsp
 .text.l2capProcessConnectReq
                0x000000000000ac30       0xfc E:\01.workspace\02.mcu\05.nokey_ch573\LIB\libCH57xBLE.a(l2cap_input.o)
                0x000000000000ac30                l2capProcessConnectReq
 .text.l2capParseConnectRsp
                0x000000000000ad2c       0x5e E:\01.workspace\02.mcu\05.nokey_ch573\LIB\libCH57xBLE.a(l2cap_input.o)
                0x000000000000ad2c                l2capParseConnectRsp
 .text.l2capParseSignalHdr
                0x000000000000ad8a       0x22 E:\01.workspace\02.mcu\05.nokey_ch573\LIB\libCH57xBLE.a(l2cap_input.o)
                0x000000000000ad8a                l2capParseSignalHdr
 .text.l2capParsePacket
                0x000000000000adac       0x8c E:\01.workspace\02.mcu\05.nokey_ch573\LIB\libCH57xBLE.a(l2cap_input.o)
                0x000000000000adac                l2capParsePacket
 .text.l2capProcessReq
                0x000000000000ae38      0x15a E:\01.workspace\02.mcu\05.nokey_ch573\LIB\libCH57xBLE.a(l2cap_input.o)
                0x000000000000ae38                l2capProcessReq
 .text.l2capProcessRsp
                0x000000000000af92      0x150 E:\01.workspace\02.mcu\05.nokey_ch573\LIB\libCH57xBLE.a(l2cap_input.o)
                0x000000000000af92                l2capProcessRsp
 .text.l2capProcessRxData
                0x000000000000b0e2       0xf8 E:\01.workspace\02.mcu\05.nokey_ch573\LIB\libCH57xBLE.a(l2cap_input.o)
                0x000000000000b0e2                l2capProcessRxData
 .text.l2capNotifyData
                0x000000000000b1da       0x5a E:\01.workspace\02.mcu\05.nokey_ch573\LIB\libCH57xBLE.a(l2cap_output.o)
                0x000000000000b1da                l2capNotifyData
 .text.l2capNotifySignal
                0x000000000000b234       0x76 E:\01.workspace\02.mcu\05.nokey_ch573\LIB\libCH57xBLE.a(l2cap_output.o)
                0x000000000000b234                l2capNotifySignal
 .text.l2capNotifyCreditEvt
                0x000000000000b2aa       0x9c E:\01.workspace\02.mcu\05.nokey_ch573\LIB\libCH57xBLE.a(l2cap_output.o)
                0x000000000000b2aa                l2capNotifyCreditEvt
 .text.l2capNotifyChannelEstEvt
                0x000000000000b346       0x58 E:\01.workspace\02.mcu\05.nokey_ch573\LIB\libCH57xBLE.a(l2cap_output.o)
                0x000000000000b346                l2capNotifyChannelEstEvt
 .text.l2capNotifyChannelTermEvt
                0x000000000000b39e       0x3e E:\01.workspace\02.mcu\05.nokey_ch573\LIB\libCH57xBLE.a(l2cap_output.o)
                0x000000000000b39e                l2capNotifyChannelTermEvt
 .text.l2capNotifyEvent
                0x000000000000b3dc       0x66 E:\01.workspace\02.mcu\05.nokey_ch573\LIB\libCH57xBLE.a(l2cap_output.o)
                0x000000000000b3dc                l2capNotifyEvent
 .text.l2capStoreFCPkt
                0x000000000000b442       0x32 E:\01.workspace\02.mcu\05.nokey_ch573\LIB\libCH57xBLE.a(l2cap_output.o)
                0x000000000000b442                l2capStoreFCPkt
 .text.l2capFreeTxSDU
                0x000000000000b474       0x9a E:\01.workspace\02.mcu\05.nokey_ch573\LIB\libCH57xBLE.a(l2cap_output.o)
                0x000000000000b474                l2capFreeTxSDU
 .text.l2capReassembleSegment
                0x000000000000b50e      0x174 E:\01.workspace\02.mcu\05.nokey_ch573\LIB\libCH57xBLE.a(l2cap_output.o)
                0x000000000000b50e                l2capReassembleSegment
 .text.l2capEncapSendData
                0x000000000000b682       0xec E:\01.workspace\02.mcu\05.nokey_ch573\LIB\libCH57xBLE.a(l2cap_output.o)
                0x000000000000b682                l2capEncapSendData
 .text.l2capSendFCPkt.part.3
                0x000000000000b76e       0x70 E:\01.workspace\02.mcu\05.nokey_ch573\LIB\libCH57xBLE.a(l2cap_output.o)
 .text.l2capSendSegment
                0x000000000000b7de      0x108 E:\01.workspace\02.mcu\05.nokey_ch573\LIB\libCH57xBLE.a(l2cap_output.o)
                0x000000000000b7de                l2capSendSegment
 .text.l2capSendNextSegment
                0x000000000000b8e6       0xb4 E:\01.workspace\02.mcu\05.nokey_ch573\LIB\libCH57xBLE.a(l2cap_output.o)
                0x000000000000b8e6                l2capSendNextSegment
 .text.l2capSendPkt
                0x000000000000b99a       0x3a E:\01.workspace\02.mcu\05.nokey_ch573\LIB\libCH57xBLE.a(l2cap_output.o)
                0x000000000000b99a                l2capSendPkt
 .text.L2CAP_SendData
                0x000000000000b9d4       0x82 E:\01.workspace\02.mcu\05.nokey_ch573\LIB\libCH57xBLE.a(l2cap_output.o)
                0x000000000000b9d4                L2CAP_SendData
 .text.l2capSendCmd
                0x000000000000ba56       0x8a E:\01.workspace\02.mcu\05.nokey_ch573\LIB\libCH57xBLE.a(l2cap_output.o)
                0x000000000000ba56                l2capSendCmd
 .text.l2capSendReq
                0x000000000000bae0       0xbc E:\01.workspace\02.mcu\05.nokey_ch573\LIB\libCH57xBLE.a(l2cap_output.o)
                0x000000000000bae0                l2capSendReq
 .text.l2capBuildDisconnectReq
                0x000000000000bb9c       0x28 E:\01.workspace\02.mcu\05.nokey_ch573\LIB\libCH57xBLE.a(l2cap_sdu.o)
 .text.l2capBuildParamUpdateReq
                0x000000000000bbc4       0x4c E:\01.workspace\02.mcu\05.nokey_ch573\LIB\libCH57xBLE.a(l2cap_sdu.o)
 .text.l2capBuildParamUpdateRsp
                0x000000000000bc10       0x16 E:\01.workspace\02.mcu\05.nokey_ch573\LIB\libCH57xBLE.a(l2cap_sdu.o)
 .text.l2capBuildConnectRsp
                0x000000000000bc26       0x5e E:\01.workspace\02.mcu\05.nokey_ch573\LIB\libCH57xBLE.a(l2cap_sdu.o)
 .text.l2capBuildCmdReject
                0x000000000000bc84       0x62 E:\01.workspace\02.mcu\05.nokey_ch573\LIB\libCH57xBLE.a(l2cap_sdu.o)
                0x000000000000bc84                l2capBuildCmdReject
 .text.l2capBuildDisconnectRsp
                0x000000000000bce6       0x28 E:\01.workspace\02.mcu\05.nokey_ch573\LIB\libCH57xBLE.a(l2cap_sdu.o)
                0x000000000000bce6                l2capBuildDisconnectRsp
 .text.l2capSendConnectRsp
                0x000000000000bd0e       0xa2 E:\01.workspace\02.mcu\05.nokey_ch573\LIB\libCH57xBLE.a(l2cap_sdu.o)
                0x000000000000bd0e                l2capSendConnectRsp
 .text.L2CAP_CmdReject
                0x000000000000bdb0       0x12 E:\01.workspace\02.mcu\05.nokey_ch573\LIB\libCH57xBLE.a(l2cap_sdu.o)
                0x000000000000bdb0                L2CAP_CmdReject
 .text.L2CAP_DisconnectReq
                0x000000000000bdc2       0x2a E:\01.workspace\02.mcu\05.nokey_ch573\LIB\libCH57xBLE.a(l2cap_sdu.o)
                0x000000000000bdc2                L2CAP_DisconnectReq
 .text.L2CAP_ConnParamUpdateReq
                0x000000000000bdec       0x16 E:\01.workspace\02.mcu\05.nokey_ch573\LIB\libCH57xBLE.a(l2cap_sdu.o)
                0x000000000000bdec                L2CAP_ConnParamUpdateReq
 .text.L2CAP_ConnParamUpdateRsp
                0x000000000000be02       0x12 E:\01.workspace\02.mcu\05.nokey_ch573\LIB\libCH57xBLE.a(l2cap_sdu.o)
                0x000000000000be02                L2CAP_ConnParamUpdateRsp
 .text.reportStatusChange
                0x000000000000be14       0x3e E:\01.workspace\02.mcu\05.nokey_ch573\LIB\libCH57xBLE.a(linkdb.o)
 .text.linkDB_Init
                0x000000000000be52       0x88 E:\01.workspace\02.mcu\05.nokey_ch573\LIB\libCH57xBLE.a(linkdb.o)
                0x000000000000be52                linkDB_Init
 .text.linkDB_Find
                0x000000000000beda       0x2c E:\01.workspace\02.mcu\05.nokey_ch573\LIB\libCH57xBLE.a(linkdb.o)
                0x000000000000beda                linkDB_Find
 .text.linkDB_Authen
                0x000000000000bf06       0x5c E:\01.workspace\02.mcu\05.nokey_ch573\LIB\libCH57xBLE.a(linkdb.o)
                0x000000000000bf06                linkDB_Authen
 .text.linkDB_FindByAddr
                0x000000000000bf62       0x76 E:\01.workspace\02.mcu\05.nokey_ch573\LIB\libCH57xBLE.a(linkdb.o)
                0x000000000000bf62                linkDB_FindByAddr
 .text.linkDB_FindFirst
                0x000000000000bfd8       0x38 E:\01.workspace\02.mcu\05.nokey_ch573\LIB\libCH57xBLE.a(linkdb.o)
                0x000000000000bfd8                linkDB_FindFirst
 .text.linkDB_MTU
                0x000000000000c010       0x18 E:\01.workspace\02.mcu\05.nokey_ch573\LIB\libCH57xBLE.a(linkdb.o)
                0x000000000000c010                linkDB_MTU
 .text.linkDB_NumActive
                0x000000000000c028       0x2e E:\01.workspace\02.mcu\05.nokey_ch573\LIB\libCH57xBLE.a(linkdb.o)
                0x000000000000c028                linkDB_NumActive
 .text.linkDB_NumConns
                0x000000000000c056        0x6 E:\01.workspace\02.mcu\05.nokey_ch573\LIB\libCH57xBLE.a(linkdb.o)
                0x000000000000c056                linkDB_NumConns
 .text.linkDB_Register
                0x000000000000c05c       0x28 E:\01.workspace\02.mcu\05.nokey_ch573\LIB\libCH57xBLE.a(linkdb.o)
                0x000000000000c05c                linkDB_Register
 .text.linkDB_Remove
                0x000000000000c084       0x48 E:\01.workspace\02.mcu\05.nokey_ch573\LIB\libCH57xBLE.a(linkdb.o)
                0x000000000000c084                linkDB_Remove
 .text.linkDB_Role
                0x000000000000c0cc       0x18 E:\01.workspace\02.mcu\05.nokey_ch573\LIB\libCH57xBLE.a(linkdb.o)
                0x000000000000c0cc                linkDB_Role
 .text.linkDB_State
                0x000000000000c0e4       0x30 E:\01.workspace\02.mcu\05.nokey_ch573\LIB\libCH57xBLE.a(linkdb.o)
                0x000000000000c0e4                linkDB_State
 .text.linkDB_UpdateMTU
                0x000000000000c114       0x28 E:\01.workspace\02.mcu\05.nokey_ch573\LIB\libCH57xBLE.a(linkdb.o)
                0x000000000000c114                linkDB_UpdateMTU
 .text.linkDB_PerformFunc
                0x000000000000c13c       0x52 E:\01.workspace\02.mcu\05.nokey_ch573\LIB\libCH57xBLE.a(linkdb.o)
                0x000000000000c13c                linkDB_PerformFunc
 .text.linkDB_PeripheralLinkNum
                0x000000000000c18e       0x3e E:\01.workspace\02.mcu\05.nokey_ch573\LIB\libCH57xBLE.a(linkdb.o)
                0x000000000000c18e                linkDB_PeripheralLinkNum
 .text.linkDB_GetSMEvtID
                0x000000000000c1cc       0x58 E:\01.workspace\02.mcu\05.nokey_ch573\LIB\libCH57xBLE.a(linkdb.o)
                0x000000000000c1cc                linkDB_GetSMEvtID
 .text.linkDB_Add
                0x000000000000c224       0xb2 E:\01.workspace\02.mcu\05.nokey_ch573\LIB\libCH57xBLE.a(linkdb.o)
                0x000000000000c224                linkDB_Add
 .text.linkDB_GetHandleFromSMEvtID
                0x000000000000c2d6       0x32 E:\01.workspace\02.mcu\05.nokey_ch573\LIB\libCH57xBLE.a(linkdb.o)
                0x000000000000c2d6                linkDB_GetHandleFromSMEvtID
 .text.linkDB_GetPairingParam
                0x000000000000c308       0x54 E:\01.workspace\02.mcu\05.nokey_ch573\LIB\libCH57xBLE.a(linkdb.o)
                0x000000000000c308                linkDB_GetPairingParam
 .text.linkDB_NeedSendKey
                0x000000000000c35c       0x42 E:\01.workspace\02.mcu\05.nokey_ch573\LIB\libCH57xBLE.a(linkdb.o)
                0x000000000000c35c                linkDB_NeedSendKey
 .text.smpBuildPairingFailed
                0x000000000000c39e       0x1a E:\01.workspace\02.mcu\05.nokey_ch573\LIB\libCH57xBLE.a(sm.o)
                0x000000000000c39e                smpBuildPairingFailed
 .text.SM_StartEncryption
                0x000000000000c3b8       0x98 E:\01.workspace\02.mcu\05.nokey_ch573\LIB\libCH57xBLE.a(sm.o)
                0x000000000000c3b8                SM_StartEncryption
 .text.smpBuildEncInfo
                0x000000000000c450       0x30 E:\01.workspace\02.mcu\05.nokey_ch573\LIB\libCH57xBLE.a(sm.o)
                0x000000000000c450                smpBuildEncInfo
 .text.smpBuildIdentityAddrInfo
                0x000000000000c480       0x3a E:\01.workspace\02.mcu\05.nokey_ch573\LIB\libCH57xBLE.a(sm.o)
                0x000000000000c480                smpBuildIdentityAddrInfo
 .text.smpBuildIdentityInfo
                0x000000000000c4ba       0x30 E:\01.workspace\02.mcu\05.nokey_ch573\LIB\libCH57xBLE.a(sm.o)
                0x000000000000c4ba                smpBuildIdentityInfo
 .text.smpBuildMasterID
                0x000000000000c4ea       0x44 E:\01.workspace\02.mcu\05.nokey_ch573\LIB\libCH57xBLE.a(sm.o)
                0x000000000000c4ea                smpBuildMasterID
 .text.smpBuildPairingConfirm
                0x000000000000c52e       0x30 E:\01.workspace\02.mcu\05.nokey_ch573\LIB\libCH57xBLE.a(sm.o)
                0x000000000000c52e                smpBuildPairingConfirm
 .text.smpBuildPairingRandom
                0x000000000000c55e       0x30 E:\01.workspace\02.mcu\05.nokey_ch573\LIB\libCH57xBLE.a(sm.o)
                0x000000000000c55e                smpBuildPairingRandom
 .text.smpBuildSigningInfo
                0x000000000000c58e       0x30 E:\01.workspace\02.mcu\05.nokey_ch573\LIB\libCH57xBLE.a(sm.o)
                0x000000000000c58e                smpBuildSigningInfo
 .text.SM_ParamInit
                0x000000000000c5be       0x5a E:\01.workspace\02.mcu\05.nokey_ch573\LIB\libCH57xBLE.a(sm.o)
                0x000000000000c5be                SM_ParamInit
 .text.smDetermineKeySize
                0x000000000000c618       0x20 E:\01.workspace\02.mcu\05.nokey_ch573\LIB\libCH57xBLE.a(sm.o)
                0x000000000000c618                smDetermineKeySize
 .text.smProcessRandComplete
                0x000000000000c638       0x9e E:\01.workspace\02.mcu\05.nokey_ch573\LIB\libCH57xBLE.a(sm.o)
                0x000000000000c638                smProcessRandComplete
 .text.smSavePairInfo
                0x000000000000c6d6      0x186 E:\01.workspace\02.mcu\05.nokey_ch573\LIB\libCH57xBLE.a(sm.o)
                0x000000000000c6d6                smSavePairInfo
 .text.smSetPairingReqRsp
                0x000000000000c85c       0x38 E:\01.workspace\02.mcu\05.nokey_ch573\LIB\libCH57xBLE.a(sm.o)
                0x000000000000c85c                smSetPairingReqRsp
 .text.smStartEncryption
                0x000000000000c894       0x16 E:\01.workspace\02.mcu\05.nokey_ch573\LIB\libCH57xBLE.a(sm.o)
                0x000000000000c894                smStartEncryption
 .text.smStartRspTimer
                0x000000000000c8aa       0x36 E:\01.workspace\02.mcu\05.nokey_ch573\LIB\libCH57xBLE.a(sm.o)
                0x000000000000c8aa                smStartRspTimer
 .text.smSendSMMsg
                0x000000000000c8e0       0x5c E:\01.workspace\02.mcu\05.nokey_ch573\LIB\libCH57xBLE.a(sm.o)
                0x000000000000c8e0                smSendSMMsg
 .text.smGenerateConfirm
                0x000000000000c93c       0x34 E:\01.workspace\02.mcu\05.nokey_ch573\LIB\libCH57xBLE.a(sm.o)
                0x000000000000c93c                smGenerateConfirm
 .text.smGenerateRandMsg
                0x000000000000c970       0x34 E:\01.workspace\02.mcu\05.nokey_ch573\LIB\libCH57xBLE.a(sm.o)
                0x000000000000c970                smGenerateRandMsg
 .text.smPairingSendEncInfo
                0x000000000000c9a4       0x10 E:\01.workspace\02.mcu\05.nokey_ch573\LIB\libCH57xBLE.a(sm.o)
                0x000000000000c9a4                smPairingSendEncInfo
 .text.smPairingSendIdentityAddrInfo
                0x000000000000c9b4       0x38 E:\01.workspace\02.mcu\05.nokey_ch573\LIB\libCH57xBLE.a(sm.o)
                0x000000000000c9b4                smPairingSendIdentityAddrInfo
 .text.smPairingSendIdentityInfo
                0x000000000000c9ec       0x10 E:\01.workspace\02.mcu\05.nokey_ch573\LIB\libCH57xBLE.a(sm.o)
                0x000000000000c9ec                smPairingSendIdentityInfo
 .text.smPairingSendMasterID
                0x000000000000c9fc       0x38 E:\01.workspace\02.mcu\05.nokey_ch573\LIB\libCH57xBLE.a(sm.o)
                0x000000000000c9fc                smPairingSendMasterID
 .text.smPairingSendSingingInfo
                0x000000000000ca34       0x10 E:\01.workspace\02.mcu\05.nokey_ch573\LIB\libCH57xBLE.a(sm.o)
                0x000000000000ca34                smPairingSendSingingInfo
 .text.smInitiatorSendNextKeyInfo
                0x000000000000ca44      0x1c2 E:\01.workspace\02.mcu\05.nokey_ch573\LIB\libCH57xBLE.a(sm.o)
                0x000000000000ca44                smInitiatorSendNextKeyInfo
 .text.smResponderSendNextKeyInfo
                0x000000000000cc06      0x216 E:\01.workspace\02.mcu\05.nokey_ch573\LIB\libCH57xBLE.a(sm.o)
                0x000000000000cc06                smResponderSendNextKeyInfo
 .text.smGeneratePairingReqRsp
                0x000000000000ce1c       0x3e E:\01.workspace\02.mcu\05.nokey_ch573\LIB\libCH57xBLE.a(sm.o)
                0x000000000000ce1c                smGeneratePairingReqRsp
 .text.smStopRspTimer
                0x000000000000ce5a        0xa E:\01.workspace\02.mcu\05.nokey_ch573\LIB\libCH57xBLE.a(sm.o)
                0x000000000000ce5a                smStopRspTimer
 .text.smFreePairingParams
                0x000000000000ce64       0x68 E:\01.workspace\02.mcu\05.nokey_ch573\LIB\libCH57xBLE.a(sm.o)
                0x000000000000ce64                smFreePairingParams
 .text.smEndPairing
                0x000000000000cecc       0x5c E:\01.workspace\02.mcu\05.nokey_ch573\LIB\libCH57xBLE.a(sm.o)
                0x000000000000cecc                smEndPairing
 .text.setupInitiatorKeys
                0x000000000000cf28       0x82 E:\01.workspace\02.mcu\05.nokey_ch573\LIB\libCH57xBLE.a(sm.o)
                0x000000000000cf28                setupInitiatorKeys
 .text.smNextPairingState
                0x000000000000cfaa       0x56 E:\01.workspace\02.mcu\05.nokey_ch573\LIB\libCH57xBLE.a(sm.o)
                0x000000000000cfaa                smNextPairingState
 .text.smProcessEncryptChange
                0x000000000000d000       0xde E:\01.workspace\02.mcu\05.nokey_ch573\LIB\libCH57xBLE.a(sm.o)
                0x000000000000d000                smProcessEncryptChange
 .text.smSendFailAndEnd
                0x000000000000d0de       0x38 E:\01.workspace\02.mcu\05.nokey_ch573\LIB\libCH57xBLE.a(sm.o)
                0x000000000000d0de                smSendFailAndEnd
 .text.smProcessPairingReq
                0x000000000000d116       0x3c E:\01.workspace\02.mcu\05.nokey_ch573\LIB\libCH57xBLE.a(sm.o)
                0x000000000000d116                smProcessPairingReq
 .text.smLinkCheck
                0x000000000000d152       0x34 E:\01.workspace\02.mcu\05.nokey_ch573\LIB\libCH57xBLE.a(sm.o)
                0x000000000000d152                smLinkCheck
 .text.smTimedOut
                0x000000000000d186       0x20 E:\01.workspace\02.mcu\05.nokey_ch573\LIB\libCH57xBLE.a(sm.o)
                0x000000000000d186                smTimedOut
 .text.smUint8ToAuthReq
                0x000000000000d1a6        0x6 E:\01.workspace\02.mcu\05.nokey_ch573\LIB\libCH57xBLE.a(sm.o)
                0x000000000000d1a6                smUint8ToAuthReq
 .text.sm_ah    0x000000000000d1ac       0x80 E:\01.workspace\02.mcu\05.nokey_ch573\LIB\libCH57xBLE.a(sm.o)
                0x000000000000d1ac                sm_ah
 .text.sm_xor   0x000000000000d22c       0x24 E:\01.workspace\02.mcu\05.nokey_ch573\LIB\libCH57xBLE.a(sm.o)
                0x000000000000d22c                sm_xor
 .text.sm_c1new
                0x000000000000d250      0x11c E:\01.workspace\02.mcu\05.nokey_ch573\LIB\libCH57xBLE.a(sm.o)
                0x000000000000d250                sm_c1new
 .text.sm_s1    0x000000000000d36c       0x86 E:\01.workspace\02.mcu\05.nokey_ch573\LIB\libCH57xBLE.a(sm.o)
                0x000000000000d36c                sm_s1
 .text.smResponderProcessLTKReq
                0x000000000000d3f2      0x1e6 E:\01.workspace\02.mcu\05.nokey_ch573\LIB\libCH57xBLE.a(sm.o)
                0x000000000000d3f2                smResponderProcessLTKReq
 .text.xor_128  0x000000000000d5d8       0x28 E:\01.workspace\02.mcu\05.nokey_ch573\LIB\libCH57xBLE.a(sm.o)
                0x000000000000d5d8                xor_128
 .text.leftshift_onebit
                0x000000000000d600       0x2e E:\01.workspace\02.mcu\05.nokey_ch573\LIB\libCH57xBLE.a(sm.o)
                0x000000000000d600                leftshift_onebit
 .text.padding  0x000000000000d62e       0x38 E:\01.workspace\02.mcu\05.nokey_ch573\LIB\libCH57xBLE.a(sm.o)
                0x000000000000d62e                padding
 .text.generate_subkey
                0x000000000000d666       0xd0 E:\01.workspace\02.mcu\05.nokey_ch573\LIB\libCH57xBLE.a(sm.o)
                0x000000000000d666                generate_subkey
 .text.sm_CMAC  0x000000000000d736      0x16e E:\01.workspace\02.mcu\05.nokey_ch573\LIB\libCH57xBLE.a(sm.o)
                0x000000000000d736                sm_CMAC
 .text.smpBuildPairingReqRsp
                0x000000000000d8a4       0xc6 E:\01.workspace\02.mcu\05.nokey_ch573\LIB\libCH57xBLE.a(sm.o)
                0x000000000000d8a4                smpBuildPairingReqRsp
 .text.smpBuildPairingReq
                0x000000000000d96a        0xa E:\01.workspace\02.mcu\05.nokey_ch573\LIB\libCH57xBLE.a(sm.o)
                0x000000000000d96a                smpBuildPairingReq
 .text.smpBuildPairingRsp
                0x000000000000d974        0xa E:\01.workspace\02.mcu\05.nokey_ch573\LIB\libCH57xBLE.a(sm.o)
                0x000000000000d974                smpBuildPairingRsp
 .text.sm_c1    0x000000000000d97e       0xb4 E:\01.workspace\02.mcu\05.nokey_ch573\LIB\libCH57xBLE.a(sm.o)
                0x000000000000d97e                sm_c1
 .text.smpBuildSecurityReq
                0x000000000000da32       0x1a E:\01.workspace\02.mcu\05.nokey_ch573\LIB\libCH57xBLE.a(sm.o)
                0x000000000000da32                smpBuildSecurityReq
 .text.smpInitiatorProcessPairingRsp
                0x000000000000da4c      0x116 E:\01.workspace\02.mcu\05.nokey_ch573\LIB\libCH57xBLE.a(sm.o)
                0x000000000000da4c                smpInitiatorProcessPairingRsp
 .text.smpInitiatorProcessIncoming
                0x000000000000db62      0x23e E:\01.workspace\02.mcu\05.nokey_ch573\LIB\libCH57xBLE.a(sm.o)
                0x000000000000db62                smpInitiatorProcessIncoming
 .text.smpParseEncInfo
                0x000000000000dda0       0x2a E:\01.workspace\02.mcu\05.nokey_ch573\LIB\libCH57xBLE.a(sm.o)
                0x000000000000dda0                smpParseEncInfo
 .text.smpParseIdentityAddrInfo
                0x000000000000ddca       0x34 E:\01.workspace\02.mcu\05.nokey_ch573\LIB\libCH57xBLE.a(sm.o)
                0x000000000000ddca                smpParseIdentityAddrInfo
 .text.smpParseIdentityInfo
                0x000000000000ddfe       0x2a E:\01.workspace\02.mcu\05.nokey_ch573\LIB\libCH57xBLE.a(sm.o)
                0x000000000000ddfe                smpParseIdentityInfo
 .text.smpParseMasterID
                0x000000000000de28       0x3c E:\01.workspace\02.mcu\05.nokey_ch573\LIB\libCH57xBLE.a(sm.o)
                0x000000000000de28                smpParseMasterID
 .text.smpParsePairingConfirm
                0x000000000000de64       0x2a E:\01.workspace\02.mcu\05.nokey_ch573\LIB\libCH57xBLE.a(sm.o)
                0x000000000000de64                smpParsePairingConfirm
 .text.smpParsePairingFailed
                0x000000000000de8e       0x22 E:\01.workspace\02.mcu\05.nokey_ch573\LIB\libCH57xBLE.a(sm.o)
                0x000000000000de8e                smpParsePairingFailed
 .text.smpParsePairingRandom
                0x000000000000deb0       0x2a E:\01.workspace\02.mcu\05.nokey_ch573\LIB\libCH57xBLE.a(sm.o)
                0x000000000000deb0                smpParsePairingRandom
 .text.smpParsePairingReq
                0x000000000000deda      0x118 E:\01.workspace\02.mcu\05.nokey_ch573\LIB\libCH57xBLE.a(sm.o)
                0x000000000000deda                smpParsePairingReq
 .text.smpParseSigningInfo
                0x000000000000dff2       0x2a E:\01.workspace\02.mcu\05.nokey_ch573\LIB\libCH57xBLE.a(sm.o)
                0x000000000000dff2                smpParseSigningInfo